gemmini_extended_config_ex(WS, 0, 0, 1, 0, 0);
gemmini_extended_config_st(256, 0, ACC_SCALE_IDENTITY);
gemmini_extended3_config_ld(64, MVIN_SCALE_IDENTITY, 0, 0);
gemmini_extended3_config_ld(256, MVIN_SCALE_IDENTITY, 0, 1);
gemmini_extended3_config_ld(1024, MVIN_SCALE_IDENTITY, 0, 2);
gemmini_extended_mvin(A + 0x0, 0x0, 64, 16);
gemmini_extended_mvin2(B + 0x0, 0x3c00, 64, 16);
gemmini_extended_preload(0x3c00, 0x80000000, 16, 16, 16, 16);
gemmini_extended_compute_preloaded(0x0, 0xffffffff, 16, 16, 16, 16);
gemmini_extended_preload(0x3c10, 0x80000010, 16, 16, 16, 16);
gemmini_extended_compute_preloaded(0x0, 0xffffffff, 16, 16, 16, 16);
gemmini_extended_preload(0x3c20, 0x80000020, 16, 16, 16, 16);
gemmini_extended_compute_preloaded(0x0, 0xffffffff, 16, 16, 16, 16);
gemmini_extended_preload(0x3c30, 0x80000030, 16, 16, 16, 16);
gemmini_extended_compute_preloaded(0x0, 0xffffffff, 16, 16, 16, 16);
gemmini_extended_mvin2(B + 0x40, 0x3c40, 64, 16);
gemmini_extended_preload(0x3c40, 0x80000040, 16, 16, 16, 16);
gemmini_extended_compute_preloaded(0x0, 0xffffffff, 16, 16, 16, 16);
gemmini_extended_preload(0x3c50, 0x80000050, 16, 16, 16, 16);
gemmini_extended_compute_preloaded(0x0, 0xffffffff, 16, 16, 16, 16);
gemmini_extended_preload(0x3c60, 0x80000060, 16, 16, 16, 16);
gemmini_extended_compute_preloaded(0x0, 0xffffffff, 16, 16, 16, 16);
gemmini_extended_preload(0x3c70, 0x80000070, 16, 16, 16, 16);
gemmini_extended_compute_preloaded(0x0, 0xffffffff, 16, 16, 16, 16);
gemmini_extended_mvin2(B + 0x80, 0x3c80, 64, 16);
gemmini_extended_preload(0x3c80, 0x80000080, 16, 16, 16, 16);
gemmini_extended_compute_preloaded(0x0, 0xffffffff, 16, 16, 16, 16);
gemmini_extended_preload(0x3c90, 0x80000090, 16, 16, 16, 16);
gemmini_extended_compute_preloaded(0x0, 0xffffffff, 16, 16, 16, 16);
gemmini_extended_preload(0x3ca0, 0x800000a0, 16, 16, 16, 16);
gemmini_extended_compute_preloaded(0x0, 0xffffffff, 16, 16, 16, 16);
gemmini_extended_preload(0x3cb0, 0x800000b0, 16, 16, 16, 16);
gemmini_extended_compute_preloaded(0x0, 0xffffffff, 16, 16, 16, 16);
gemmini_extended_mvin2(B + 0xc0, 0x3cc0, 64, 16);
gemmini_extended_preload(0x3cc0, 0x800000c0, 16, 16, 16, 16);
gemmini_extended_compute_preloaded(0x0, 0xffffffff, 16, 16, 16, 16);
gemmini_extended_preload(0x3cd0, 0x800000d0, 16, 16, 16, 16);
gemmini_extended_compute_preloaded(0x0, 0xffffffff, 16, 16, 16, 16);
gemmini_extended_preload(0x3ce0, 0x800000e0, 16, 16, 16, 16);
gemmini_extended_compute_preloaded(0x0, 0xffffffff, 16, 16, 16, 16);
gemmini_extended_preload(0x3cf0, 0x800000f0, 16, 16, 16, 16);
gemmini_extended_compute_preloaded(0x0, 0xffffffff, 16, 16, 16, 16);
gemmini_extended_mvin2(B + 0x1000, 0x3d00, 64, 16);
gemmini_extended_preload(0x3d00, 0xc0000000, 16, 16, 16, 16);
gemmini_extended_compute_preloaded(0x10, 0xffffffff, 16, 16, 16, 16);
gemmini_extended_preload(0x3d10, 0xc0000010, 16, 16, 16, 16);
gemmini_extended_compute_preloaded(0x10, 0xffffffff, 16, 16, 16, 16);
gemmini_extended_preload(0x3d20, 0xc0000020, 16, 16, 16, 16);
gemmini_extended_compute_preloaded(0x10, 0xffffffff, 16, 16, 16, 16);
gemmini_extended_preload(0x3d30, 0xc0000030, 16, 16, 16, 16);
gemmini_extended_compute_preloaded(0x10, 0xffffffff, 16, 16, 16, 16);
gemmini_extended_mvin2(B + 0x1040, 0x3d40, 64, 16);
gemmini_extended_preload(0x3d40, 0xc0000040, 16, 16, 16, 16);
gemmini_extended_compute_preloaded(0x10, 0xffffffff, 16, 16, 16, 16);
gemmini_extended_preload(0x3d50, 0xc0000050, 16, 16, 16, 16);
gemmini_extended_compute_preloaded(0x10, 0xffffffff, 16, 16, 16, 16);
gemmini_extended_preload(0x3d60, 0xc0000060, 16, 16, 16, 16);
gemmini_extended_compute_preloaded(0x10, 0xffffffff, 16, 16, 16, 16);
gemmini_extended_preload(0x3d70, 0xc0000070, 16, 16, 16, 16);
gemmini_extended_compute_preloaded(0x10, 0xffffffff, 16, 16, 16, 16);
gemmini_extended_mvin2(B + 0x1080, 0x3d80, 64, 16);
gemmini_extended_preload(0x3d80, 0xc0000080, 16, 16, 16, 16);
gemmini_extended_compute_preloaded(0x10, 0xffffffff, 16, 16, 16, 16);
gemmini_extended_preload(0x3d90, 0xc0000090, 16, 16, 16, 16);
gemmini_extended_compute_preloaded(0x10, 0xffffffff, 16, 16, 16, 16);
gemmini_extended_preload(0x3da0, 0xc00000a0, 16, 16, 16, 16);
gemmini_extended_compute_preloaded(0x10, 0xffffffff, 16, 16, 16, 16);
gemmini_extended_preload(0x3db0, 0xc00000b0, 16, 16, 16, 16);
gemmini_extended_compute_preloaded(0x10, 0xffffffff, 16, 16, 16, 16);
gemmini_extended_mvin2(B + 0x10c0, 0x3dc0, 64, 16);
gemmini_extended_preload(0x3dc0, 0xc00000c0, 16, 16, 16, 16);
gemmini_extended_compute_preloaded(0x10, 0xffffffff, 16, 16, 16, 16);
gemmini_extended_preload(0x3dd0, 0xc00000d0, 16, 16, 16, 16);
gemmini_extended_compute_preloaded(0x10, 0xffffffff, 16, 16, 16, 16);
gemmini_extended_preload(0x3de0, 0xc00000e0, 16, 16, 16, 16);
gemmini_extended_compute_preloaded(0x10, 0xffffffff, 16, 16, 16, 16);
gemmini_extended_preload(0x3df0, 0xc00000f0, 16, 16, 16, 16);
gemmini_extended_compute_preloaded(0x10, 0xffffffff, 16, 16, 16, 16);
gemmini_extended_mvin2(B + 0x2000, 0x3e00, 64, 16);
gemmini_extended_preload(0x3e00, 0xc0000000, 16, 16, 16, 16);
gemmini_extended_compute_preloaded(0x20, 0xffffffff, 16, 16, 16, 16);
gemmini_extended_preload(0x3e10, 0xc0000010, 16, 16, 16, 16);
gemmini_extended_compute_preloaded(0x20, 0xffffffff, 16, 16, 16, 16);
gemmini_extended_preload(0x3e20, 0xc0000020, 16, 16, 16, 16);
gemmini_extended_compute_preloaded(0x20, 0xffffffff, 16, 16, 16, 16);
gemmini_extended_preload(0x3e30, 0xc0000030, 16, 16, 16, 16);
gemmini_extended_compute_preloaded(0x20, 0xffffffff, 16, 16, 16, 16);
gemmini_extended_mvin2(B + 0x2040, 0x3e40, 64, 16);
gemmini_extended_preload(0x3e40, 0xc0000040, 16, 16, 16, 16);
gemmini_extended_compute_preloaded(0x20, 0xffffffff, 16, 16, 16, 16);
gemmini_extended_preload(0x3e50, 0xc0000050, 16, 16, 16, 16);
gemmini_extended_compute_preloaded(0x20, 0xffffffff, 16, 16, 16, 16);
gemmini_extended_preload(0x3e60, 0xc0000060, 16, 16, 16, 16);
gemmini_extended_compute_preloaded(0x20, 0xffffffff, 16, 16, 16, 16);
gemmini_extended_preload(0x3e70, 0xc0000070, 16, 16, 16, 16);
gemmini_extended_compute_preloaded(0x20, 0xffffffff, 16, 16, 16, 16);
gemmini_extended_mvin2(B + 0x2080, 0x3e80, 64, 16);
gemmini_extended_preload(0x3e80, 0xc0000080, 16, 16, 16, 16);
gemmini_extended_compute_preloaded(0x20, 0xffffffff, 16, 16, 16, 16);
gemmini_extended_preload(0x3e90, 0xc0000090, 16, 16, 16, 16);
gemmini_extended_compute_preloaded(0x20, 0xffffffff, 16, 16, 16, 16);
gemmini_extended_preload(0x3ea0, 0xc00000a0, 16, 16, 16, 16);
gemmini_extended_compute_preloaded(0x20, 0xffffffff, 16, 16, 16, 16);
gemmini_extended_preload(0x3eb0, 0xc00000b0, 16, 16, 16, 16);
gemmini_extended_compute_preloaded(0x20, 0xffffffff, 16, 16, 16, 16);
gemmini_extended_mvin2(B + 0x20c0, 0x3ec0, 64, 16);
gemmini_extended_preload(0x3ec0, 0xc00000c0, 16, 16, 16, 16);
gemmini_extended_compute_preloaded(0x20, 0xffffffff, 16, 16, 16, 16);
gemmini_extended_preload(0x3ed0, 0xc00000d0, 16, 16, 16, 16);
gemmini_extended_compute_preloaded(0x20, 0xffffffff, 16, 16, 16, 16);
gemmini_extended_preload(0x3ee0, 0xc00000e0, 16, 16, 16, 16);
gemmini_extended_compute_preloaded(0x20, 0xffffffff, 16, 16, 16, 16);
gemmini_extended_preload(0x3ef0, 0xc00000f0, 16, 16, 16, 16);
gemmini_extended_compute_preloaded(0x20, 0xffffffff, 16, 16, 16, 16);
gemmini_extended_mvin2(B + 0x3000, 0x3f00, 64, 16);
gemmini_extended_preload(0x3f00, 0xc0000000, 16, 16, 16, 16);
gemmini_extended_compute_preloaded(0x30, 0xffffffff, 16, 16, 16, 16);
gemmini_extended_preload(0x3f10, 0xc0000010, 16, 16, 16, 16);
gemmini_extended_compute_preloaded(0x30, 0xffffffff, 16, 16, 16, 16);
gemmini_extended_preload(0x3f20, 0xc0000020, 16, 16, 16, 16);
gemmini_extended_compute_preloaded(0x30, 0xffffffff, 16, 16, 16, 16);
gemmini_extended_preload(0x3f30, 0xc0000030, 16, 16, 16, 16);
gemmini_extended_compute_preloaded(0x30, 0xffffffff, 16, 16, 16, 16);
gemmini_extended_mvout(C + 0x0, 0xc0000000, 64, 16);
gemmini_extended_mvin2(B + 0x3040, 0x3f40, 64, 16);
gemmini_extended_preload(0x3f40, 0xc0000040, 16, 16, 16, 16);
gemmini_extended_compute_preloaded(0x30, 0xffffffff, 16, 16, 16, 16);
gemmini_extended_preload(0x3f50, 0xc0000050, 16, 16, 16, 16);
gemmini_extended_compute_preloaded(0x30, 0xffffffff, 16, 16, 16, 16);
gemmini_extended_preload(0x3f60, 0xc0000060, 16, 16, 16, 16);
gemmini_extended_compute_preloaded(0x30, 0xffffffff, 16, 16, 16, 16);
gemmini_extended_preload(0x3f70, 0xc0000070, 16, 16, 16, 16);
gemmini_extended_compute_preloaded(0x30, 0xffffffff, 16, 16, 16, 16);
gemmini_extended_mvout(C + 0x40, 0xc0000040, 64, 16);
gemmini_extended_mvin2(B + 0x3080, 0x3f80, 64, 16);
gemmini_extended_preload(0x3f80, 0xc0000080, 16, 16, 16, 16);
gemmini_extended_compute_preloaded(0x30, 0xffffffff, 16, 16, 16, 16);
gemmini_extended_preload(0x3f90, 0xc0000090, 16, 16, 16, 16);
gemmini_extended_compute_preloaded(0x30, 0xffffffff, 16, 16, 16, 16);
gemmini_extended_preload(0x3fa0, 0xc00000a0, 16, 16, 16, 16);
gemmini_extended_compute_preloaded(0x30, 0xffffffff, 16, 16, 16, 16);
gemmini_extended_preload(0x3fb0, 0xc00000b0, 16, 16, 16, 16);
gemmini_extended_compute_preloaded(0x30, 0xffffffff, 16, 16, 16, 16);
gemmini_extended_mvout(C + 0x80, 0xc0000080, 64, 16);
gemmini_extended_mvin2(B + 0x30c0, 0x3fc0, 64, 16);
gemmini_extended_preload(0x3fc0, 0xc00000c0, 16, 16, 16, 16);
gemmini_extended_compute_preloaded(0x30, 0xffffffff, 16, 16, 16, 16);
gemmini_extended_preload(0x3fd0, 0xc00000d0, 16, 16, 16, 16);
gemmini_extended_compute_preloaded(0x30, 0xffffffff, 16, 16, 16, 16);
gemmini_extended_preload(0x3fe0, 0xc00000e0, 16, 16, 16, 16);
gemmini_extended_compute_preloaded(0x30, 0xffffffff, 16, 16, 16, 16);
gemmini_extended_preload(0x3ff0, 0xc00000f0, 16, 16, 16, 16);
gemmini_extended_compute_preloaded(0x30, 0xffffffff, 16, 16, 16, 16);
gemmini_extended_mvout(C + 0xc0, 0xc00000c0, 64, 16);
gemmini_extended_config_ex(WS, 0, 0, 1, 0, 0);
gemmini_extended_config_st(256, 0, ACC_SCALE_IDENTITY);
gemmini_extended3_config_ld(256, MVIN_SCALE_IDENTITY, 0, 0);
gemmini_extended3_config_ld(256, MVIN_SCALE_IDENTITY, 0, 1);
gemmini_extended3_config_ld(1024, MVIN_SCALE_IDENTITY, 0, 2);
gemmini_extended_mvin(A + 0x0, 0x0, 64, 16);
gemmini_extended_mvin2(B + 0x0, 0x3000, 64, 16);
gemmini_extended_preload(0x3000, 0x80000000, 16, 16, 16, 16);
gemmini_extended_compute_preloaded(0x0, 0xffffffff, 16, 16, 16, 16);
gemmini_extended_preload(0x3010, 0x80000010, 16, 16, 16, 16);
gemmini_extended_compute_preloaded(0x0, 0xffffffff, 16, 16, 16, 16);
gemmini_extended_preload(0x3020, 0x80000020, 16, 16, 16, 16);
gemmini_extended_compute_preloaded(0x0, 0xffffffff, 16, 16, 16, 16);
gemmini_extended_preload(0x3030, 0x80000030, 16, 16, 16, 16);
gemmini_extended_compute_preloaded(0x0, 0xffffffff, 16, 16, 16, 16);
gemmini_extended_mvin2(B + 0x40, 0x3040, 64, 16);
gemmini_extended_preload(0x3040, 0x80000040, 16, 16, 16, 16);
gemmini_extended_compute_preloaded(0x0, 0xffffffff, 16, 16, 16, 16);
gemmini_extended_preload(0x3050, 0x80000050, 16, 16, 16, 16);
gemmini_extended_compute_preloaded(0x0, 0xffffffff, 16, 16, 16, 16);
gemmini_extended_preload(0x3060, 0x80000060, 16, 16, 16, 16);
gemmini_extended_compute_preloaded(0x0, 0xffffffff, 16, 16, 16, 16);
gemmini_extended_preload(0x3070, 0x80000070, 16, 16, 16, 16);
gemmini_extended_compute_preloaded(0x0, 0xffffffff, 16, 16, 16, 16);
gemmini_extended_mvin2(B + 0x80, 0x3080, 64, 16);
gemmini_extended_preload(0x3080, 0x80000080, 16, 16, 16, 16);
gemmini_extended_compute_preloaded(0x0, 0xffffffff, 16, 16, 16, 16);
gemmini_extended_preload(0x3090, 0x80000090, 16, 16, 16, 16);
gemmini_extended_compute_preloaded(0x0, 0xffffffff, 16, 16, 16, 16);
gemmini_extended_preload(0x30a0, 0x800000a0, 16, 16, 16, 16);
gemmini_extended_compute_preloaded(0x0, 0xffffffff, 16, 16, 16, 16);
gemmini_extended_preload(0x30b0, 0x800000b0, 16, 16, 16, 16);
gemmini_extended_compute_preloaded(0x0, 0xffffffff, 16, 16, 16, 16);
gemmini_extended_mvin2(B + 0xc0, 0x30c0, 64, 16);
gemmini_extended_preload(0x30c0, 0x800000c0, 16, 16, 16, 16);
gemmini_extended_compute_preloaded(0x0, 0xffffffff, 16, 16, 16, 16);
gemmini_extended_preload(0x30d0, 0x800000d0, 16, 16, 16, 16);
gemmini_extended_compute_preloaded(0x0, 0xffffffff, 16, 16, 16, 16);
gemmini_extended_preload(0x30e0, 0x800000e0, 16, 16, 16, 16);
gemmini_extended_compute_preloaded(0x0, 0xffffffff, 16, 16, 16, 16);
gemmini_extended_preload(0x30f0, 0x800000f0, 16, 16, 16, 16);
gemmini_extended_compute_preloaded(0x0, 0xffffffff, 16, 16, 16, 16);
gemmini_extended_mvin2(B + 0x1000, 0x3100, 64, 16);
gemmini_extended_preload(0x3100, 0xc0000000, 16, 16, 16, 16);
gemmini_extended_compute_preloaded(0x10, 0xffffffff, 16, 16, 16, 16);
gemmini_extended_preload(0x3110, 0xc0000010, 16, 16, 16, 16);
gemmini_extended_compute_preloaded(0x10, 0xffffffff, 16, 16, 16, 16);
gemmini_extended_preload(0x3120, 0xc0000020, 16, 16, 16, 16);
gemmini_extended_compute_preloaded(0x10, 0xffffffff, 16, 16, 16, 16);
gemmini_extended_preload(0x3130, 0xc0000030, 16, 16, 16, 16);
gemmini_extended_compute_preloaded(0x10, 0xffffffff, 16, 16, 16, 16);
gemmini_extended_mvin2(B + 0x1040, 0x3140, 64, 16);
gemmini_extended_preload(0x3140, 0xc0000040, 16, 16, 16, 16);
gemmini_extended_compute_preloaded(0x10, 0xffffffff, 16, 16, 16, 16);
gemmini_extended_preload(0x3150, 0xc0000050, 16, 16, 16, 16);
gemmini_extended_compute_preloaded(0x10, 0xffffffff, 16, 16, 16, 16);
gemmini_extended_preload(0x3160, 0xc0000060, 16, 16, 16, 16);
gemmini_extended_compute_preloaded(0x10, 0xffffffff, 16, 16, 16, 16);
gemmini_extended_preload(0x3170, 0xc0000070, 16, 16, 16, 16);
gemmini_extended_compute_preloaded(0x10, 0xffffffff, 16, 16, 16, 16);
gemmini_extended_mvin2(B + 0x1080, 0x3180, 64, 16);
gemmini_extended_preload(0x3180, 0xc0000080, 16, 16, 16, 16);
gemmini_extended_compute_preloaded(0x10, 0xffffffff, 16, 16, 16, 16);
gemmini_extended_preload(0x3190, 0xc0000090, 16, 16, 16, 16);
gemmini_extended_compute_preloaded(0x10, 0xffffffff, 16, 16, 16, 16);
gemmini_extended_preload(0x31a0, 0xc00000a0, 16, 16, 16, 16);
gemmini_extended_compute_preloaded(0x10, 0xffffffff, 16, 16, 16, 16);
gemmini_extended_preload(0x31b0, 0xc00000b0, 16, 16, 16, 16);
gemmini_extended_compute_preloaded(0x10, 0xffffffff, 16, 16, 16, 16);
gemmini_extended_mvin2(B + 0x10c0, 0x31c0, 64, 16);
gemmini_extended_preload(0x31c0, 0xc00000c0, 16, 16, 16, 16);
gemmini_extended_compute_preloaded(0x10, 0xffffffff, 16, 16, 16, 16);
gemmini_extended_preload(0x31d0, 0xc00000d0, 16, 16, 16, 16);
gemmini_extended_compute_preloaded(0x10, 0xffffffff, 16, 16, 16, 16);
gemmini_extended_preload(0x31e0, 0xc00000e0, 16, 16, 16, 16);
gemmini_extended_compute_preloaded(0x10, 0xffffffff, 16, 16, 16, 16);
gemmini_extended_preload(0x31f0, 0xc00000f0, 16, 16, 16, 16);
gemmini_extended_compute_preloaded(0x10, 0xffffffff, 16, 16, 16, 16);
gemmini_extended_mvin2(B + 0x2000, 0x3200, 64, 16);
gemmini_extended_preload(0x3200, 0xc0000000, 16, 16, 16, 16);
gemmini_extended_compute_preloaded(0x20, 0xffffffff, 16, 16, 16, 16);
gemmini_extended_preload(0x3210, 0xc0000010, 16, 16, 16, 16);
gemmini_extended_compute_preloaded(0x20, 0xffffffff, 16, 16, 16, 16);
gemmini_extended_preload(0x3220, 0xc0000020, 16, 16, 16, 16);
gemmini_extended_compute_preloaded(0x20, 0xffffffff, 16, 16, 16, 16);
gemmini_extended_preload(0x3230, 0xc0000030, 16, 16, 16, 16);
gemmini_extended_compute_preloaded(0x20, 0xffffffff, 16, 16, 16, 16);
gemmini_extended_mvin2(B + 0x2040, 0x3240, 64, 16);
gemmini_extended_preload(0x3240, 0xc0000040, 16, 16, 16, 16);
gemmini_extended_compute_preloaded(0x20, 0xffffffff, 16, 16, 16, 16);
gemmini_extended_preload(0x3250, 0xc0000050, 16, 16, 16, 16);
gemmini_extended_compute_preloaded(0x20, 0xffffffff, 16, 16, 16, 16);
gemmini_extended_preload(0x3260, 0xc0000060, 16, 16, 16, 16);
gemmini_extended_compute_preloaded(0x20, 0xffffffff, 16, 16, 16, 16);
gemmini_extended_preload(0x3270, 0xc0000070, 16, 16, 16, 16);
gemmini_extended_compute_preloaded(0x20, 0xffffffff, 16, 16, 16, 16);
gemmini_extended_mvin2(B + 0x2080, 0x3280, 64, 16);
gemmini_extended_preload(0x3280, 0xc0000080, 16, 16, 16, 16);
gemmini_extended_compute_preloaded(0x20, 0xffffffff, 16, 16, 16, 16);
gemmini_extended_preload(0x3290, 0xc0000090, 16, 16, 16, 16);
gemmini_extended_compute_preloaded(0x20, 0xffffffff, 16, 16, 16, 16);
gemmini_extended_preload(0x32a0, 0xc00000a0, 16, 16, 16, 16);
gemmini_extended_compute_preloaded(0x20, 0xffffffff, 16, 16, 16, 16);
gemmini_extended_preload(0x32b0, 0xc00000b0, 16, 16, 16, 16);
gemmini_extended_compute_preloaded(0x20, 0xffffffff, 16, 16, 16, 16);
gemmini_extended_mvin2(B + 0x20c0, 0x32c0, 64, 16);
gemmini_extended_preload(0x32c0, 0xc00000c0, 16, 16, 16, 16);
gemmini_extended_compute_preloaded(0x20, 0xffffffff, 16, 16, 16, 16);
gemmini_extended_preload(0x32d0, 0xc00000d0, 16, 16, 16, 16);
gemmini_extended_compute_preloaded(0x20, 0xffffffff, 16, 16, 16, 16);
gemmini_extended_preload(0x32e0, 0xc00000e0, 16, 16, 16, 16);
gemmini_extended_compute_preloaded(0x20, 0xffffffff, 16, 16, 16, 16);
gemmini_extended_preload(0x32f0, 0xc00000f0, 16, 16, 16, 16);
gemmini_extended_compute_preloaded(0x20, 0xffffffff, 16, 16, 16, 16);
gemmini_extended_mvin2(B + 0x3000, 0x3300, 64, 16);
gemmini_extended_preload(0x3300, 0xc0000000, 16, 16, 16, 16);
gemmini_extended_compute_preloaded(0x30, 0xffffffff, 16, 16, 16, 16);
gemmini_extended_preload(0x3310, 0xc0000010, 16, 16, 16, 16);
gemmini_extended_compute_preloaded(0x30, 0xffffffff, 16, 16, 16, 16);
gemmini_extended_preload(0x3320, 0xc0000020, 16, 16, 16, 16);
gemmini_extended_compute_preloaded(0x30, 0xffffffff, 16, 16, 16, 16);
gemmini_extended_preload(0x3330, 0xc0000030, 16, 16, 16, 16);
gemmini_extended_compute_preloaded(0x30, 0xffffffff, 16, 16, 16, 16);
gemmini_extended_mvin2(B + 0x3040, 0x3340, 64, 16);
gemmini_extended_preload(0x3340, 0xc0000040, 16, 16, 16, 16);
gemmini_extended_compute_preloaded(0x30, 0xffffffff, 16, 16, 16, 16);
gemmini_extended_preload(0x3350, 0xc0000050, 16, 16, 16, 16);
gemmini_extended_compute_preloaded(0x30, 0xffffffff, 16, 16, 16, 16);
gemmini_extended_preload(0x3360, 0xc0000060, 16, 16, 16, 16);
gemmini_extended_compute_preloaded(0x30, 0xffffffff, 16, 16, 16, 16);
gemmini_extended_preload(0x3370, 0xc0000070, 16, 16, 16, 16);
gemmini_extended_compute_preloaded(0x30, 0xffffffff, 16, 16, 16, 16);
gemmini_extended_mvin2(B + 0x3080, 0x3380, 64, 16);
gemmini_extended_preload(0x3380, 0xc0000080, 16, 16, 16, 16);
gemmini_extended_compute_preloaded(0x30, 0xffffffff, 16, 16, 16, 16);
gemmini_extended_preload(0x3390, 0xc0000090, 16, 16, 16, 16);
gemmini_extended_compute_preloaded(0x30, 0xffffffff, 16, 16, 16, 16);
gemmini_extended_preload(0x33a0, 0xc00000a0, 16, 16, 16, 16);
gemmini_extended_compute_preloaded(0x30, 0xffffffff, 16, 16, 16, 16);
gemmini_extended_preload(0x33b0, 0xc00000b0, 16, 16, 16, 16);
gemmini_extended_compute_preloaded(0x30, 0xffffffff, 16, 16, 16, 16);
gemmini_extended_mvin2(B + 0x30c0, 0x33c0, 64, 16);
gemmini_extended_preload(0x33c0, 0xc00000c0, 16, 16, 16, 16);
gemmini_extended_compute_preloaded(0x30, 0xffffffff, 16, 16, 16, 16);
gemmini_extended_preload(0x33d0, 0xc00000d0, 16, 16, 16, 16);
gemmini_extended_compute_preloaded(0x30, 0xffffffff, 16, 16, 16, 16);
gemmini_extended_preload(0x33e0, 0xc00000e0, 16, 16, 16, 16);
gemmini_extended_compute_preloaded(0x30, 0xffffffff, 16, 16, 16, 16);
gemmini_extended_preload(0x33f0, 0xc00000f0, 16, 16, 16, 16);
gemmini_extended_compute_preloaded(0x30, 0xffffffff, 16, 16, 16, 16);
gemmini_extended_mvin(A + 0x40, 0x40, 64, 16);
gemmini_extended_mvin2(B + 0x4000, 0x3400, 64, 16);
gemmini_extended_preload(0x3400, 0xc0000000, 16, 16, 16, 16);
gemmini_extended_compute_preloaded(0x40, 0xffffffff, 16, 16, 16, 16);
gemmini_extended_preload(0x3410, 0xc0000010, 16, 16, 16, 16);
gemmini_extended_compute_preloaded(0x40, 0xffffffff, 16, 16, 16, 16);
gemmini_extended_preload(0x3420, 0xc0000020, 16, 16, 16, 16);
gemmini_extended_compute_preloaded(0x40, 0xffffffff, 16, 16, 16, 16);
gemmini_extended_preload(0x3430, 0xc0000030, 16, 16, 16, 16);
gemmini_extended_compute_preloaded(0x40, 0xffffffff, 16, 16, 16, 16);
gemmini_extended_mvin2(B + 0x4040, 0x3440, 64, 16);
gemmini_extended_preload(0x3440, 0xc0000040, 16, 16, 16, 16);
gemmini_extended_compute_preloaded(0x40, 0xffffffff, 16, 16, 16, 16);
gemmini_extended_preload(0x3450, 0xc0000050, 16, 16, 16, 16);
gemmini_extended_compute_preloaded(0x40, 0xffffffff, 16, 16, 16, 16);
gemmini_extended_preload(0x3460, 0xc0000060, 16, 16, 16, 16);
gemmini_extended_compute_preloaded(0x40, 0xffffffff, 16, 16, 16, 16);
gemmini_extended_preload(0x3470, 0xc0000070, 16, 16, 16, 16);
gemmini_extended_compute_preloaded(0x40, 0xffffffff, 16, 16, 16, 16);
gemmini_extended_mvin2(B + 0x4080, 0x3480, 64, 16);
gemmini_extended_preload(0x3480, 0xc0000080, 16, 16, 16, 16);
gemmini_extended_compute_preloaded(0x40, 0xffffffff, 16, 16, 16, 16);
gemmini_extended_preload(0x3490, 0xc0000090, 16, 16, 16, 16);
gemmini_extended_compute_preloaded(0x40, 0xffffffff, 16, 16, 16, 16);
gemmini_extended_preload(0x34a0, 0xc00000a0, 16, 16, 16, 16);
gemmini_extended_compute_preloaded(0x40, 0xffffffff, 16, 16, 16, 16);
gemmini_extended_preload(0x34b0, 0xc00000b0, 16, 16, 16, 16);
gemmini_extended_compute_preloaded(0x40, 0xffffffff, 16, 16, 16, 16);
gemmini_extended_mvin2(B + 0x40c0, 0x34c0, 64, 16);
gemmini_extended_preload(0x34c0, 0xc00000c0, 16, 16, 16, 16);
gemmini_extended_compute_preloaded(0x40, 0xffffffff, 16, 16, 16, 16);
gemmini_extended_preload(0x34d0, 0xc00000d0, 16, 16, 16, 16);
gemmini_extended_compute_preloaded(0x40, 0xffffffff, 16, 16, 16, 16);
gemmini_extended_preload(0x34e0, 0xc00000e0, 16, 16, 16, 16);
gemmini_extended_compute_preloaded(0x40, 0xffffffff, 16, 16, 16, 16);
gemmini_extended_preload(0x34f0, 0xc00000f0, 16, 16, 16, 16);
gemmini_extended_compute_preloaded(0x40, 0xffffffff, 16, 16, 16, 16);
gemmini_extended_mvin2(B + 0x5000, 0x3500, 64, 16);
gemmini_extended_preload(0x3500, 0xc0000000, 16, 16, 16, 16);
gemmini_extended_compute_preloaded(0x50, 0xffffffff, 16, 16, 16, 16);
gemmini_extended_preload(0x3510, 0xc0000010, 16, 16, 16, 16);
gemmini_extended_compute_preloaded(0x50, 0xffffffff, 16, 16, 16, 16);
gemmini_extended_preload(0x3520, 0xc0000020, 16, 16, 16, 16);
gemmini_extended_compute_preloaded(0x50, 0xffffffff, 16, 16, 16, 16);
gemmini_extended_preload(0x3530, 0xc0000030, 16, 16, 16, 16);
gemmini_extended_compute_preloaded(0x50, 0xffffffff, 16, 16, 16, 16);
gemmini_extended_mvin2(B + 0x5040, 0x3540, 64, 16);
gemmini_extended_preload(0x3540, 0xc0000040, 16, 16, 16, 16);
gemmini_extended_compute_preloaded(0x50, 0xffffffff, 16, 16, 16, 16);
gemmini_extended_preload(0x3550, 0xc0000050, 16, 16, 16, 16);
gemmini_extended_compute_preloaded(0x50, 0xffffffff, 16, 16, 16, 16);
gemmini_extended_preload(0x3560, 0xc0000060, 16, 16, 16, 16);
gemmini_extended_compute_preloaded(0x50, 0xffffffff, 16, 16, 16, 16);
gemmini_extended_preload(0x3570, 0xc0000070, 16, 16, 16, 16);
gemmini_extended_compute_preloaded(0x50, 0xffffffff, 16, 16, 16, 16);
gemmini_extended_mvin2(B + 0x5080, 0x3580, 64, 16);
gemmini_extended_preload(0x3580, 0xc0000080, 16, 16, 16, 16);
gemmini_extended_compute_preloaded(0x50, 0xffffffff, 16, 16, 16, 16);
gemmini_extended_preload(0x3590, 0xc0000090, 16, 16, 16, 16);
gemmini_extended_compute_preloaded(0x50, 0xffffffff, 16, 16, 16, 16);
gemmini_extended_preload(0x35a0, 0xc00000a0, 16, 16, 16, 16);
gemmini_extended_compute_preloaded(0x50, 0xffffffff, 16, 16, 16, 16);
gemmini_extended_preload(0x35b0, 0xc00000b0, 16, 16, 16, 16);
gemmini_extended_compute_preloaded(0x50, 0xffffffff, 16, 16, 16, 16);
gemmini_extended_mvin2(B + 0x50c0, 0x35c0, 64, 16);
gemmini_extended_preload(0x35c0, 0xc00000c0, 16, 16, 16, 16);
gemmini_extended_compute_preloaded(0x50, 0xffffffff, 16, 16, 16, 16);
gemmini_extended_preload(0x35d0, 0xc00000d0, 16, 16, 16, 16);
gemmini_extended_compute_preloaded(0x50, 0xffffffff, 16, 16, 16, 16);
gemmini_extended_preload(0x35e0, 0xc00000e0, 16, 16, 16, 16);
gemmini_extended_compute_preloaded(0x50, 0xffffffff, 16, 16, 16, 16);
gemmini_extended_preload(0x35f0, 0xc00000f0, 16, 16, 16, 16);
gemmini_extended_compute_preloaded(0x50, 0xffffffff, 16, 16, 16, 16);
gemmini_extended_mvin2(B + 0x6000, 0x3600, 64, 16);
gemmini_extended_preload(0x3600, 0xc0000000, 16, 16, 16, 16);
gemmini_extended_compute_preloaded(0x60, 0xffffffff, 16, 16, 16, 16);
gemmini_extended_preload(0x3610, 0xc0000010, 16, 16, 16, 16);
gemmini_extended_compute_preloaded(0x60, 0xffffffff, 16, 16, 16, 16);
gemmini_extended_preload(0x3620, 0xc0000020, 16, 16, 16, 16);
gemmini_extended_compute_preloaded(0x60, 0xffffffff, 16, 16, 16, 16);
gemmini_extended_preload(0x3630, 0xc0000030, 16, 16, 16, 16);
gemmini_extended_compute_preloaded(0x60, 0xffffffff, 16, 16, 16, 16);
gemmini_extended_mvin2(B + 0x6040, 0x3640, 64, 16);
gemmini_extended_preload(0x3640, 0xc0000040, 16, 16, 16, 16);
gemmini_extended_compute_preloaded(0x60, 0xffffffff, 16, 16, 16, 16);
gemmini_extended_preload(0x3650, 0xc0000050, 16, 16, 16, 16);
gemmini_extended_compute_preloaded(0x60, 0xffffffff, 16, 16, 16, 16);
gemmini_extended_preload(0x3660, 0xc0000060, 16, 16, 16, 16);
gemmini_extended_compute_preloaded(0x60, 0xffffffff, 16, 16, 16, 16);
gemmini_extended_preload(0x3670, 0xc0000070, 16, 16, 16, 16);
gemmini_extended_compute_preloaded(0x60, 0xffffffff, 16, 16, 16, 16);
gemmini_extended_mvin2(B + 0x6080, 0x3680, 64, 16);
gemmini_extended_preload(0x3680, 0xc0000080, 16, 16, 16, 16);
gemmini_extended_compute_preloaded(0x60, 0xffffffff, 16, 16, 16, 16);
gemmini_extended_preload(0x3690, 0xc0000090, 16, 16, 16, 16);
gemmini_extended_compute_preloaded(0x60, 0xffffffff, 16, 16, 16, 16);
gemmini_extended_preload(0x36a0, 0xc00000a0, 16, 16, 16, 16);
gemmini_extended_compute_preloaded(0x60, 0xffffffff, 16, 16, 16, 16);
gemmini_extended_preload(0x36b0, 0xc00000b0, 16, 16, 16, 16);
gemmini_extended_compute_preloaded(0x60, 0xffffffff, 16, 16, 16, 16);
gemmini_extended_mvin2(B + 0x60c0, 0x36c0, 64, 16);
gemmini_extended_preload(0x36c0, 0xc00000c0, 16, 16, 16, 16);
gemmini_extended_compute_preloaded(0x60, 0xffffffff, 16, 16, 16, 16);
gemmini_extended_preload(0x36d0, 0xc00000d0, 16, 16, 16, 16);
gemmini_extended_compute_preloaded(0x60, 0xffffffff, 16, 16, 16, 16);
gemmini_extended_preload(0x36e0, 0xc00000e0, 16, 16, 16, 16);
gemmini_extended_compute_preloaded(0x60, 0xffffffff, 16, 16, 16, 16);
gemmini_extended_preload(0x36f0, 0xc00000f0, 16, 16, 16, 16);
gemmini_extended_compute_preloaded(0x60, 0xffffffff, 16, 16, 16, 16);
gemmini_extended_mvin2(B + 0x7000, 0x3700, 64, 16);
gemmini_extended_preload(0x3700, 0xc0000000, 16, 16, 16, 16);
gemmini_extended_compute_preloaded(0x70, 0xffffffff, 16, 16, 16, 16);
gemmini_extended_preload(0x3710, 0xc0000010, 16, 16, 16, 16);
gemmini_extended_compute_preloaded(0x70, 0xffffffff, 16, 16, 16, 16);
gemmini_extended_preload(0x3720, 0xc0000020, 16, 16, 16, 16);
gemmini_extended_compute_preloaded(0x70, 0xffffffff, 16, 16, 16, 16);
gemmini_extended_preload(0x3730, 0xc0000030, 16, 16, 16, 16);
gemmini_extended_compute_preloaded(0x70, 0xffffffff, 16, 16, 16, 16);
gemmini_extended_mvin2(B + 0x7040, 0x3740, 64, 16);
gemmini_extended_preload(0x3740, 0xc0000040, 16, 16, 16, 16);
gemmini_extended_compute_preloaded(0x70, 0xffffffff, 16, 16, 16, 16);
gemmini_extended_preload(0x3750, 0xc0000050, 16, 16, 16, 16);
gemmini_extended_compute_preloaded(0x70, 0xffffffff, 16, 16, 16, 16);
gemmini_extended_preload(0x3760, 0xc0000060, 16, 16, 16, 16);
gemmini_extended_compute_preloaded(0x70, 0xffffffff, 16, 16, 16, 16);
gemmini_extended_preload(0x3770, 0xc0000070, 16, 16, 16, 16);
gemmini_extended_compute_preloaded(0x70, 0xffffffff, 16, 16, 16, 16);
gemmini_extended_mvin2(B + 0x7080, 0x3780, 64, 16);
gemmini_extended_preload(0x3780, 0xc0000080, 16, 16, 16, 16);
gemmini_extended_compute_preloaded(0x70, 0xffffffff, 16, 16, 16, 16);
gemmini_extended_preload(0x3790, 0xc0000090, 16, 16, 16, 16);
gemmini_extended_compute_preloaded(0x70, 0xffffffff, 16, 16, 16, 16);
gemmini_extended_preload(0x37a0, 0xc00000a0, 16, 16, 16, 16);
gemmini_extended_compute_preloaded(0x70, 0xffffffff, 16, 16, 16, 16);
gemmini_extended_preload(0x37b0, 0xc00000b0, 16, 16, 16, 16);
gemmini_extended_compute_preloaded(0x70, 0xffffffff, 16, 16, 16, 16);
gemmini_extended_mvin2(B + 0x70c0, 0x37c0, 64, 16);
gemmini_extended_preload(0x37c0, 0xc00000c0, 16, 16, 16, 16);
gemmini_extended_compute_preloaded(0x70, 0xffffffff, 16, 16, 16, 16);
gemmini_extended_preload(0x37d0, 0xc00000d0, 16, 16, 16, 16);
gemmini_extended_compute_preloaded(0x70, 0xffffffff, 16, 16, 16, 16);
gemmini_extended_preload(0x37e0, 0xc00000e0, 16, 16, 16, 16);
gemmini_extended_compute_preloaded(0x70, 0xffffffff, 16, 16, 16, 16);
gemmini_extended_preload(0x37f0, 0xc00000f0, 16, 16, 16, 16);
gemmini_extended_compute_preloaded(0x70, 0xffffffff, 16, 16, 16, 16);
gemmini_extended_mvin(A + 0x80, 0x80, 64, 16);
gemmini_extended_mvin2(B + 0x8000, 0x3800, 64, 16);
gemmini_extended_preload(0x3800, 0xc0000000, 16, 16, 16, 16);
gemmini_extended_compute_preloaded(0x80, 0xffffffff, 16, 16, 16, 16);
gemmini_extended_preload(0x3810, 0xc0000010, 16, 16, 16, 16);
gemmini_extended_compute_preloaded(0x80, 0xffffffff, 16, 16, 16, 16);
gemmini_extended_preload(0x3820, 0xc0000020, 16, 16, 16, 16);
gemmini_extended_compute_preloaded(0x80, 0xffffffff, 16, 16, 16, 16);
gemmini_extended_preload(0x3830, 0xc0000030, 16, 16, 16, 16);
gemmini_extended_compute_preloaded(0x80, 0xffffffff, 16, 16, 16, 16);
gemmini_extended_mvin2(B + 0x8040, 0x3840, 64, 16);
gemmini_extended_preload(0x3840, 0xc0000040, 16, 16, 16, 16);
gemmini_extended_compute_preloaded(0x80, 0xffffffff, 16, 16, 16, 16);
gemmini_extended_preload(0x3850, 0xc0000050, 16, 16, 16, 16);
gemmini_extended_compute_preloaded(0x80, 0xffffffff, 16, 16, 16, 16);
gemmini_extended_preload(0x3860, 0xc0000060, 16, 16, 16, 16);
gemmini_extended_compute_preloaded(0x80, 0xffffffff, 16, 16, 16, 16);
gemmini_extended_preload(0x3870, 0xc0000070, 16, 16, 16, 16);
gemmini_extended_compute_preloaded(0x80, 0xffffffff, 16, 16, 16, 16);
gemmini_extended_mvin2(B + 0x8080, 0x3880, 64, 16);
gemmini_extended_preload(0x3880, 0xc0000080, 16, 16, 16, 16);
gemmini_extended_compute_preloaded(0x80, 0xffffffff, 16, 16, 16, 16);
gemmini_extended_preload(0x3890, 0xc0000090, 16, 16, 16, 16);
gemmini_extended_compute_preloaded(0x80, 0xffffffff, 16, 16, 16, 16);
gemmini_extended_preload(0x38a0, 0xc00000a0, 16, 16, 16, 16);
gemmini_extended_compute_preloaded(0x80, 0xffffffff, 16, 16, 16, 16);
gemmini_extended_preload(0x38b0, 0xc00000b0, 16, 16, 16, 16);
gemmini_extended_compute_preloaded(0x80, 0xffffffff, 16, 16, 16, 16);
gemmini_extended_mvin2(B + 0x80c0, 0x38c0, 64, 16);
gemmini_extended_preload(0x38c0, 0xc00000c0, 16, 16, 16, 16);
gemmini_extended_compute_preloaded(0x80, 0xffffffff, 16, 16, 16, 16);
gemmini_extended_preload(0x38d0, 0xc00000d0, 16, 16, 16, 16);
gemmini_extended_compute_preloaded(0x80, 0xffffffff, 16, 16, 16, 16);
gemmini_extended_preload(0x38e0, 0xc00000e0, 16, 16, 16, 16);
gemmini_extended_compute_preloaded(0x80, 0xffffffff, 16, 16, 16, 16);
gemmini_extended_preload(0x38f0, 0xc00000f0, 16, 16, 16, 16);
gemmini_extended_compute_preloaded(0x80, 0xffffffff, 16, 16, 16, 16);
gemmini_extended_mvin2(B + 0x9000, 0x3900, 64, 16);
gemmini_extended_preload(0x3900, 0xc0000000, 16, 16, 16, 16);
gemmini_extended_compute_preloaded(0x90, 0xffffffff, 16, 16, 16, 16);
gemmini_extended_preload(0x3910, 0xc0000010, 16, 16, 16, 16);
gemmini_extended_compute_preloaded(0x90, 0xffffffff, 16, 16, 16, 16);
gemmini_extended_preload(0x3920, 0xc0000020, 16, 16, 16, 16);
gemmini_extended_compute_preloaded(0x90, 0xffffffff, 16, 16, 16, 16);
gemmini_extended_preload(0x3930, 0xc0000030, 16, 16, 16, 16);
gemmini_extended_compute_preloaded(0x90, 0xffffffff, 16, 16, 16, 16);
gemmini_extended_mvin2(B + 0x9040, 0x3940, 64, 16);
gemmini_extended_preload(0x3940, 0xc0000040, 16, 16, 16, 16);
gemmini_extended_compute_preloaded(0x90, 0xffffffff, 16, 16, 16, 16);
gemmini_extended_preload(0x3950, 0xc0000050, 16, 16, 16, 16);
gemmini_extended_compute_preloaded(0x90, 0xffffffff, 16, 16, 16, 16);
gemmini_extended_preload(0x3960, 0xc0000060, 16, 16, 16, 16);
gemmini_extended_compute_preloaded(0x90, 0xffffffff, 16, 16, 16, 16);
gemmini_extended_preload(0x3970, 0xc0000070, 16, 16, 16, 16);
gemmini_extended_compute_preloaded(0x90, 0xffffffff, 16, 16, 16, 16);
gemmini_extended_mvin2(B + 0x9080, 0x3980, 64, 16);
gemmini_extended_preload(0x3980, 0xc0000080, 16, 16, 16, 16);
gemmini_extended_compute_preloaded(0x90, 0xffffffff, 16, 16, 16, 16);
gemmini_extended_preload(0x3990, 0xc0000090, 16, 16, 16, 16);
gemmini_extended_compute_preloaded(0x90, 0xffffffff, 16, 16, 16, 16);
gemmini_extended_preload(0x39a0, 0xc00000a0, 16, 16, 16, 16);
gemmini_extended_compute_preloaded(0x90, 0xffffffff, 16, 16, 16, 16);
gemmini_extended_preload(0x39b0, 0xc00000b0, 16, 16, 16, 16);
gemmini_extended_compute_preloaded(0x90, 0xffffffff, 16, 16, 16, 16);
gemmini_extended_mvin2(B + 0x90c0, 0x39c0, 64, 16);
gemmini_extended_preload(0x39c0, 0xc00000c0, 16, 16, 16, 16);
gemmini_extended_compute_preloaded(0x90, 0xffffffff, 16, 16, 16, 16);
gemmini_extended_preload(0x39d0, 0xc00000d0, 16, 16, 16, 16);
gemmini_extended_compute_preloaded(0x90, 0xffffffff, 16, 16, 16, 16);
gemmini_extended_preload(0x39e0, 0xc00000e0, 16, 16, 16, 16);
gemmini_extended_compute_preloaded(0x90, 0xffffffff, 16, 16, 16, 16);
gemmini_extended_preload(0x39f0, 0xc00000f0, 16, 16, 16, 16);
gemmini_extended_compute_preloaded(0x90, 0xffffffff, 16, 16, 16, 16);
gemmini_extended_mvin2(B + 0xa000, 0x3a00, 64, 16);
gemmini_extended_preload(0x3a00, 0xc0000000, 16, 16, 16, 16);
gemmini_extended_compute_preloaded(0xa0, 0xffffffff, 16, 16, 16, 16);
gemmini_extended_preload(0x3a10, 0xc0000010, 16, 16, 16, 16);
gemmini_extended_compute_preloaded(0xa0, 0xffffffff, 16, 16, 16, 16);
gemmini_extended_preload(0x3a20, 0xc0000020, 16, 16, 16, 16);
gemmini_extended_compute_preloaded(0xa0, 0xffffffff, 16, 16, 16, 16);
gemmini_extended_preload(0x3a30, 0xc0000030, 16, 16, 16, 16);
gemmini_extended_compute_preloaded(0xa0, 0xffffffff, 16, 16, 16, 16);
gemmini_extended_mvin2(B + 0xa040, 0x3a40, 64, 16);
gemmini_extended_preload(0x3a40, 0xc0000040, 16, 16, 16, 16);
gemmini_extended_compute_preloaded(0xa0, 0xffffffff, 16, 16, 16, 16);
gemmini_extended_preload(0x3a50, 0xc0000050, 16, 16, 16, 16);
gemmini_extended_compute_preloaded(0xa0, 0xffffffff, 16, 16, 16, 16);
gemmini_extended_preload(0x3a60, 0xc0000060, 16, 16, 16, 16);
gemmini_extended_compute_preloaded(0xa0, 0xffffffff, 16, 16, 16, 16);
gemmini_extended_preload(0x3a70, 0xc0000070, 16, 16, 16, 16);
gemmini_extended_compute_preloaded(0xa0, 0xffffffff, 16, 16, 16, 16);
gemmini_extended_mvin2(B + 0xa080, 0x3a80, 64, 16);
gemmini_extended_preload(0x3a80, 0xc0000080, 16, 16, 16, 16);
gemmini_extended_compute_preloaded(0xa0, 0xffffffff, 16, 16, 16, 16);
gemmini_extended_preload(0x3a90, 0xc0000090, 16, 16, 16, 16);
gemmini_extended_compute_preloaded(0xa0, 0xffffffff, 16, 16, 16, 16);
gemmini_extended_preload(0x3aa0, 0xc00000a0, 16, 16, 16, 16);
gemmini_extended_compute_preloaded(0xa0, 0xffffffff, 16, 16, 16, 16);
gemmini_extended_preload(0x3ab0, 0xc00000b0, 16, 16, 16, 16);
gemmini_extended_compute_preloaded(0xa0, 0xffffffff, 16, 16, 16, 16);
gemmini_extended_mvin2(B + 0xa0c0, 0x3ac0, 64, 16);
gemmini_extended_preload(0x3ac0, 0xc00000c0, 16, 16, 16, 16);
gemmini_extended_compute_preloaded(0xa0, 0xffffffff, 16, 16, 16, 16);
gemmini_extended_preload(0x3ad0, 0xc00000d0, 16, 16, 16, 16);
gemmini_extended_compute_preloaded(0xa0, 0xffffffff, 16, 16, 16, 16);
gemmini_extended_preload(0x3ae0, 0xc00000e0, 16, 16, 16, 16);
gemmini_extended_compute_preloaded(0xa0, 0xffffffff, 16, 16, 16, 16);
gemmini_extended_preload(0x3af0, 0xc00000f0, 16, 16, 16, 16);
gemmini_extended_compute_preloaded(0xa0, 0xffffffff, 16, 16, 16, 16);
gemmini_extended_mvin2(B + 0xb000, 0x3b00, 64, 16);
gemmini_extended_preload(0x3b00, 0xc0000000, 16, 16, 16, 16);
gemmini_extended_compute_preloaded(0xb0, 0xffffffff, 16, 16, 16, 16);
gemmini_extended_preload(0x3b10, 0xc0000010, 16, 16, 16, 16);
gemmini_extended_compute_preloaded(0xb0, 0xffffffff, 16, 16, 16, 16);
gemmini_extended_preload(0x3b20, 0xc0000020, 16, 16, 16, 16);
gemmini_extended_compute_preloaded(0xb0, 0xffffffff, 16, 16, 16, 16);
gemmini_extended_preload(0x3b30, 0xc0000030, 16, 16, 16, 16);
gemmini_extended_compute_preloaded(0xb0, 0xffffffff, 16, 16, 16, 16);
gemmini_extended_mvin2(B + 0xb040, 0x3b40, 64, 16);
gemmini_extended_preload(0x3b40, 0xc0000040, 16, 16, 16, 16);
gemmini_extended_compute_preloaded(0xb0, 0xffffffff, 16, 16, 16, 16);
gemmini_extended_preload(0x3b50, 0xc0000050, 16, 16, 16, 16);
gemmini_extended_compute_preloaded(0xb0, 0xffffffff, 16, 16, 16, 16);
gemmini_extended_preload(0x3b60, 0xc0000060, 16, 16, 16, 16);
gemmini_extended_compute_preloaded(0xb0, 0xffffffff, 16, 16, 16, 16);
gemmini_extended_preload(0x3b70, 0xc0000070, 16, 16, 16, 16);
gemmini_extended_compute_preloaded(0xb0, 0xffffffff, 16, 16, 16, 16);
gemmini_extended_mvin2(B + 0xb080, 0x3b80, 64, 16);
gemmini_extended_preload(0x3b80, 0xc0000080, 16, 16, 16, 16);
gemmini_extended_compute_preloaded(0xb0, 0xffffffff, 16, 16, 16, 16);
gemmini_extended_preload(0x3b90, 0xc0000090, 16, 16, 16, 16);
gemmini_extended_compute_preloaded(0xb0, 0xffffffff, 16, 16, 16, 16);
gemmini_extended_preload(0x3ba0, 0xc00000a0, 16, 16, 16, 16);
gemmini_extended_compute_preloaded(0xb0, 0xffffffff, 16, 16, 16, 16);
gemmini_extended_preload(0x3bb0, 0xc00000b0, 16, 16, 16, 16);
gemmini_extended_compute_preloaded(0xb0, 0xffffffff, 16, 16, 16, 16);
gemmini_extended_mvin2(B + 0xb0c0, 0x3bc0, 64, 16);
gemmini_extended_preload(0x3bc0, 0xc00000c0, 16, 16, 16, 16);
gemmini_extended_compute_preloaded(0xb0, 0xffffffff, 16, 16, 16, 16);
gemmini_extended_preload(0x3bd0, 0xc00000d0, 16, 16, 16, 16);
gemmini_extended_compute_preloaded(0xb0, 0xffffffff, 16, 16, 16, 16);
gemmini_extended_preload(0x3be0, 0xc00000e0, 16, 16, 16, 16);
gemmini_extended_compute_preloaded(0xb0, 0xffffffff, 16, 16, 16, 16);
gemmini_extended_preload(0x3bf0, 0xc00000f0, 16, 16, 16, 16);
gemmini_extended_compute_preloaded(0xb0, 0xffffffff, 16, 16, 16, 16);
gemmini_extended_mvin(A + 0xc0, 0xc0, 64, 16);
gemmini_extended_mvin2(B + 0xc000, 0x3c00, 64, 16);
gemmini_extended_preload(0x3c00, 0xc0000000, 16, 16, 16, 16);
gemmini_extended_compute_preloaded(0xc0, 0xffffffff, 16, 16, 16, 16);
gemmini_extended_preload(0x3c10, 0xc0000010, 16, 16, 16, 16);
gemmini_extended_compute_preloaded(0xc0, 0xffffffff, 16, 16, 16, 16);
gemmini_extended_preload(0x3c20, 0xc0000020, 16, 16, 16, 16);
gemmini_extended_compute_preloaded(0xc0, 0xffffffff, 16, 16, 16, 16);
gemmini_extended_preload(0x3c30, 0xc0000030, 16, 16, 16, 16);
gemmini_extended_compute_preloaded(0xc0, 0xffffffff, 16, 16, 16, 16);
gemmini_extended_mvin2(B + 0xc040, 0x3c40, 64, 16);
gemmini_extended_preload(0x3c40, 0xc0000040, 16, 16, 16, 16);
gemmini_extended_compute_preloaded(0xc0, 0xffffffff, 16, 16, 16, 16);
gemmini_extended_preload(0x3c50, 0xc0000050, 16, 16, 16, 16);
gemmini_extended_compute_preloaded(0xc0, 0xffffffff, 16, 16, 16, 16);
gemmini_extended_preload(0x3c60, 0xc0000060, 16, 16, 16, 16);
gemmini_extended_compute_preloaded(0xc0, 0xffffffff, 16, 16, 16, 16);
gemmini_extended_preload(0x3c70, 0xc0000070, 16, 16, 16, 16);
gemmini_extended_compute_preloaded(0xc0, 0xffffffff, 16, 16, 16, 16);
gemmini_extended_mvin2(B + 0xc080, 0x3c80, 64, 16);
gemmini_extended_preload(0x3c80, 0xc0000080, 16, 16, 16, 16);
gemmini_extended_compute_preloaded(0xc0, 0xffffffff, 16, 16, 16, 16);
gemmini_extended_preload(0x3c90, 0xc0000090, 16, 16, 16, 16);
gemmini_extended_compute_preloaded(0xc0, 0xffffffff, 16, 16, 16, 16);
gemmini_extended_preload(0x3ca0, 0xc00000a0, 16, 16, 16, 16);
gemmini_extended_compute_preloaded(0xc0, 0xffffffff, 16, 16, 16, 16);
gemmini_extended_preload(0x3cb0, 0xc00000b0, 16, 16, 16, 16);
gemmini_extended_compute_preloaded(0xc0, 0xffffffff, 16, 16, 16, 16);
gemmini_extended_mvin2(B + 0xc0c0, 0x3cc0, 64, 16);
gemmini_extended_preload(0x3cc0, 0xc00000c0, 16, 16, 16, 16);
gemmini_extended_compute_preloaded(0xc0, 0xffffffff, 16, 16, 16, 16);
gemmini_extended_preload(0x3cd0, 0xc00000d0, 16, 16, 16, 16);
gemmini_extended_compute_preloaded(0xc0, 0xffffffff, 16, 16, 16, 16);
gemmini_extended_preload(0x3ce0, 0xc00000e0, 16, 16, 16, 16);
gemmini_extended_compute_preloaded(0xc0, 0xffffffff, 16, 16, 16, 16);
gemmini_extended_preload(0x3cf0, 0xc00000f0, 16, 16, 16, 16);
gemmini_extended_compute_preloaded(0xc0, 0xffffffff, 16, 16, 16, 16);
gemmini_extended_mvin2(B + 0xd000, 0x3d00, 64, 16);
gemmini_extended_preload(0x3d00, 0xc0000000, 16, 16, 16, 16);
gemmini_extended_compute_preloaded(0xd0, 0xffffffff, 16, 16, 16, 16);
gemmini_extended_preload(0x3d10, 0xc0000010, 16, 16, 16, 16);
gemmini_extended_compute_preloaded(0xd0, 0xffffffff, 16, 16, 16, 16);
gemmini_extended_preload(0x3d20, 0xc0000020, 16, 16, 16, 16);
gemmini_extended_compute_preloaded(0xd0, 0xffffffff, 16, 16, 16, 16);
gemmini_extended_preload(0x3d30, 0xc0000030, 16, 16, 16, 16);
gemmini_extended_compute_preloaded(0xd0, 0xffffffff, 16, 16, 16, 16);
gemmini_extended_mvin2(B + 0xd040, 0x3d40, 64, 16);
gemmini_extended_preload(0x3d40, 0xc0000040, 16, 16, 16, 16);
gemmini_extended_compute_preloaded(0xd0, 0xffffffff, 16, 16, 16, 16);
gemmini_extended_preload(0x3d50, 0xc0000050, 16, 16, 16, 16);
gemmini_extended_compute_preloaded(0xd0, 0xffffffff, 16, 16, 16, 16);
gemmini_extended_preload(0x3d60, 0xc0000060, 16, 16, 16, 16);
gemmini_extended_compute_preloaded(0xd0, 0xffffffff, 16, 16, 16, 16);
gemmini_extended_preload(0x3d70, 0xc0000070, 16, 16, 16, 16);
gemmini_extended_compute_preloaded(0xd0, 0xffffffff, 16, 16, 16, 16);
gemmini_extended_mvin2(B + 0xd080, 0x3d80, 64, 16);
gemmini_extended_preload(0x3d80, 0xc0000080, 16, 16, 16, 16);
gemmini_extended_compute_preloaded(0xd0, 0xffffffff, 16, 16, 16, 16);
gemmini_extended_preload(0x3d90, 0xc0000090, 16, 16, 16, 16);
gemmini_extended_compute_preloaded(0xd0, 0xffffffff, 16, 16, 16, 16);
gemmini_extended_preload(0x3da0, 0xc00000a0, 16, 16, 16, 16);
gemmini_extended_compute_preloaded(0xd0, 0xffffffff, 16, 16, 16, 16);
gemmini_extended_preload(0x3db0, 0xc00000b0, 16, 16, 16, 16);
gemmini_extended_compute_preloaded(0xd0, 0xffffffff, 16, 16, 16, 16);
gemmini_extended_mvin2(B + 0xd0c0, 0x3dc0, 64, 16);
gemmini_extended_preload(0x3dc0, 0xc00000c0, 16, 16, 16, 16);
gemmini_extended_compute_preloaded(0xd0, 0xffffffff, 16, 16, 16, 16);
gemmini_extended_preload(0x3dd0, 0xc00000d0, 16, 16, 16, 16);
gemmini_extended_compute_preloaded(0xd0, 0xffffffff, 16, 16, 16, 16);
gemmini_extended_preload(0x3de0, 0xc00000e0, 16, 16, 16, 16);
gemmini_extended_compute_preloaded(0xd0, 0xffffffff, 16, 16, 16, 16);
gemmini_extended_preload(0x3df0, 0xc00000f0, 16, 16, 16, 16);
gemmini_extended_compute_preloaded(0xd0, 0xffffffff, 16, 16, 16, 16);
gemmini_extended_mvin2(B + 0xe000, 0x3e00, 64, 16);
gemmini_extended_preload(0x3e00, 0xc0000000, 16, 16, 16, 16);
gemmini_extended_compute_preloaded(0xe0, 0xffffffff, 16, 16, 16, 16);
gemmini_extended_preload(0x3e10, 0xc0000010, 16, 16, 16, 16);
gemmini_extended_compute_preloaded(0xe0, 0xffffffff, 16, 16, 16, 16);
gemmini_extended_preload(0x3e20, 0xc0000020, 16, 16, 16, 16);
gemmini_extended_compute_preloaded(0xe0, 0xffffffff, 16, 16, 16, 16);
gemmini_extended_preload(0x3e30, 0xc0000030, 16, 16, 16, 16);
gemmini_extended_compute_preloaded(0xe0, 0xffffffff, 16, 16, 16, 16);
gemmini_extended_mvin2(B + 0xe040, 0x3e40, 64, 16);
gemmini_extended_preload(0x3e40, 0xc0000040, 16, 16, 16, 16);
gemmini_extended_compute_preloaded(0xe0, 0xffffffff, 16, 16, 16, 16);
gemmini_extended_preload(0x3e50, 0xc0000050, 16, 16, 16, 16);
gemmini_extended_compute_preloaded(0xe0, 0xffffffff, 16, 16, 16, 16);
gemmini_extended_preload(0x3e60, 0xc0000060, 16, 16, 16, 16);
gemmini_extended_compute_preloaded(0xe0, 0xffffffff, 16, 16, 16, 16);
gemmini_extended_preload(0x3e70, 0xc0000070, 16, 16, 16, 16);
gemmini_extended_compute_preloaded(0xe0, 0xffffffff, 16, 16, 16, 16);
gemmini_extended_mvin2(B + 0xe080, 0x3e80, 64, 16);
gemmini_extended_preload(0x3e80, 0xc0000080, 16, 16, 16, 16);
gemmini_extended_compute_preloaded(0xe0, 0xffffffff, 16, 16, 16, 16);
gemmini_extended_preload(0x3e90, 0xc0000090, 16, 16, 16, 16);
gemmini_extended_compute_preloaded(0xe0, 0xffffffff, 16, 16, 16, 16);
gemmini_extended_preload(0x3ea0, 0xc00000a0, 16, 16, 16, 16);
gemmini_extended_compute_preloaded(0xe0, 0xffffffff, 16, 16, 16, 16);
gemmini_extended_preload(0x3eb0, 0xc00000b0, 16, 16, 16, 16);
gemmini_extended_compute_preloaded(0xe0, 0xffffffff, 16, 16, 16, 16);
gemmini_extended_mvin2(B + 0xe0c0, 0x3ec0, 64, 16);
gemmini_extended_preload(0x3ec0, 0xc00000c0, 16, 16, 16, 16);
gemmini_extended_compute_preloaded(0xe0, 0xffffffff, 16, 16, 16, 16);
gemmini_extended_preload(0x3ed0, 0xc00000d0, 16, 16, 16, 16);
gemmini_extended_compute_preloaded(0xe0, 0xffffffff, 16, 16, 16, 16);
gemmini_extended_preload(0x3ee0, 0xc00000e0, 16, 16, 16, 16);
gemmini_extended_compute_preloaded(0xe0, 0xffffffff, 16, 16, 16, 16);
gemmini_extended_preload(0x3ef0, 0xc00000f0, 16, 16, 16, 16);
gemmini_extended_compute_preloaded(0xe0, 0xffffffff, 16, 16, 16, 16);
gemmini_extended_mvin2(B + 0xf000, 0x3f00, 64, 16);
gemmini_extended_preload(0x3f00, 0xc0000000, 16, 16, 16, 16);
gemmini_extended_compute_preloaded(0xf0, 0xffffffff, 16, 16, 16, 16);
gemmini_extended_preload(0x3f10, 0xc0000010, 16, 16, 16, 16);
gemmini_extended_compute_preloaded(0xf0, 0xffffffff, 16, 16, 16, 16);
gemmini_extended_preload(0x3f20, 0xc0000020, 16, 16, 16, 16);
gemmini_extended_compute_preloaded(0xf0, 0xffffffff, 16, 16, 16, 16);
gemmini_extended_preload(0x3f30, 0xc0000030, 16, 16, 16, 16);
gemmini_extended_compute_preloaded(0xf0, 0xffffffff, 16, 16, 16, 16);
gemmini_extended_mvout(C + 0x0, 0xc0000000, 64, 16);
gemmini_extended_mvin2(B + 0xf040, 0x3f40, 64, 16);
gemmini_extended_preload(0x3f40, 0xc0000040, 16, 16, 16, 16);
gemmini_extended_compute_preloaded(0xf0, 0xffffffff, 16, 16, 16, 16);
gemmini_extended_preload(0x3f50, 0xc0000050, 16, 16, 16, 16);
gemmini_extended_compute_preloaded(0xf0, 0xffffffff, 16, 16, 16, 16);
gemmini_extended_preload(0x3f60, 0xc0000060, 16, 16, 16, 16);
gemmini_extended_compute_preloaded(0xf0, 0xffffffff, 16, 16, 16, 16);
gemmini_extended_preload(0x3f70, 0xc0000070, 16, 16, 16, 16);
gemmini_extended_compute_preloaded(0xf0, 0xffffffff, 16, 16, 16, 16);
gemmini_extended_mvout(C + 0x40, 0xc0000040, 64, 16);
gemmini_extended_mvin2(B + 0xf080, 0x3f80, 64, 16);
gemmini_extended_preload(0x3f80, 0xc0000080, 16, 16, 16, 16);
gemmini_extended_compute_preloaded(0xf0, 0xffffffff, 16, 16, 16, 16);
gemmini_extended_preload(0x3f90, 0xc0000090, 16, 16, 16, 16);
gemmini_extended_compute_preloaded(0xf0, 0xffffffff, 16, 16, 16, 16);
gemmini_extended_preload(0x3fa0, 0xc00000a0, 16, 16, 16, 16);
gemmini_extended_compute_preloaded(0xf0, 0xffffffff, 16, 16, 16, 16);
gemmini_extended_preload(0x3fb0, 0xc00000b0, 16, 16, 16, 16);
gemmini_extended_compute_preloaded(0xf0, 0xffffffff, 16, 16, 16, 16);
gemmini_extended_mvout(C + 0x80, 0xc0000080, 64, 16);
gemmini_extended_mvin2(B + 0xf0c0, 0x3fc0, 64, 16);
gemmini_extended_preload(0x3fc0, 0xc00000c0, 16, 16, 16, 16);
gemmini_extended_compute_preloaded(0xf0, 0xffffffff, 16, 16, 16, 16);
gemmini_extended_preload(0x3fd0, 0xc00000d0, 16, 16, 16, 16);
gemmini_extended_compute_preloaded(0xf0, 0xffffffff, 16, 16, 16, 16);
gemmini_extended_preload(0x3fe0, 0xc00000e0, 16, 16, 16, 16);
gemmini_extended_compute_preloaded(0xf0, 0xffffffff, 16, 16, 16, 16);
gemmini_extended_preload(0x3ff0, 0xc00000f0, 16, 16, 16, 16);
gemmini_extended_compute_preloaded(0xf0, 0xffffffff, 16, 16, 16, 16);
gemmini_extended_mvout(C + 0xc0, 0xc00000c0, 64, 16);
gemmini_extended_config_ex(WS, 0, 0, 1, 0, 0);
gemmini_extended_config_st(16, 0, ACC_SCALE_IDENTITY);
gemmini_extended3_config_ld(256, MVIN_SCALE_IDENTITY, 0, 0);
gemmini_extended3_config_ld(16, MVIN_SCALE_IDENTITY, 0, 1);
gemmini_extended3_config_ld(64, MVIN_SCALE_IDENTITY, 0, 2);
gemmini_extended_mvin(A + 0x0, 0x0, 64, 16);
gemmini_extended_mvin2(B + 0x0, 0x3f00, 16, 16);
gemmini_extended_preload(0x3f00, 0x80000000, 16, 16, 16, 16);
gemmini_extended_compute_preloaded(0x0, 0xffffffff, 16, 16, 16, 16);
gemmini_extended_mvin2(B + 0x100, 0x3f10, 16, 16);
gemmini_extended_preload(0x3f10, 0xc0000000, 16, 16, 16, 16);
gemmini_extended_compute_preloaded(0x10, 0xffffffff, 16, 16, 16, 16);
gemmini_extended_mvin2(B + 0x200, 0x3f20, 16, 16);
gemmini_extended_preload(0x3f20, 0xc0000000, 16, 16, 16, 16);
gemmini_extended_compute_preloaded(0x20, 0xffffffff, 16, 16, 16, 16);
gemmini_extended_mvin2(B + 0x300, 0x3f30, 16, 16);
gemmini_extended_preload(0x3f30, 0xc0000000, 16, 16, 16, 16);
gemmini_extended_compute_preloaded(0x30, 0xffffffff, 16, 16, 16, 16);
gemmini_extended_mvin(A + 0x40, 0x40, 64, 16);
gemmini_extended_mvin2(B + 0x400, 0x3f40, 16, 16);
gemmini_extended_preload(0x3f40, 0xc0000000, 16, 16, 16, 16);
gemmini_extended_compute_preloaded(0x40, 0xffffffff, 16, 16, 16, 16);
gemmini_extended_mvin2(B + 0x500, 0x3f50, 16, 16);
gemmini_extended_preload(0x3f50, 0xc0000000, 16, 16, 16, 16);
gemmini_extended_compute_preloaded(0x50, 0xffffffff, 16, 16, 16, 16);
gemmini_extended_mvin2(B + 0x600, 0x3f60, 16, 16);
gemmini_extended_preload(0x3f60, 0xc0000000, 16, 16, 16, 16);
gemmini_extended_compute_preloaded(0x60, 0xffffffff, 16, 16, 16, 16);
gemmini_extended_mvin2(B + 0x700, 0x3f70, 16, 16);
gemmini_extended_preload(0x3f70, 0xc0000000, 16, 16, 16, 16);
gemmini_extended_compute_preloaded(0x70, 0xffffffff, 16, 16, 16, 16);
gemmini_extended_mvin(A + 0x80, 0x80, 64, 16);
gemmini_extended_mvin2(B + 0x800, 0x3f80, 16, 16);
gemmini_extended_preload(0x3f80, 0xc0000000, 16, 16, 16, 16);
gemmini_extended_compute_preloaded(0x80, 0xffffffff, 16, 16, 16, 16);
gemmini_extended_mvin2(B + 0x900, 0x3f90, 16, 16);
gemmini_extended_preload(0x3f90, 0xc0000000, 16, 16, 16, 16);
gemmini_extended_compute_preloaded(0x90, 0xffffffff, 16, 16, 16, 16);
gemmini_extended_mvin2(B + 0xa00, 0x3fa0, 16, 16);
gemmini_extended_preload(0x3fa0, 0xc0000000, 16, 16, 16, 16);
gemmini_extended_compute_preloaded(0xa0, 0xffffffff, 16, 16, 16, 16);
gemmini_extended_mvin2(B + 0xb00, 0x3fb0, 16, 16);
gemmini_extended_preload(0x3fb0, 0xc0000000, 16, 16, 16, 16);
gemmini_extended_compute_preloaded(0xb0, 0xffffffff, 16, 16, 16, 16);
gemmini_extended_mvin(A + 0xc0, 0xc0, 64, 16);
gemmini_extended_mvin2(B + 0xc00, 0x3fc0, 16, 16);
gemmini_extended_preload(0x3fc0, 0xc0000000, 16, 16, 16, 16);
gemmini_extended_compute_preloaded(0xc0, 0xffffffff, 16, 16, 16, 16);
gemmini_extended_mvin2(B + 0xd00, 0x3fd0, 16, 16);
gemmini_extended_preload(0x3fd0, 0xc0000000, 16, 16, 16, 16);
gemmini_extended_compute_preloaded(0xd0, 0xffffffff, 16, 16, 16, 16);
gemmini_extended_mvin2(B + 0xe00, 0x3fe0, 16, 16);
gemmini_extended_preload(0x3fe0, 0xc0000000, 16, 16, 16, 16);
gemmini_extended_compute_preloaded(0xe0, 0xffffffff, 16, 16, 16, 16);
gemmini_extended_mvin2(B + 0xf00, 0x3ff0, 16, 16);
gemmini_extended_preload(0x3ff0, 0xc0000000, 16, 16, 16, 16);
gemmini_extended_compute_preloaded(0xf0, 0xffffffff, 16, 16, 16, 16);
gemmini_extended_mvout(C + 0x0, 0xc0000000, 16, 16);
Setup cycles taken: 615215
Cycles taken: 5684487
Gemmini extension configured with:
    dim = 16
