gemmini_extended_config_ex(WS, 0, 0, 1, 0, 0);
gemmini_extended_config_st(256, 0, ACC_SCALE_IDENTITY);
gemmini_extended3_config_ld(64, MVIN_SCALE_IDENTITY, 0, 0);
gemmini_extended3_config_ld(256, MVIN_SCALE_IDENTITY, 0, 1);
gemmini_extended3_config_ld(1024, MVIN_SCALE_IDENTITY, 0, 2);
gemmini_extended_mvin(A + 0x0, 0x0, 64, 16);
gemmini_extended_mvin2(B + 0x0, 0x3c00, 64, 16);
gemmini_extended_preload(0x3c00, 0x80000000, 16, 16, 16, 16);
gemmini_extended_compute_preloaded(0x0, 0xffffffff, 16, 16, 16, 16);
gemmini_extended_preload(0x3c10, 0x80000010, 16, 16, 16, 16);
gemmini_extended_compute_preloaded(0x0, 0xffffffff, 16, 16, 16, 16);
gemmini_extended_preload(0x3c20, 0x80000020, 16, 16, 16, 16);
gemmini_extended_compute_preloaded(0x0, 0xffffffff, 16, 16, 16, 16);
gemmini_extended_preload(0x3c30, 0x80000030, 16, 16, 16, 16);
gemmini_extended_compute_preloaded(0x0, 0xffffffff, 16, 16, 16, 16);
gemmini_extended_mvin2(B + 0x40, 0x3c40, 64, 16);
gemmini_extended_preload(0x3c40, 0x80000040, 16, 16, 16, 16);
gemmini_extended_compute_preloaded(0x0, 0xffffffff, 16, 16, 16, 16);
gemmini_extended_preload(0x3c50, 0x80000050, 16, 16, 16, 16);
gemmini_extended_compute_preloaded(0x0, 0xffffffff, 16, 16, 16, 16);
gemmini_extended_preload(0x3c60, 0x80000060, 16, 16, 16, 16);
gemmini_extended_compute_preloaded(0x0, 0xffffffff, 16, 16, 16, 16);
gemmini_extended_preload(0x3c70, 0x80000070, 16, 16, 16, 16);
gemmini_extended_compute_preloaded(0x0, 0xffffffff, 16, 16, 16, 16);
gemmini_extended_mvin2(B + 0x80, 0x3c80, 64, 16);
gemmini_extended_preload(0x3c80, 0x80000080, 16, 16, 16, 16);
gemmini_extended_compute_preloaded(0x0, 0xffffffff, 16, 16, 16, 16);
gemmini_extended_preload(0x3c90, 0x80000090, 16, 16, 16, 16);
gemmini_extended_compute_preloaded(0x0, 0xffffffff, 16, 16, 16, 16);
gemmini_extended_preload(0x3ca0, 0x800000a0, 16, 16, 16, 16);
gemmini_extended_compute_preloaded(0x0, 0xffffffff, 16, 16, 16, 16);
gemmini_extended_preload(0x3cb0, 0x800000b0, 16, 16, 16, 16);
gemmini_extended_compute_preloaded(0x0, 0xffffffff, 16, 16, 16, 16);
gemmini_extended_mvin2(B + 0xc0, 0x3cc0, 64, 16);
gemmini_extended_preload(0x3cc0, 0x800000c0, 16, 16, 16, 16);
gemmini_extended_compute_preloaded(0x0, 0xffffffff, 16, 16, 16, 16);
gemmini_extended_preload(0x3cd0, 0x800000d0, 16, 16, 16, 16);
gemmini_extended_compute_preloaded(0x0, 0xffffffff, 16, 16, 16, 16);
gemmini_extended_preload(0x3ce0, 0x800000e0, 16, 16, 16, 16);
gemmini_extended_compute_preloaded(0x0, 0xffffffff, 16, 16, 16, 16);
gemmini_extended_preload(0x3cf0, 0x800000f0, 16, 16, 16, 16);
gemmini_extended_compute_preloaded(0x0, 0xffffffff, 16, 16, 16, 16);
gemmini_extended_mvin2(B + 0x1000, 0x3d00, 64, 16);
gemmini_extended_preload(0x3d00, 0xc0000000, 16, 16, 16, 16);
gemmini_extended_compute_preloaded(0x10, 0xffffffff, 16, 16, 16, 16);
gemmini_extended_preload(0x3d10, 0xc0000010, 16, 16, 16, 16);
gemmini_extended_compute_preloaded(0x10, 0xffffffff, 16, 16, 16, 16);
gemmini_extended_preload(0x3d20, 0xc0000020, 16, 16, 16, 16);
gemmini_extended_compute_preloaded(0x10, 0xffffffff, 16, 16, 16, 16);
gemmini_extended_preload(0x3d30, 0xc0000030, 16, 16, 16, 16);
gemmini_extended_compute_preloaded(0x10, 0xffffffff, 16, 16, 16, 16);
gemmini_extended_mvin2(B + 0x1040, 0x3d40, 64, 16);
gemmini_extended_preload(0x3d40, 0xc0000040, 16, 16, 16, 16);
gemmini_extended_compute_preloaded(0x10, 0xffffffff, 16, 16, 16, 16);
gemmini_extended_preload(0x3d50, 0xc0000050, 16, 16, 16, 16);
gemmini_extended_compute_preloaded(0x10, 0xffffffff, 16, 16, 16, 16);
gemmini_extended_preload(0x3d60, 0xc0000060, 16, 16, 16, 16);
gemmini_extended_compute_preloaded(0x10, 0xffffffff, 16, 16, 16, 16);
gemmini_extended_preload(0x3d70, 0xc0000070, 16, 16, 16, 16);
gemmini_extended_compute_preloaded(0x10, 0xffffffff, 16, 16, 16, 16);
gemmini_extended_mvin2(B + 0x1080, 0x3d80, 64, 16);
gemmini_extended_preload(0x3d80, 0xc0000080, 16, 16, 16, 16);
gemmini_extended_compute_preloaded(0x10, 0xffffffff, 16, 16, 16, 16);
gemmini_extended_preload(0x3d90, 0xc0000090, 16, 16, 16, 16);
gemmini_extended_compute_preloaded(0x10, 0xffffffff, 16, 16, 16, 16);
gemmini_extended_preload(0x3da0, 0xc00000a0, 16, 16, 16, 16);
gemmini_extended_compute_preloaded(0x10, 0xffffffff, 16, 16, 16, 16);
gemmini_extended_preload(0x3db0, 0xc00000b0, 16, 16, 16, 16);
gemmini_extended_compute_preloaded(0x10, 0xffffffff, 16, 16, 16, 16);
gemmini_extended_mvin2(B + 0x10c0, 0x3dc0, 64, 16);
gemmini_extended_preload(0x3dc0, 0xc00000c0, 16, 16, 16, 16);
gemmini_extended_compute_preloaded(0x10, 0xffffffff, 16, 16, 16, 16);
gemmini_extended_preload(0x3dd0, 0xc00000d0, 16, 16, 16, 16);
gemmini_extended_compute_preloaded(0x10, 0xffffffff, 16, 16, 16, 16);
gemmini_extended_preload(0x3de0, 0xc00000e0, 16, 16, 16, 16);
gemmini_extended_compute_preloaded(0x10, 0xffffffff, 16, 16, 16, 16);
gemmini_extended_preload(0x3df0, 0xc00000f0, 16, 16, 16, 16);
gemmini_extended_compute_preloaded(0x10, 0xffffffff, 16, 16, 16, 16);
gemmini_extended_mvin2(B + 0x2000, 0x3e00, 64, 16);
gemmini_extended_preload(0x3e00, 0xc0000000, 16, 16, 16, 16);
gemmini_extended_compute_preloaded(0x20, 0xffffffff, 16, 16, 16, 16);
gemmini_extended_preload(0x3e10, 0xc0000010, 16, 16, 16, 16);
gemmini_extended_compute_preloaded(0x20, 0xffffffff, 16, 16, 16, 16);
gemmini_extended_preload(0x3e20, 0xc0000020, 16, 16, 16, 16);
gemmini_extended_compute_preloaded(0x20, 0xffffffff, 16, 16, 16, 16);
gemmini_extended_preload(0x3e30, 0xc0000030, 16, 16, 16, 16);
gemmini_extended_compute_preloaded(0x20, 0xffffffff, 16, 16, 16, 16);
gemmini_extended_mvin2(B + 0x2040, 0x3e40, 64, 16);
gemmini_extended_preload(0x3e40, 0xc0000040, 16, 16, 16, 16);
gemmini_extended_compute_preloaded(0x20, 0xffffffff, 16, 16, 16, 16);
gemmini_extended_preload(0x3e50, 0xc0000050, 16, 16, 16, 16);
gemmini_extended_compute_preloaded(0x20, 0xffffffff, 16, 16, 16, 16);
gemmini_extended_preload(0x3e60, 0xc0000060, 16, 16, 16, 16);
gemmini_extended_compute_preloaded(0x20, 0xffffffff, 16, 16, 16, 16);
gemmini_extended_preload(0x3e70, 0xc0000070, 16, 16, 16, 16);
gemmini_extended_compute_preloaded(0x20, 0xffffffff, 16, 16, 16, 16);
gemmini_extended_mvin2(B + 0x2080, 0x3e80, 64, 16);
gemmini_extended_preload(0x3e80, 0xc0000080, 16, 16, 16, 16);
gemmini_extended_compute_preloaded(0x20, 0xffffffff, 16, 16, 16, 16);
gemmini_extended_preload(0x3e90, 0xc0000090, 16, 16, 16, 16);
gemmini_extended_compute_preloaded(0x20, 0xffffffff, 16, 16, 16, 16);
gemmini_extended_preload(0x3ea0, 0xc00000a0, 16, 16, 16, 16);
gemmini_extended_compute_preloaded(0x20, 0xffffffff, 16, 16, 16, 16);
gemmini_extended_preload(0x3eb0, 0xc00000b0, 16, 16, 16, 16);
gemmini_extended_compute_preloaded(0x20, 0xffffffff, 16, 16, 16, 16);
gemmini_extended_mvin2(B + 0x20c0, 0x3ec0, 64, 16);
gemmini_extended_preload(0x3ec0, 0xc00000c0, 16, 16, 16, 16);
gemmini_extended_compute_preloaded(0x20, 0xffffffff, 16, 16, 16, 16);
gemmini_extended_preload(0x3ed0, 0xc00000d0, 16, 16, 16, 16);
gemmini_extended_compute_preloaded(0x20, 0xffffffff, 16, 16, 16, 16);
gemmini_extended_preload(0x3ee0, 0xc00000e0, 16, 16, 16, 16);
gemmini_extended_compute_preloaded(0x20, 0xffffffff, 16, 16, 16, 16);
gemmini_extended_preload(0x3ef0, 0xc00000f0, 16, 16, 16, 16);
gemmini_extended_compute_preloaded(0x20, 0xffffffff, 16, 16, 16, 16);
gemmini_extended_mvin2(B + 0x3000, 0x3f00, 64, 16);
gemmini_extended_preload(0x3f00, 0xc0000000, 16, 16, 16, 16);
gemmini_extended_compute_preloaded(0x30, 0xffffffff, 16, 16, 16, 16);
gemmini_extended_preload(0x3f10, 0xc0000010, 16, 16, 16, 16);
gemmini_extended_compute_preloaded(0x30, 0xffffffff, 16, 16, 16, 16);
gemmini_extended_preload(0x3f20, 0xc0000020, 16, 16, 16, 16);
gemmini_extended_compute_preloaded(0x30, 0xffffffff, 16, 16, 16, 16);
gemmini_extended_preload(0x3f30, 0xc0000030, 16, 16, 16, 16);
gemmini_extended_compute_preloaded(0x30, 0xffffffff, 16, 16, 16, 16);
gemmini_extended_mvout(C + 0x0, 0xc0000000, 64, 16);
gemmini_extended_mvin2(B + 0x3040, 0x3f40, 64, 16);
gemmini_extended_preload(0x3f40, 0xc0000040, 16, 16, 16, 16);
gemmini_extended_compute_preloaded(0x30, 0xffffffff, 16, 16, 16, 16);
gemmini_extended_preload(0x3f50, 0xc0000050, 16, 16, 16, 16);
gemmini_extended_compute_preloaded(0x30, 0xffffffff, 16, 16, 16, 16);
gemmini_extended_preload(0x3f60, 0xc0000060, 16, 16, 16, 16);
gemmini_extended_compute_preloaded(0x30, 0xffffffff, 16, 16, 16, 16);
gemmini_extended_preload(0x3f70, 0xc0000070, 16, 16, 16, 16);
gemmini_extended_compute_preloaded(0x30, 0xffffffff, 16, 16, 16, 16);
gemmini_extended_mvout(C + 0x40, 0xc0000040, 64, 16);
gemmini_extended_mvin2(B + 0x3080, 0x3f80, 64, 16);
gemmini_extended_preload(0x3f80, 0xc0000080, 16, 16, 16, 16);
gemmini_extended_compute_preloaded(0x30, 0xffffffff, 16, 16, 16, 16);
gemmini_extended_preload(0x3f90, 0xc0000090, 16, 16, 16, 16);
gemmini_extended_compute_preloaded(0x30, 0xffffffff, 16, 16, 16, 16);
gemmini_extended_preload(0x3fa0, 0xc00000a0, 16, 16, 16, 16);
gemmini_extended_compute_preloaded(0x30, 0xffffffff, 16, 16, 16, 16);
gemmini_extended_preload(0x3fb0, 0xc00000b0, 16, 16, 16, 16);
gemmini_extended_compute_preloaded(0x30, 0xffffffff, 16, 16, 16, 16);
gemmini_extended_mvout(C + 0x80, 0xc0000080, 64, 16);
gemmini_extended_mvin2(B + 0x30c0, 0x3fc0, 64, 16);
gemmini_extended_preload(0x3fc0, 0xc00000c0, 16, 16, 16, 16);
gemmini_extended_compute_preloaded(0x30, 0xffffffff, 16, 16, 16, 16);
gemmini_extended_preload(0x3fd0, 0xc00000d0, 16, 16, 16, 16);
gemmini_extended_compute_preloaded(0x30, 0xffffffff, 16, 16, 16, 16);
gemmini_extended_preload(0x3fe0, 0xc00000e0, 16, 16, 16, 16);
gemmini_extended_compute_preloaded(0x30, 0xffffffff, 16, 16, 16, 16);
gemmini_extended_preload(0x3ff0, 0xc00000f0, 16, 16, 16, 16);
gemmini_extended_compute_preloaded(0x30, 0xffffffff, 16, 16, 16, 16);
gemmini_extended_mvout(C + 0xc0, 0xc00000c0, 64, 16);
gemmini_extended_config_ex(WS, 0, 0, 1, 0, 0);
gemmini_extended_config_st(256, 0, ACC_SCALE_IDENTITY);
gemmini_extended3_config_ld(64, MVIN_SCALE_IDENTITY, 0, 0);
gemmini_extended3_config_ld(256, MVIN_SCALE_IDENTITY, 0, 1);
gemmini_extended3_config_ld(1024, MVIN_SCALE_IDENTITY, 0, 2);
gemmini_extended_mvin(A + 0x0, 0x0, 64, 16);
gemmini_extended_mvin2(B + 0x0, 0x3c00, 64, 16);
gemmini_extended_preload(0x3c00, 0x80000000, 16, 16, 16, 16);
gemmini_extended_compute_preloaded(0x0, 0xffffffff, 16, 16, 16, 16);
gemmini_extended_preload(0x3c10, 0x80000010, 16, 16, 16, 16);
gemmini_extended_compute_preloaded(0x0, 0xffffffff, 16, 16, 16, 16);
gemmini_extended_preload(0x3c20, 0x80000020, 16, 16, 16, 16);
gemmini_extended_compute_preloaded(0x0, 0xffffffff, 16, 16, 16, 16);
gemmini_extended_preload(0x3c30, 0x80000030, 16, 16, 16, 16);
gemmini_extended_compute_preloaded(0x0, 0xffffffff, 16, 16, 16, 16);
gemmini_extended_mvin2(B + 0x40, 0x3c40, 64, 16);
gemmini_extended_preload(0x3c40, 0x80000040, 16, 16, 16, 16);
gemmini_extended_compute_preloaded(0x0, 0xffffffff, 16, 16, 16, 16);
gemmini_extended_preload(0x3c50, 0x80000050, 16, 16, 16, 16);
gemmini_extended_compute_preloaded(0x0, 0xffffffff, 16, 16, 16, 16);
gemmini_extended_preload(0x3c60, 0x80000060, 16, 16, 16, 16);
gemmini_extended_compute_preloaded(0x0, 0xffffffff, 16, 16, 16, 16);
gemmini_extended_preload(0x3c70, 0x80000070, 16, 16, 16, 16);
gemmini_extended_compute_preloaded(0x0, 0xffffffff, 16, 16, 16, 16);
gemmini_extended_mvin2(B + 0x80, 0x3c80, 64, 16);
gemmini_extended_preload(0x3c80, 0x80000080, 16, 16, 16, 16);
gemmini_extended_compute_preloaded(0x0, 0xffffffff, 16, 16, 16, 16);
gemmini_extended_preload(0x3c90, 0x80000090, 16, 16, 16, 16);
gemmini_extended_compute_preloaded(0x0, 0xffffffff, 16, 16, 16, 16);
gemmini_extended_preload(0x3ca0, 0x800000a0, 16, 16, 16, 16);
gemmini_extended_compute_preloaded(0x0, 0xffffffff, 16, 16, 16, 16);
gemmini_extended_preload(0x3cb0, 0x800000b0, 16, 16, 16, 16);
gemmini_extended_compute_preloaded(0x0, 0xffffffff, 16, 16, 16, 16);
gemmini_extended_mvin2(B + 0xc0, 0x3cc0, 64, 16);
gemmini_extended_preload(0x3cc0, 0x800000c0, 16, 16, 16, 16);
gemmini_extended_compute_preloaded(0x0, 0xffffffff, 16, 16, 16, 16);
gemmini_extended_preload(0x3cd0, 0x800000d0, 16, 16, 16, 16);
gemmini_extended_compute_preloaded(0x0, 0xffffffff, 16, 16, 16, 16);
gemmini_extended_preload(0x3ce0, 0x800000e0, 16, 16, 16, 16);
gemmini_extended_compute_preloaded(0x0, 0xffffffff, 16, 16, 16, 16);
gemmini_extended_preload(0x3cf0, 0x800000f0, 16, 16, 16, 16);
gemmini_extended_compute_preloaded(0x0, 0xffffffff, 16, 16, 16, 16);
gemmini_extended_mvin2(B + 0x1000, 0x3d00, 64, 16);
gemmini_extended_preload(0x3d00, 0xc0000000, 16, 16, 16, 16);
gemmini_extended_compute_preloaded(0x10, 0xffffffff, 16, 16, 16, 16);
gemmini_extended_preload(0x3d10, 0xc0000010, 16, 16, 16, 16);
gemmini_extended_compute_preloaded(0x10, 0xffffffff, 16, 16, 16, 16);
gemmini_extended_preload(0x3d20, 0xc0000020, 16, 16, 16, 16);
gemmini_extended_compute_preloaded(0x10, 0xffffffff, 16, 16, 16, 16);
gemmini_extended_preload(0x3d30, 0xc0000030, 16, 16, 16, 16);
gemmini_extended_compute_preloaded(0x10, 0xffffffff, 16, 16, 16, 16);
gemmini_extended_mvin2(B + 0x1040, 0x3d40, 64, 16);
gemmini_extended_preload(0x3d40, 0xc0000040, 16, 16, 16, 16);
gemmini_extended_compute_preloaded(0x10, 0xffffffff, 16, 16, 16, 16);
gemmini_extended_preload(0x3d50, 0xc0000050, 16, 16, 16, 16);
gemmini_extended_compute_preloaded(0x10, 0xffffffff, 16, 16, 16, 16);
gemmini_extended_preload(0x3d60, 0xc0000060, 16, 16, 16, 16);
gemmini_extended_compute_preloaded(0x10, 0xffffffff, 16, 16, 16, 16);
gemmini_extended_preload(0x3d70, 0xc0000070, 16, 16, 16, 16);
gemmini_extended_compute_preloaded(0x10, 0xffffffff, 16, 16, 16, 16);
gemmini_extended_mvin2(B + 0x1080, 0x3d80, 64, 16);
gemmini_extended_preload(0x3d80, 0xc0000080, 16, 16, 16, 16);
gemmini_extended_compute_preloaded(0x10, 0xffffffff, 16, 16, 16, 16);
gemmini_extended_preload(0x3d90, 0xc0000090, 16, 16, 16, 16);
gemmini_extended_compute_preloaded(0x10, 0xffffffff, 16, 16, 16, 16);
gemmini_extended_preload(0x3da0, 0xc00000a0, 16, 16, 16, 16);
gemmini_extended_compute_preloaded(0x10, 0xffffffff, 16, 16, 16, 16);
gemmini_extended_preload(0x3db0, 0xc00000b0, 16, 16, 16, 16);
gemmini_extended_compute_preloaded(0x10, 0xffffffff, 16, 16, 16, 16);
gemmini_extended_mvin2(B + 0x10c0, 0x3dc0, 64, 16);
gemmini_extended_preload(0x3dc0, 0xc00000c0, 16, 16, 16, 16);
gemmini_extended_compute_preloaded(0x10, 0xffffffff, 16, 16, 16, 16);
gemmini_extended_preload(0x3dd0, 0xc00000d0, 16, 16, 16, 16);
gemmini_extended_compute_preloaded(0x10, 0xffffffff, 16, 16, 16, 16);
gemmini_extended_preload(0x3de0, 0xc00000e0, 16, 16, 16, 16);
gemmini_extended_compute_preloaded(0x10, 0xffffffff, 16, 16, 16, 16);
gemmini_extended_preload(0x3df0, 0xc00000f0, 16, 16, 16, 16);
gemmini_extended_compute_preloaded(0x10, 0xffffffff, 16, 16, 16, 16);
gemmini_extended_mvin2(B + 0x2000, 0x3e00, 64, 16);
gemmini_extended_preload(0x3e00, 0xc0000000, 16, 16, 16, 16);
gemmini_extended_compute_preloaded(0x20, 0xffffffff, 16, 16, 16, 16);
gemmini_extended_preload(0x3e10, 0xc0000010, 16, 16, 16, 16);
gemmini_extended_compute_preloaded(0x20, 0xffffffff, 16, 16, 16, 16);
gemmini_extended_preload(0x3e20, 0xc0000020, 16, 16, 16, 16);
gemmini_extended_compute_preloaded(0x20, 0xffffffff, 16, 16, 16, 16);
gemmini_extended_preload(0x3e30, 0xc0000030, 16, 16, 16, 16);
gemmini_extended_compute_preloaded(0x20, 0xffffffff, 16, 16, 16, 16);
gemmini_extended_mvin2(B + 0x2040, 0x3e40, 64, 16);
gemmini_extended_preload(0x3e40, 0xc0000040, 16, 16, 16, 16);
gemmini_extended_compute_preloaded(0x20, 0xffffffff, 16, 16, 16, 16);
gemmini_extended_preload(0x3e50, 0xc0000050, 16, 16, 16, 16);
gemmini_extended_compute_preloaded(0x20, 0xffffffff, 16, 16, 16, 16);
gemmini_extended_preload(0x3e60, 0xc0000060, 16, 16, 16, 16);
gemmini_extended_compute_preloaded(0x20, 0xffffffff, 16, 16, 16, 16);
gemmini_extended_preload(0x3e70, 0xc0000070, 16, 16, 16, 16);
gemmini_extended_compute_preloaded(0x20, 0xffffffff, 16, 16, 16, 16);
gemmini_extended_mvin2(B + 0x2080, 0x3e80, 64, 16);
gemmini_extended_preload(0x3e80, 0xc0000080, 16, 16, 16, 16);
gemmini_extended_compute_preloaded(0x20, 0xffffffff, 16, 16, 16, 16);
gemmini_extended_preload(0x3e90, 0xc0000090, 16, 16, 16, 16);
gemmini_extended_compute_preloaded(0x20, 0xffffffff, 16, 16, 16, 16);
gemmini_extended_preload(0x3ea0, 0xc00000a0, 16, 16, 16, 16);
gemmini_extended_compute_preloaded(0x20, 0xffffffff, 16, 16, 16, 16);
gemmini_extended_preload(0x3eb0, 0xc00000b0, 16, 16, 16, 16);
gemmini_extended_compute_preloaded(0x20, 0xffffffff, 16, 16, 16, 16);
gemmini_extended_mvin2(B + 0x20c0, 0x3ec0, 64, 16);
gemmini_extended_preload(0x3ec0, 0xc00000c0, 16, 16, 16, 16);
gemmini_extended_compute_preloaded(0x20, 0xffffffff, 16, 16, 16, 16);
gemmini_extended_preload(0x3ed0, 0xc00000d0, 16, 16, 16, 16);
gemmini_extended_compute_preloaded(0x20, 0xffffffff, 16, 16, 16, 16);
gemmini_extended_preload(0x3ee0, 0xc00000e0, 16, 16, 16, 16);
gemmini_extended_compute_preloaded(0x20, 0xffffffff, 16, 16, 16, 16);
gemmini_extended_preload(0x3ef0, 0xc00000f0, 16, 16, 16, 16);
gemmini_extended_compute_preloaded(0x20, 0xffffffff, 16, 16, 16, 16);
gemmini_extended_mvin2(B + 0x3000, 0x3f00, 64, 16);
gemmini_extended_preload(0x3f00, 0xc0000000, 16, 16, 16, 16);
gemmini_extended_compute_preloaded(0x30, 0xffffffff, 16, 16, 16, 16);
gemmini_extended_preload(0x3f10, 0xc0000010, 16, 16, 16, 16);
gemmini_extended_compute_preloaded(0x30, 0xffffffff, 16, 16, 16, 16);
gemmini_extended_preload(0x3f20, 0xc0000020, 16, 16, 16, 16);
gemmini_extended_compute_preloaded(0x30, 0xffffffff, 16, 16, 16, 16);
gemmini_extended_preload(0x3f30, 0xc0000030, 16, 16, 16, 16);
gemmini_extended_compute_preloaded(0x30, 0xffffffff, 16, 16, 16, 16);
gemmini_extended_mvout(C + 0x0, 0xc0000000, 64, 16);
gemmini_extended_mvin2(B + 0x3040, 0x3f40, 64, 16);
gemmini_extended_preload(0x3f40, 0xc0000040, 16, 16, 16, 16);
gemmini_extended_compute_preloaded(0x30, 0xffffffff, 16, 16, 16, 16);
gemmini_extended_preload(0x3f50, 0xc0000050, 16, 16, 16, 16);
gemmini_extended_compute_preloaded(0x30, 0xffffffff, 16, 16, 16, 16);
gemmini_extended_preload(0x3f60, 0xc0000060, 16, 16, 16, 16);
gemmini_extended_compute_preloaded(0x30, 0xffffffff, 16, 16, 16, 16);
gemmini_extended_preload(0x3f70, 0xc0000070, 16, 16, 16, 16);
gemmini_extended_compute_preloaded(0x30, 0xffffffff, 16, 16, 16, 16);
gemmini_extended_mvout(C + 0x40, 0xc0000040, 64, 16);
gemmini_extended_mvin2(B + 0x3080, 0x3f80, 64, 16);
gemmini_extended_preload(0x3f80, 0xc0000080, 16, 16, 16, 16);
gemmini_extended_compute_preloaded(0x30, 0xffffffff, 16, 16, 16, 16);
gemmini_extended_preload(0x3f90, 0xc0000090, 16, 16, 16, 16);
gemmini_extended_compute_preloaded(0x30, 0xffffffff, 16, 16, 16, 16);
gemmini_extended_preload(0x3fa0, 0xc00000a0, 16, 16, 16, 16);
gemmini_extended_compute_preloaded(0x30, 0xffffffff, 16, 16, 16, 16);
gemmini_extended_preload(0x3fb0, 0xc00000b0, 16, 16, 16, 16);
gemmini_extended_compute_preloaded(0x30, 0xffffffff, 16, 16, 16, 16);
gemmini_extended_mvout(C + 0x80, 0xc0000080, 64, 16);
gemmini_extended_mvin2(B + 0x30c0, 0x3fc0, 64, 16);
gemmini_extended_preload(0x3fc0, 0xc00000c0, 16, 16, 16, 16);
gemmini_extended_compute_preloaded(0x30, 0xffffffff, 16, 16, 16, 16);
gemmini_extended_preload(0x3fd0, 0xc00000d0, 16, 16, 16, 16);
gemmini_extended_compute_preloaded(0x30, 0xffffffff, 16, 16, 16, 16);
gemmini_extended_preload(0x3fe0, 0xc00000e0, 16, 16, 16, 16);
gemmini_extended_compute_preloaded(0x30, 0xffffffff, 16, 16, 16, 16);
gemmini_extended_preload(0x3ff0, 0xc00000f0, 16, 16, 16, 16);
gemmini_extended_compute_preloaded(0x30, 0xffffffff, 16, 16, 16, 16);
gemmini_extended_mvout(C + 0xc0, 0xc00000c0, 64, 16);
gemmini_extended_config_ex(WS, 0, 0, 1, 0, 0);
gemmini_extended_config_st(256, 0, ACC_SCALE_IDENTITY);
gemmini_extended3_config_ld(64, MVIN_SCALE_IDENTITY, 0, 0);
gemmini_extended3_config_ld(256, MVIN_SCALE_IDENTITY, 0, 1);
gemmini_extended3_config_ld(1024, MVIN_SCALE_IDENTITY, 0, 2);
gemmini_extended_mvin(A + 0x0, 0x0, 64, 16);
gemmini_extended_mvin2(B + 0x0, 0x3c00, 64, 16);
gemmini_extended_preload(0x3c00, 0x80000000, 16, 16, 16, 16);
gemmini_extended_compute_preloaded(0x0, 0xffffffff, 16, 16, 16, 16);
gemmini_extended_preload(0x3c10, 0x80000010, 16, 16, 16, 16);
gemmini_extended_compute_preloaded(0x0, 0xffffffff, 16, 16, 16, 16);
gemmini_extended_preload(0x3c20, 0x80000020, 16, 16, 16, 16);
gemmini_extended_compute_preloaded(0x0, 0xffffffff, 16, 16, 16, 16);
gemmini_extended_preload(0x3c30, 0x80000030, 16, 16, 16, 16);
gemmini_extended_compute_preloaded(0x0, 0xffffffff, 16, 16, 16, 16);
gemmini_extended_mvin2(B + 0x40, 0x3c40, 64, 16);
gemmini_extended_preload(0x3c40, 0x80000040, 16, 16, 16, 16);
gemmini_extended_compute_preloaded(0x0, 0xffffffff, 16, 16, 16, 16);
gemmini_extended_preload(0x3c50, 0x80000050, 16, 16, 16, 16);
gemmini_extended_compute_preloaded(0x0, 0xffffffff, 16, 16, 16, 16);
gemmini_extended_preload(0x3c60, 0x80000060, 16, 16, 16, 16);
gemmini_extended_compute_preloaded(0x0, 0xffffffff, 16, 16, 16, 16);
gemmini_extended_preload(0x3c70, 0x80000070, 16, 16, 16, 16);
gemmini_extended_compute_preloaded(0x0, 0xffffffff, 16, 16, 16, 16);
gemmini_extended_mvin2(B + 0x80, 0x3c80, 64, 16);
gemmini_extended_preload(0x3c80, 0x80000080, 16, 16, 16, 16);
gemmini_extended_compute_preloaded(0x0, 0xffffffff, 16, 16, 16, 16);
gemmini_extended_preload(0x3c90, 0x80000090, 16, 16, 16, 16);
gemmini_extended_compute_preloaded(0x0, 0xffffffff, 16, 16, 16, 16);
gemmini_extended_preload(0x3ca0, 0x800000a0, 16, 16, 16, 16);
gemmini_extended_compute_preloaded(0x0, 0xffffffff, 16, 16, 16, 16);
gemmini_extended_preload(0x3cb0, 0x800000b0, 16, 16, 16, 16);
gemmini_extended_compute_preloaded(0x0, 0xffffffff, 16, 16, 16, 16);
gemmini_extended_mvin2(B + 0xc0, 0x3cc0, 64, 16);
gemmini_extended_preload(0x3cc0, 0x800000c0, 16, 16, 16, 16);
gemmini_extended_compute_preloaded(0x0, 0xffffffff, 16, 16, 16, 16);
gemmini_extended_preload(0x3cd0, 0x800000d0, 16, 16, 16, 16);
gemmini_extended_compute_preloaded(0x0, 0xffffffff, 16, 16, 16, 16);
gemmini_extended_preload(0x3ce0, 0x800000e0, 16, 16, 16, 16);
gemmini_extended_compute_preloaded(0x0, 0xffffffff, 16, 16, 16, 16);
gemmini_extended_preload(0x3cf0, 0x800000f0, 16, 16, 16, 16);
gemmini_extended_compute_preloaded(0x0, 0xffffffff, 16, 16, 16, 16);
gemmini_extended_mvin2(B + 0x1000, 0x3d00, 64, 16);
gemmini_extended_preload(0x3d00, 0xc0000000, 16, 16, 16, 16);
gemmini_extended_compute_preloaded(0x10, 0xffffffff, 16, 16, 16, 16);
gemmini_extended_preload(0x3d10, 0xc0000010, 16, 16, 16, 16);
gemmini_extended_compute_preloaded(0x10, 0xffffffff, 16, 16, 16, 16);
gemmini_extended_preload(0x3d20, 0xc0000020, 16, 16, 16, 16);
gemmini_extended_compute_preloaded(0x10, 0xffffffff, 16, 16, 16, 16);
gemmini_extended_preload(0x3d30, 0xc0000030, 16, 16, 16, 16);
gemmini_extended_compute_preloaded(0x10, 0xffffffff, 16, 16, 16, 16);
gemmini_extended_mvin2(B + 0x1040, 0x3d40, 64, 16);
gemmini_extended_preload(0x3d40, 0xc0000040, 16, 16, 16, 16);
gemmini_extended_compute_preloaded(0x10, 0xffffffff, 16, 16, 16, 16);
gemmini_extended_preload(0x3d50, 0xc0000050, 16, 16, 16, 16);
gemmini_extended_compute_preloaded(0x10, 0xffffffff, 16, 16, 16, 16);
gemmini_extended_preload(0x3d60, 0xc0000060, 16, 16, 16, 16);
gemmini_extended_compute_preloaded(0x10, 0xffffffff, 16, 16, 16, 16);
gemmini_extended_preload(0x3d70, 0xc0000070, 16, 16, 16, 16);
gemmini_extended_compute_preloaded(0x10, 0xffffffff, 16, 16, 16, 16);
gemmini_extended_mvin2(B + 0x1080, 0x3d80, 64, 16);
gemmini_extended_preload(0x3d80, 0xc0000080, 16, 16, 16, 16);
gemmini_extended_compute_preloaded(0x10, 0xffffffff, 16, 16, 16, 16);
gemmini_extended_preload(0x3d90, 0xc0000090, 16, 16, 16, 16);
gemmini_extended_compute_preloaded(0x10, 0xffffffff, 16, 16, 16, 16);
gemmini_extended_preload(0x3da0, 0xc00000a0, 16, 16, 16, 16);
gemmini_extended_compute_preloaded(0x10, 0xffffffff, 16, 16, 16, 16);
gemmini_extended_preload(0x3db0, 0xc00000b0, 16, 16, 16, 16);
gemmini_extended_compute_preloaded(0x10, 0xffffffff, 16, 16, 16, 16);
gemmini_extended_mvin2(B + 0x10c0, 0x3dc0, 64, 16);
gemmini_extended_preload(0x3dc0, 0xc00000c0, 16, 16, 16, 16);
gemmini_extended_compute_preloaded(0x10, 0xffffffff, 16, 16, 16, 16);
gemmini_extended_preload(0x3dd0, 0xc00000d0, 16, 16, 16, 16);
gemmini_extended_compute_preloaded(0x10, 0xffffffff, 16, 16, 16, 16);
gemmini_extended_preload(0x3de0, 0xc00000e0, 16, 16, 16, 16);
gemmini_extended_compute_preloaded(0x10, 0xffffffff, 16, 16, 16, 16);
gemmini_extended_preload(0x3df0, 0xc00000f0, 16, 16, 16, 16);
gemmini_extended_compute_preloaded(0x10, 0xffffffff, 16, 16, 16, 16);
gemmini_extended_mvin2(B + 0x2000, 0x3e00, 64, 16);
gemmini_extended_preload(0x3e00, 0xc0000000, 16, 16, 16, 16);
gemmini_extended_compute_preloaded(0x20, 0xffffffff, 16, 16, 16, 16);
gemmini_extended_preload(0x3e10, 0xc0000010, 16, 16, 16, 16);
gemmini_extended_compute_preloaded(0x20, 0xffffffff, 16, 16, 16, 16);
gemmini_extended_preload(0x3e20, 0xc0000020, 16, 16, 16, 16);
gemmini_extended_compute_preloaded(0x20, 0xffffffff, 16, 16, 16, 16);
gemmini_extended_preload(0x3e30, 0xc0000030, 16, 16, 16, 16);
gemmini_extended_compute_preloaded(0x20, 0xffffffff, 16, 16, 16, 16);
gemmini_extended_mvin2(B + 0x2040, 0x3e40, 64, 16);
gemmini_extended_preload(0x3e40, 0xc0000040, 16, 16, 16, 16);
gemmini_extended_compute_preloaded(0x20, 0xffffffff, 16, 16, 16, 16);
gemmini_extended_preload(0x3e50, 0xc0000050, 16, 16, 16, 16);
gemmini_extended_compute_preloaded(0x20, 0xffffffff, 16, 16, 16, 16);
gemmini_extended_preload(0x3e60, 0xc0000060, 16, 16, 16, 16);
gemmini_extended_compute_preloaded(0x20, 0xffffffff, 16, 16, 16, 16);
gemmini_extended_preload(0x3e70, 0xc0000070, 16, 16, 16, 16);
gemmini_extended_compute_preloaded(0x20, 0xffffffff, 16, 16, 16, 16);
gemmini_extended_mvin2(B + 0x2080, 0x3e80, 64, 16);
gemmini_extended_preload(0x3e80, 0xc0000080, 16, 16, 16, 16);
gemmini_extended_compute_preloaded(0x20, 0xffffffff, 16, 16, 16, 16);
gemmini_extended_preload(0x3e90, 0xc0000090, 16, 16, 16, 16);
gemmini_extended_compute_preloaded(0x20, 0xffffffff, 16, 16, 16, 16);
gemmini_extended_preload(0x3ea0, 0xc00000a0, 16, 16, 16, 16);
gemmini_extended_compute_preloaded(0x20, 0xffffffff, 16, 16, 16, 16);
gemmini_extended_preload(0x3eb0, 0xc00000b0, 16, 16, 16, 16);
gemmini_extended_compute_preloaded(0x20, 0xffffffff, 16, 16, 16, 16);
gemmini_extended_mvin2(B + 0x20c0, 0x3ec0, 64, 16);
gemmini_extended_preload(0x3ec0, 0xc00000c0, 16, 16, 16, 16);
gemmini_extended_compute_preloaded(0x20, 0xffffffff, 16, 16, 16, 16);
gemmini_extended_preload(0x3ed0, 0xc00000d0, 16, 16, 16, 16);
gemmini_extended_compute_preloaded(0x20, 0xffffffff, 16, 16, 16, 16);
gemmini_extended_preload(0x3ee0, 0xc00000e0, 16, 16, 16, 16);
gemmini_extended_compute_preloaded(0x20, 0xffffffff, 16, 16, 16, 16);
gemmini_extended_preload(0x3ef0, 0xc00000f0, 16, 16, 16, 16);
gemmini_extended_compute_preloaded(0x20, 0xffffffff, 16, 16, 16, 16);
gemmini_extended_mvin2(B + 0x3000, 0x3f00, 64, 16);
gemmini_extended_preload(0x3f00, 0xc0000000, 16, 16, 16, 16);
gemmini_extended_compute_preloaded(0x30, 0xffffffff, 16, 16, 16, 16);
gemmini_extended_preload(0x3f10, 0xc0000010, 16, 16, 16, 16);
gemmini_extended_compute_preloaded(0x30, 0xffffffff, 16, 16, 16, 16);
gemmini_extended_preload(0x3f20, 0xc0000020, 16, 16, 16, 16);
gemmini_extended_compute_preloaded(0x30, 0xffffffff, 16, 16, 16, 16);
gemmini_extended_preload(0x3f30, 0xc0000030, 16, 16, 16, 16);
gemmini_extended_compute_preloaded(0x30, 0xffffffff, 16, 16, 16, 16);
gemmini_extended_mvout(C + 0x0, 0xc0000000, 64, 16);
gemmini_extended_mvin2(B + 0x3040, 0x3f40, 64, 16);
gemmini_extended_preload(0x3f40, 0xc0000040, 16, 16, 16, 16);
gemmini_extended_compute_preloaded(0x30, 0xffffffff, 16, 16, 16, 16);
gemmini_extended_preload(0x3f50, 0xc0000050, 16, 16, 16, 16);
gemmini_extended_compute_preloaded(0x30, 0xffffffff, 16, 16, 16, 16);
gemmini_extended_preload(0x3f60, 0xc0000060, 16, 16, 16, 16);
gemmini_extended_compute_preloaded(0x30, 0xffffffff, 16, 16, 16, 16);
gemmini_extended_preload(0x3f70, 0xc0000070, 16, 16, 16, 16);
gemmini_extended_compute_preloaded(0x30, 0xffffffff, 16, 16, 16, 16);
gemmini_extended_mvout(C + 0x40, 0xc0000040, 64, 16);
gemmini_extended_mvin2(B + 0x3080, 0x3f80, 64, 16);
gemmini_extended_preload(0x3f80, 0xc0000080, 16, 16, 16, 16);
gemmini_extended_compute_preloaded(0x30, 0xffffffff, 16, 16, 16, 16);
gemmini_extended_preload(0x3f90, 0xc0000090, 16, 16, 16, 16);
gemmini_extended_compute_preloaded(0x30, 0xffffffff, 16, 16, 16, 16);
gemmini_extended_preload(0x3fa0, 0xc00000a0, 16, 16, 16, 16);
gemmini_extended_compute_preloaded(0x30, 0xffffffff, 16, 16, 16, 16);
gemmini_extended_preload(0x3fb0, 0xc00000b0, 16, 16, 16, 16);
gemmini_extended_compute_preloaded(0x30, 0xffffffff, 16, 16, 16, 16);
gemmini_extended_mvout(C + 0x80, 0xc0000080, 64, 16);
gemmini_extended_mvin2(B + 0x30c0, 0x3fc0, 64, 16);
gemmini_extended_preload(0x3fc0, 0xc00000c0, 16, 16, 16, 16);
gemmini_extended_compute_preloaded(0x30, 0xffffffff, 16, 16, 16, 16);
gemmini_extended_preload(0x3fd0, 0xc00000d0, 16, 16, 16, 16);
gemmini_extended_compute_preloaded(0x30, 0xffffffff, 16, 16, 16, 16);
gemmini_extended_preload(0x3fe0, 0xc00000e0, 16, 16, 16, 16);
gemmini_extended_compute_preloaded(0x30, 0xffffffff, 16, 16, 16, 16);
gemmini_extended_preload(0x3ff0, 0xc00000f0, 16, 16, 16, 16);
gemmini_extended_compute_preloaded(0x30, 0xffffffff, 16, 16, 16, 16);
gemmini_extended_mvout(C + 0xc0, 0xc00000c0, 64, 16);
gemmini_extended_config_ex(WS, 0, 0, 1, 0, 0);
gemmini_extended_config_st(256, 0, ACC_SCALE_IDENTITY);
gemmini_extended3_config_ld(64, MVIN_SCALE_IDENTITY, 0, 0);
gemmini_extended3_config_ld(256, MVIN_SCALE_IDENTITY, 0, 1);
gemmini_extended3_config_ld(1024, MVIN_SCALE_IDENTITY, 0, 2);
gemmini_extended_mvin(A + 0x0, 0x0, 64, 16);
gemmini_extended_mvin2(B + 0x0, 0x3c00, 64, 16);
gemmini_extended_preload(0x3c00, 0x80000000, 16, 16, 16, 16);
gemmini_extended_compute_preloaded(0x0, 0xffffffff, 16, 16, 16, 16);
gemmini_extended_preload(0x3c10, 0x80000010, 16, 16, 16, 16);
gemmini_extended_compute_preloaded(0x0, 0xffffffff, 16, 16, 16, 16);
gemmini_extended_preload(0x3c20, 0x80000020, 16, 16, 16, 16);
gemmini_extended_compute_preloaded(0x0, 0xffffffff, 16, 16, 16, 16);
gemmini_extended_preload(0x3c30, 0x80000030, 16, 16, 16, 16);
gemmini_extended_compute_preloaded(0x0, 0xffffffff, 16, 16, 16, 16);
gemmini_extended_mvin2(B + 0x40, 0x3c40, 64, 16);
gemmini_extended_preload(0x3c40, 0x80000040, 16, 16, 16, 16);
gemmini_extended_compute_preloaded(0x0, 0xffffffff, 16, 16, 16, 16);
gemmini_extended_preload(0x3c50, 0x80000050, 16, 16, 16, 16);
gemmini_extended_compute_preloaded(0x0, 0xffffffff, 16, 16, 16, 16);
gemmini_extended_preload(0x3c60, 0x80000060, 16, 16, 16, 16);
gemmini_extended_compute_preloaded(0x0, 0xffffffff, 16, 16, 16, 16);
gemmini_extended_preload(0x3c70, 0x80000070, 16, 16, 16, 16);
gemmini_extended_compute_preloaded(0x0, 0xffffffff, 16, 16, 16, 16);
gemmini_extended_mvin2(B + 0x80, 0x3c80, 64, 16);
gemmini_extended_preload(0x3c80, 0x80000080, 16, 16, 16, 16);
gemmini_extended_compute_preloaded(0x0, 0xffffffff, 16, 16, 16, 16);
gemmini_extended_preload(0x3c90, 0x80000090, 16, 16, 16, 16);
gemmini_extended_compute_preloaded(0x0, 0xffffffff, 16, 16, 16, 16);
gemmini_extended_preload(0x3ca0, 0x800000a0, 16, 16, 16, 16);
gemmini_extended_compute_preloaded(0x0, 0xffffffff, 16, 16, 16, 16);
gemmini_extended_preload(0x3cb0, 0x800000b0, 16, 16, 16, 16);
gemmini_extended_compute_preloaded(0x0, 0xffffffff, 16, 16, 16, 16);
gemmini_extended_mvin2(B + 0xc0, 0x3cc0, 64, 16);
gemmini_extended_preload(0x3cc0, 0x800000c0, 16, 16, 16, 16);
gemmini_extended_compute_preloaded(0x0, 0xffffffff, 16, 16, 16, 16);
gemmini_extended_preload(0x3cd0, 0x800000d0, 16, 16, 16, 16);
gemmini_extended_compute_preloaded(0x0, 0xffffffff, 16, 16, 16, 16);
gemmini_extended_preload(0x3ce0, 0x800000e0, 16, 16, 16, 16);
gemmini_extended_compute_preloaded(0x0, 0xffffffff, 16, 16, 16, 16);
gemmini_extended_preload(0x3cf0, 0x800000f0, 16, 16, 16, 16);
gemmini_extended_compute_preloaded(0x0, 0xffffffff, 16, 16, 16, 16);
gemmini_extended_mvin2(B + 0x1000, 0x3d00, 64, 16);
gemmini_extended_preload(0x3d00, 0xc0000000, 16, 16, 16, 16);
gemmini_extended_compute_preloaded(0x10, 0xffffffff, 16, 16, 16, 16);
gemmini_extended_preload(0x3d10, 0xc0000010, 16, 16, 16, 16);
gemmini_extended_compute_preloaded(0x10, 0xffffffff, 16, 16, 16, 16);
gemmini_extended_preload(0x3d20, 0xc0000020, 16, 16, 16, 16);
gemmini_extended_compute_preloaded(0x10, 0xffffffff, 16, 16, 16, 16);
gemmini_extended_preload(0x3d30, 0xc0000030, 16, 16, 16, 16);
gemmini_extended_compute_preloaded(0x10, 0xffffffff, 16, 16, 16, 16);
gemmini_extended_mvin2(B + 0x1040, 0x3d40, 64, 16);
gemmini_extended_preload(0x3d40, 0xc0000040, 16, 16, 16, 16);
gemmini_extended_compute_preloaded(0x10, 0xffffffff, 16, 16, 16, 16);
gemmini_extended_preload(0x3d50, 0xc0000050, 16, 16, 16, 16);
gemmini_extended_compute_preloaded(0x10, 0xffffffff, 16, 16, 16, 16);
gemmini_extended_preload(0x3d60, 0xc0000060, 16, 16, 16, 16);
gemmini_extended_compute_preloaded(0x10, 0xffffffff, 16, 16, 16, 16);
gemmini_extended_preload(0x3d70, 0xc0000070, 16, 16, 16, 16);
gemmini_extended_compute_preloaded(0x10, 0xffffffff, 16, 16, 16, 16);
gemmini_extended_mvin2(B + 0x1080, 0x3d80, 64, 16);
gemmini_extended_preload(0x3d80, 0xc0000080, 16, 16, 16, 16);
gemmini_extended_compute_preloaded(0x10, 0xffffffff, 16, 16, 16, 16);
gemmini_extended_preload(0x3d90, 0xc0000090, 16, 16, 16, 16);
gemmini_extended_compute_preloaded(0x10, 0xffffffff, 16, 16, 16, 16);
gemmini_extended_preload(0x3da0, 0xc00000a0, 16, 16, 16, 16);
gemmini_extended_compute_preloaded(0x10, 0xffffffff, 16, 16, 16, 16);
gemmini_extended_preload(0x3db0, 0xc00000b0, 16, 16, 16, 16);
gemmini_extended_compute_preloaded(0x10, 0xffffffff, 16, 16, 16, 16);
gemmini_extended_mvin2(B + 0x10c0, 0x3dc0, 64, 16);
gemmini_extended_preload(0x3dc0, 0xc00000c0, 16, 16, 16, 16);
gemmini_extended_compute_preloaded(0x10, 0xffffffff, 16, 16, 16, 16);
gemmini_extended_preload(0x3dd0, 0xc00000d0, 16, 16, 16, 16);
gemmini_extended_compute_preloaded(0x10, 0xffffffff, 16, 16, 16, 16);
gemmini_extended_preload(0x3de0, 0xc00000e0, 16, 16, 16, 16);
gemmini_extended_compute_preloaded(0x10, 0xffffffff, 16, 16, 16, 16);
gemmini_extended_preload(0x3df0, 0xc00000f0, 16, 16, 16, 16);
gemmini_extended_compute_preloaded(0x10, 0xffffffff, 16, 16, 16, 16);
gemmini_extended_mvin2(B + 0x2000, 0x3e00, 64, 16);
gemmini_extended_preload(0x3e00, 0xc0000000, 16, 16, 16, 16);
gemmini_extended_compute_preloaded(0x20, 0xffffffff, 16, 16, 16, 16);
gemmini_extended_preload(0x3e10, 0xc0000010, 16, 16, 16, 16);
gemmini_extended_compute_preloaded(0x20, 0xffffffff, 16, 16, 16, 16);
gemmini_extended_preload(0x3e20, 0xc0000020, 16, 16, 16, 16);
gemmini_extended_compute_preloaded(0x20, 0xffffffff, 16, 16, 16, 16);
gemmini_extended_preload(0x3e30, 0xc0000030, 16, 16, 16, 16);
gemmini_extended_compute_preloaded(0x20, 0xffffffff, 16, 16, 16, 16);
gemmini_extended_mvin2(B + 0x2040, 0x3e40, 64, 16);
gemmini_extended_preload(0x3e40, 0xc0000040, 16, 16, 16, 16);
gemmini_extended_compute_preloaded(0x20, 0xffffffff, 16, 16, 16, 16);
gemmini_extended_preload(0x3e50, 0xc0000050, 16, 16, 16, 16);
gemmini_extended_compute_preloaded(0x20, 0xffffffff, 16, 16, 16, 16);
gemmini_extended_preload(0x3e60, 0xc0000060, 16, 16, 16, 16);
gemmini_extended_compute_preloaded(0x20, 0xffffffff, 16, 16, 16, 16);
gemmini_extended_preload(0x3e70, 0xc0000070, 16, 16, 16, 16);
gemmini_extended_compute_preloaded(0x20, 0xffffffff, 16, 16, 16, 16);
gemmini_extended_mvin2(B + 0x2080, 0x3e80, 64, 16);
gemmini_extended_preload(0x3e80, 0xc0000080, 16, 16, 16, 16);
gemmini_extended_compute_preloaded(0x20, 0xffffffff, 16, 16, 16, 16);
gemmini_extended_preload(0x3e90, 0xc0000090, 16, 16, 16, 16);
gemmini_extended_compute_preloaded(0x20, 0xffffffff, 16, 16, 16, 16);
gemmini_extended_preload(0x3ea0, 0xc00000a0, 16, 16, 16, 16);
gemmini_extended_compute_preloaded(0x20, 0xffffffff, 16, 16, 16, 16);
gemmini_extended_preload(0x3eb0, 0xc00000b0, 16, 16, 16, 16);
gemmini_extended_compute_preloaded(0x20, 0xffffffff, 16, 16, 16, 16);
gemmini_extended_mvin2(B + 0x20c0, 0x3ec0, 64, 16);
gemmini_extended_preload(0x3ec0, 0xc00000c0, 16, 16, 16, 16);
gemmini_extended_compute_preloaded(0x20, 0xffffffff, 16, 16, 16, 16);
gemmini_extended_preload(0x3ed0, 0xc00000d0, 16, 16, 16, 16);
gemmini_extended_compute_preloaded(0x20, 0xffffffff, 16, 16, 16, 16);
gemmini_extended_preload(0x3ee0, 0xc00000e0, 16, 16, 16, 16);
gemmini_extended_compute_preloaded(0x20, 0xffffffff, 16, 16, 16, 16);
gemmini_extended_preload(0x3ef0, 0xc00000f0, 16, 16, 16, 16);
gemmini_extended_compute_preloaded(0x20, 0xffffffff, 16, 16, 16, 16);
gemmini_extended_mvin2(B + 0x3000, 0x3f00, 64, 16);
gemmini_extended_preload(0x3f00, 0xc0000000, 16, 16, 16, 16);
gemmini_extended_compute_preloaded(0x30, 0xffffffff, 16, 16, 16, 16);
gemmini_extended_preload(0x3f10, 0xc0000010, 16, 16, 16, 16);
gemmini_extended_compute_preloaded(0x30, 0xffffffff, 16, 16, 16, 16);
gemmini_extended_preload(0x3f20, 0xc0000020, 16, 16, 16, 16);
gemmini_extended_compute_preloaded(0x30, 0xffffffff, 16, 16, 16, 16);
gemmini_extended_preload(0x3f30, 0xc0000030, 16, 16, 16, 16);
gemmini_extended_compute_preloaded(0x30, 0xffffffff, 16, 16, 16, 16);
gemmini_extended_mvout(C + 0x0, 0xc0000000, 64, 16);
gemmini_extended_mvin2(B + 0x3040, 0x3f40, 64, 16);
gemmini_extended_preload(0x3f40, 0xc0000040, 16, 16, 16, 16);
gemmini_extended_compute_preloaded(0x30, 0xffffffff, 16, 16, 16, 16);
gemmini_extended_preload(0x3f50, 0xc0000050, 16, 16, 16, 16);
gemmini_extended_compute_preloaded(0x30, 0xffffffff, 16, 16, 16, 16);
gemmini_extended_preload(0x3f60, 0xc0000060, 16, 16, 16, 16);
gemmini_extended_compute_preloaded(0x30, 0xffffffff, 16, 16, 16, 16);
gemmini_extended_preload(0x3f70, 0xc0000070, 16, 16, 16, 16);
gemmini_extended_compute_preloaded(0x30, 0xffffffff, 16, 16, 16, 16);
gemmini_extended_mvout(C + 0x40, 0xc0000040, 64, 16);
gemmini_extended_mvin2(B + 0x3080, 0x3f80, 64, 16);
gemmini_extended_preload(0x3f80, 0xc0000080, 16, 16, 16, 16);
gemmini_extended_compute_preloaded(0x30, 0xffffffff, 16, 16, 16, 16);
gemmini_extended_preload(0x3f90, 0xc0000090, 16, 16, 16, 16);
gemmini_extended_compute_preloaded(0x30, 0xffffffff, 16, 16, 16, 16);
gemmini_extended_preload(0x3fa0, 0xc00000a0, 16, 16, 16, 16);
gemmini_extended_compute_preloaded(0x30, 0xffffffff, 16, 16, 16, 16);
gemmini_extended_preload(0x3fb0, 0xc00000b0, 16, 16, 16, 16);
gemmini_extended_compute_preloaded(0x30, 0xffffffff, 16, 16, 16, 16);
gemmini_extended_mvout(C + 0x80, 0xc0000080, 64, 16);
gemmini_extended_mvin2(B + 0x30c0, 0x3fc0, 64, 16);
gemmini_extended_preload(0x3fc0, 0xc00000c0, 16, 16, 16, 16);
gemmini_extended_compute_preloaded(0x30, 0xffffffff, 16, 16, 16, 16);
gemmini_extended_preload(0x3fd0, 0xc00000d0, 16, 16, 16, 16);
gemmini_extended_compute_preloaded(0x30, 0xffffffff, 16, 16, 16, 16);
gemmini_extended_preload(0x3fe0, 0xc00000e0, 16, 16, 16, 16);
gemmini_extended_compute_preloaded(0x30, 0xffffffff, 16, 16, 16, 16);
gemmini_extended_preload(0x3ff0, 0xc00000f0, 16, 16, 16, 16);
gemmini_extended_compute_preloaded(0x30, 0xffffffff, 16, 16, 16, 16);
gemmini_extended_mvout(C + 0xc0, 0xc00000c0, 64, 16);
gemmini_extended_config_ex(WS, 0, 0, 1, 0, 0);
gemmini_extended_config_st(256, 0, ACC_SCALE_IDENTITY);
gemmini_extended3_config_ld(64, MVIN_SCALE_IDENTITY, 0, 0);
gemmini_extended3_config_ld(256, MVIN_SCALE_IDENTITY, 0, 1);
gemmini_extended3_config_ld(1024, MVIN_SCALE_IDENTITY, 0, 2);
gemmini_extended_mvin(A + 0x0, 0x0, 64, 16);
gemmini_extended_mvin2(B + 0x0, 0x3c00, 64, 16);
gemmini_extended_preload(0x3c00, 0x80000000, 16, 16, 16, 16);
gemmini_extended_compute_preloaded(0x0, 0xffffffff, 16, 16, 16, 16);
gemmini_extended_preload(0x3c10, 0x80000010, 16, 16, 16, 16);
gemmini_extended_compute_preloaded(0x0, 0xffffffff, 16, 16, 16, 16);
gemmini_extended_preload(0x3c20, 0x80000020, 16, 16, 16, 16);
gemmini_extended_compute_preloaded(0x0, 0xffffffff, 16, 16, 16, 16);
gemmini_extended_preload(0x3c30, 0x80000030, 16, 16, 16, 16);
gemmini_extended_compute_preloaded(0x0, 0xffffffff, 16, 16, 16, 16);
gemmini_extended_mvin2(B + 0x40, 0x3c40, 64, 16);
gemmini_extended_preload(0x3c40, 0x80000040, 16, 16, 16, 16);
gemmini_extended_compute_preloaded(0x0, 0xffffffff, 16, 16, 16, 16);
gemmini_extended_preload(0x3c50, 0x80000050, 16, 16, 16, 16);
gemmini_extended_compute_preloaded(0x0, 0xffffffff, 16, 16, 16, 16);
gemmini_extended_preload(0x3c60, 0x80000060, 16, 16, 16, 16);
gemmini_extended_compute_preloaded(0x0, 0xffffffff, 16, 16, 16, 16);
gemmini_extended_preload(0x3c70, 0x80000070, 16, 16, 16, 16);
gemmini_extended_compute_preloaded(0x0, 0xffffffff, 16, 16, 16, 16);
gemmini_extended_mvin2(B + 0x80, 0x3c80, 64, 16);
gemmini_extended_preload(0x3c80, 0x80000080, 16, 16, 16, 16);
gemmini_extended_compute_preloaded(0x0, 0xffffffff, 16, 16, 16, 16);
gemmini_extended_preload(0x3c90, 0x80000090, 16, 16, 16, 16);
gemmini_extended_compute_preloaded(0x0, 0xffffffff, 16, 16, 16, 16);
gemmini_extended_preload(0x3ca0, 0x800000a0, 16, 16, 16, 16);
gemmini_extended_compute_preloaded(0x0, 0xffffffff, 16, 16, 16, 16);
gemmini_extended_preload(0x3cb0, 0x800000b0, 16, 16, 16, 16);
gemmini_extended_compute_preloaded(0x0, 0xffffffff, 16, 16, 16, 16);
gemmini_extended_mvin2(B + 0xc0, 0x3cc0, 64, 16);
gemmini_extended_preload(0x3cc0, 0x800000c0, 16, 16, 16, 16);
gemmini_extended_compute_preloaded(0x0, 0xffffffff, 16, 16, 16, 16);
gemmini_extended_preload(0x3cd0, 0x800000d0, 16, 16, 16, 16);
gemmini_extended_compute_preloaded(0x0, 0xffffffff, 16, 16, 16, 16);
gemmini_extended_preload(0x3ce0, 0x800000e0, 16, 16, 16, 16);
gemmini_extended_compute_preloaded(0x0, 0xffffffff, 16, 16, 16, 16);
gemmini_extended_preload(0x3cf0, 0x800000f0, 16, 16, 16, 16);
gemmini_extended_compute_preloaded(0x0, 0xffffffff, 16, 16, 16, 16);
gemmini_extended_mvin2(B + 0x1000, 0x3d00, 64, 16);
gemmini_extended_preload(0x3d00, 0xc0000000, 16, 16, 16, 16);
gemmini_extended_compute_preloaded(0x10, 0xffffffff, 16, 16, 16, 16);
gemmini_extended_preload(0x3d10, 0xc0000010, 16, 16, 16, 16);
gemmini_extended_compute_preloaded(0x10, 0xffffffff, 16, 16, 16, 16);
gemmini_extended_preload(0x3d20, 0xc0000020, 16, 16, 16, 16);
gemmini_extended_compute_preloaded(0x10, 0xffffffff, 16, 16, 16, 16);
gemmini_extended_preload(0x3d30, 0xc0000030, 16, 16, 16, 16);
gemmini_extended_compute_preloaded(0x10, 0xffffffff, 16, 16, 16, 16);
gemmini_extended_mvin2(B + 0x1040, 0x3d40, 64, 16);
gemmini_extended_preload(0x3d40, 0xc0000040, 16, 16, 16, 16);
gemmini_extended_compute_preloaded(0x10, 0xffffffff, 16, 16, 16, 16);
gemmini_extended_preload(0x3d50, 0xc0000050, 16, 16, 16, 16);
gemmini_extended_compute_preloaded(0x10, 0xffffffff, 16, 16, 16, 16);
gemmini_extended_preload(0x3d60, 0xc0000060, 16, 16, 16, 16);
gemmini_extended_compute_preloaded(0x10, 0xffffffff, 16, 16, 16, 16);
gemmini_extended_preload(0x3d70, 0xc0000070, 16, 16, 16, 16);
gemmini_extended_compute_preloaded(0x10, 0xffffffff, 16, 16, 16, 16);
gemmini_extended_mvin2(B + 0x1080, 0x3d80, 64, 16);
gemmini_extended_preload(0x3d80, 0xc0000080, 16, 16, 16, 16);
gemmini_extended_compute_preloaded(0x10, 0xffffffff, 16, 16, 16, 16);
gemmini_extended_preload(0x3d90, 0xc0000090, 16, 16, 16, 16);
gemmini_extended_compute_preloaded(0x10, 0xffffffff, 16, 16, 16, 16);
gemmini_extended_preload(0x3da0, 0xc00000a0, 16, 16, 16, 16);
gemmini_extended_compute_preloaded(0x10, 0xffffffff, 16, 16, 16, 16);
gemmini_extended_preload(0x3db0, 0xc00000b0, 16, 16, 16, 16);
gemmini_extended_compute_preloaded(0x10, 0xffffffff, 16, 16, 16, 16);
gemmini_extended_mvin2(B + 0x10c0, 0x3dc0, 64, 16);
gemmini_extended_preload(0x3dc0, 0xc00000c0, 16, 16, 16, 16);
gemmini_extended_compute_preloaded(0x10, 0xffffffff, 16, 16, 16, 16);
gemmini_extended_preload(0x3dd0, 0xc00000d0, 16, 16, 16, 16);
gemmini_extended_compute_preloaded(0x10, 0xffffffff, 16, 16, 16, 16);
gemmini_extended_preload(0x3de0, 0xc00000e0, 16, 16, 16, 16);
gemmini_extended_compute_preloaded(0x10, 0xffffffff, 16, 16, 16, 16);
gemmini_extended_preload(0x3df0, 0xc00000f0, 16, 16, 16, 16);
gemmini_extended_compute_preloaded(0x10, 0xffffffff, 16, 16, 16, 16);
gemmini_extended_mvin2(B + 0x2000, 0x3e00, 64, 16);
gemmini_extended_preload(0x3e00, 0xc0000000, 16, 16, 16, 16);
gemmini_extended_compute_preloaded(0x20, 0xffffffff, 16, 16, 16, 16);
gemmini_extended_preload(0x3e10, 0xc0000010, 16, 16, 16, 16);
gemmini_extended_compute_preloaded(0x20, 0xffffffff, 16, 16, 16, 16);
gemmini_extended_preload(0x3e20, 0xc0000020, 16, 16, 16, 16);
gemmini_extended_compute_preloaded(0x20, 0xffffffff, 16, 16, 16, 16);
gemmini_extended_preload(0x3e30, 0xc0000030, 16, 16, 16, 16);
gemmini_extended_compute_preloaded(0x20, 0xffffffff, 16, 16, 16, 16);
gemmini_extended_mvin2(B + 0x2040, 0x3e40, 64, 16);
gemmini_extended_preload(0x3e40, 0xc0000040, 16, 16, 16, 16);
gemmini_extended_compute_preloaded(0x20, 0xffffffff, 16, 16, 16, 16);
gemmini_extended_preload(0x3e50, 0xc0000050, 16, 16, 16, 16);
gemmini_extended_compute_preloaded(0x20, 0xffffffff, 16, 16, 16, 16);
gemmini_extended_preload(0x3e60, 0xc0000060, 16, 16, 16, 16);
gemmini_extended_compute_preloaded(0x20, 0xffffffff, 16, 16, 16, 16);
gemmini_extended_preload(0x3e70, 0xc0000070, 16, 16, 16, 16);
gemmini_extended_compute_preloaded(0x20, 0xffffffff, 16, 16, 16, 16);
gemmini_extended_mvin2(B + 0x2080, 0x3e80, 64, 16);
gemmini_extended_preload(0x3e80, 0xc0000080, 16, 16, 16, 16);
gemmini_extended_compute_preloaded(0x20, 0xffffffff, 16, 16, 16, 16);
gemmini_extended_preload(0x3e90, 0xc0000090, 16, 16, 16, 16);
gemmini_extended_compute_preloaded(0x20, 0xffffffff, 16, 16, 16, 16);
gemmini_extended_preload(0x3ea0, 0xc00000a0, 16, 16, 16, 16);
gemmini_extended_compute_preloaded(0x20, 0xffffffff, 16, 16, 16, 16);
gemmini_extended_preload(0x3eb0, 0xc00000b0, 16, 16, 16, 16);
gemmini_extended_compute_preloaded(0x20, 0xffffffff, 16, 16, 16, 16);
gemmini_extended_mvin2(B + 0x20c0, 0x3ec0, 64, 16);
gemmini_extended_preload(0x3ec0, 0xc00000c0, 16, 16, 16, 16);
gemmini_extended_compute_preloaded(0x20, 0xffffffff, 16, 16, 16, 16);
gemmini_extended_preload(0x3ed0, 0xc00000d0, 16, 16, 16, 16);
gemmini_extended_compute_preloaded(0x20, 0xffffffff, 16, 16, 16, 16);
gemmini_extended_preload(0x3ee0, 0xc00000e0, 16, 16, 16, 16);
gemmini_extended_compute_preloaded(0x20, 0xffffffff, 16, 16, 16, 16);
gemmini_extended_preload(0x3ef0, 0xc00000f0, 16, 16, 16, 16);
gemmini_extended_compute_preloaded(0x20, 0xffffffff, 16, 16, 16, 16);
gemmini_extended_mvin2(B + 0x3000, 0x3f00, 64, 16);
gemmini_extended_preload(0x3f00, 0xc0000000, 16, 16, 16, 16);
gemmini_extended_compute_preloaded(0x30, 0xffffffff, 16, 16, 16, 16);
gemmini_extended_preload(0x3f10, 0xc0000010, 16, 16, 16, 16);
gemmini_extended_compute_preloaded(0x30, 0xffffffff, 16, 16, 16, 16);
gemmini_extended_preload(0x3f20, 0xc0000020, 16, 16, 16, 16);
gemmini_extended_compute_preloaded(0x30, 0xffffffff, 16, 16, 16, 16);
gemmini_extended_preload(0x3f30, 0xc0000030, 16, 16, 16, 16);
gemmini_extended_compute_preloaded(0x30, 0xffffffff, 16, 16, 16, 16);
gemmini_extended_mvout(C + 0x0, 0xc0000000, 64, 16);
gemmini_extended_mvin2(B + 0x3040, 0x3f40, 64, 16);
gemmini_extended_preload(0x3f40, 0xc0000040, 16, 16, 16, 16);
gemmini_extended_compute_preloaded(0x30, 0xffffffff, 16, 16, 16, 16);
gemmini_extended_preload(0x3f50, 0xc0000050, 16, 16, 16, 16);
gemmini_extended_compute_preloaded(0x30, 0xffffffff, 16, 16, 16, 16);
gemmini_extended_preload(0x3f60, 0xc0000060, 16, 16, 16, 16);
gemmini_extended_compute_preloaded(0x30, 0xffffffff, 16, 16, 16, 16);
gemmini_extended_preload(0x3f70, 0xc0000070, 16, 16, 16, 16);
gemmini_extended_compute_preloaded(0x30, 0xffffffff, 16, 16, 16, 16);
gemmini_extended_mvout(C + 0x40, 0xc0000040, 64, 16);
gemmini_extended_mvin2(B + 0x3080, 0x3f80, 64, 16);
gemmini_extended_preload(0x3f80, 0xc0000080, 16, 16, 16, 16);
gemmini_extended_compute_preloaded(0x30, 0xffffffff, 16, 16, 16, 16);
gemmini_extended_preload(0x3f90, 0xc0000090, 16, 16, 16, 16);
gemmini_extended_compute_preloaded(0x30, 0xffffffff, 16, 16, 16, 16);
gemmini_extended_preload(0x3fa0, 0xc00000a0, 16, 16, 16, 16);
gemmini_extended_compute_preloaded(0x30, 0xffffffff, 16, 16, 16, 16);
gemmini_extended_preload(0x3fb0, 0xc00000b0, 16, 16, 16, 16);
gemmini_extended_compute_preloaded(0x30, 0xffffffff, 16, 16, 16, 16);
gemmini_extended_mvout(C + 0x80, 0xc0000080, 64, 16);
gemmini_extended_mvin2(B + 0x30c0, 0x3fc0, 64, 16);
gemmini_extended_preload(0x3fc0, 0xc00000c0, 16, 16, 16, 16);
gemmini_extended_compute_preloaded(0x30, 0xffffffff, 16, 16, 16, 16);
gemmini_extended_preload(0x3fd0, 0xc00000d0, 16, 16, 16, 16);
gemmini_extended_compute_preloaded(0x30, 0xffffffff, 16, 16, 16, 16);
gemmini_extended_preload(0x3fe0, 0xc00000e0, 16, 16, 16, 16);
gemmini_extended_compute_preloaded(0x30, 0xffffffff, 16, 16, 16, 16);
gemmini_extended_preload(0x3ff0, 0xc00000f0, 16, 16, 16, 16);
gemmini_extended_compute_preloaded(0x30, 0xffffffff, 16, 16, 16, 16);
gemmini_extended_mvout(C + 0xc0, 0xc00000c0, 64, 16);
gemmini_extended_config_ex(WS, 0, 0, 1, 0, 0);
gemmini_extended_config_st(256, 0, ACC_SCALE_IDENTITY);
gemmini_extended3_config_ld(64, MVIN_SCALE_IDENTITY, 0, 0);
gemmini_extended3_config_ld(256, MVIN_SCALE_IDENTITY, 0, 1);
gemmini_extended3_config_ld(1024, MVIN_SCALE_IDENTITY, 0, 2);
gemmini_extended_mvin(A + 0x0, 0x0, 64, 16);
gemmini_extended_mvin2(B + 0x0, 0x3c00, 64, 16);
gemmini_extended_preload(0x3c00, 0x80000000, 16, 16, 16, 16);
gemmini_extended_compute_preloaded(0x0, 0xffffffff, 16, 16, 16, 16);
gemmini_extended_preload(0x3c10, 0x80000010, 16, 16, 16, 16);
gemmini_extended_compute_preloaded(0x0, 0xffffffff, 16, 16, 16, 16);
gemmini_extended_preload(0x3c20, 0x80000020, 16, 16, 16, 16);
gemmini_extended_compute_preloaded(0x0, 0xffffffff, 16, 16, 16, 16);
gemmini_extended_preload(0x3c30, 0x80000030, 16, 16, 16, 16);
gemmini_extended_compute_preloaded(0x0, 0xffffffff, 16, 16, 16, 16);
gemmini_extended_mvin2(B + 0x40, 0x3c40, 64, 16);
gemmini_extended_preload(0x3c40, 0x80000040, 16, 16, 16, 16);
gemmini_extended_compute_preloaded(0x0, 0xffffffff, 16, 16, 16, 16);
gemmini_extended_preload(0x3c50, 0x80000050, 16, 16, 16, 16);
gemmini_extended_compute_preloaded(0x0, 0xffffffff, 16, 16, 16, 16);
gemmini_extended_preload(0x3c60, 0x80000060, 16, 16, 16, 16);
gemmini_extended_compute_preloaded(0x0, 0xffffffff, 16, 16, 16, 16);
gemmini_extended_preload(0x3c70, 0x80000070, 16, 16, 16, 16);
gemmini_extended_compute_preloaded(0x0, 0xffffffff, 16, 16, 16, 16);
gemmini_extended_mvin2(B + 0x80, 0x3c80, 64, 16);
gemmini_extended_preload(0x3c80, 0x80000080, 16, 16, 16, 16);
gemmini_extended_compute_preloaded(0x0, 0xffffffff, 16, 16, 16, 16);
gemmini_extended_preload(0x3c90, 0x80000090, 16, 16, 16, 16);
gemmini_extended_compute_preloaded(0x0, 0xffffffff, 16, 16, 16, 16);
gemmini_extended_preload(0x3ca0, 0x800000a0, 16, 16, 16, 16);
gemmini_extended_compute_preloaded(0x0, 0xffffffff, 16, 16, 16, 16);
gemmini_extended_preload(0x3cb0, 0x800000b0, 16, 16, 16, 16);
gemmini_extended_compute_preloaded(0x0, 0xffffffff, 16, 16, 16, 16);
gemmini_extended_mvin2(B + 0xc0, 0x3cc0, 64, 16);
gemmini_extended_preload(0x3cc0, 0x800000c0, 16, 16, 16, 16);
gemmini_extended_compute_preloaded(0x0, 0xffffffff, 16, 16, 16, 16);
gemmini_extended_preload(0x3cd0, 0x800000d0, 16, 16, 16, 16);
gemmini_extended_compute_preloaded(0x0, 0xffffffff, 16, 16, 16, 16);
gemmini_extended_preload(0x3ce0, 0x800000e0, 16, 16, 16, 16);
gemmini_extended_compute_preloaded(0x0, 0xffffffff, 16, 16, 16, 16);
gemmini_extended_preload(0x3cf0, 0x800000f0, 16, 16, 16, 16);
gemmini_extended_compute_preloaded(0x0, 0xffffffff, 16, 16, 16, 16);
gemmini_extended_mvin2(B + 0x1000, 0x3d00, 64, 16);
gemmini_extended_preload(0x3d00, 0xc0000000, 16, 16, 16, 16);
gemmini_extended_compute_preloaded(0x10, 0xffffffff, 16, 16, 16, 16);
gemmini_extended_preload(0x3d10, 0xc0000010, 16, 16, 16, 16);
gemmini_extended_compute_preloaded(0x10, 0xffffffff, 16, 16, 16, 16);
gemmini_extended_preload(0x3d20, 0xc0000020, 16, 16, 16, 16);
gemmini_extended_compute_preloaded(0x10, 0xffffffff, 16, 16, 16, 16);
gemmini_extended_preload(0x3d30, 0xc0000030, 16, 16, 16, 16);
gemmini_extended_compute_preloaded(0x10, 0xffffffff, 16, 16, 16, 16);
gemmini_extended_mvin2(B + 0x1040, 0x3d40, 64, 16);
gemmini_extended_preload(0x3d40, 0xc0000040, 16, 16, 16, 16);
gemmini_extended_compute_preloaded(0x10, 0xffffffff, 16, 16, 16, 16);
gemmini_extended_preload(0x3d50, 0xc0000050, 16, 16, 16, 16);
gemmini_extended_compute_preloaded(0x10, 0xffffffff, 16, 16, 16, 16);
gemmini_extended_preload(0x3d60, 0xc0000060, 16, 16, 16, 16);
gemmini_extended_compute_preloaded(0x10, 0xffffffff, 16, 16, 16, 16);
gemmini_extended_preload(0x3d70, 0xc0000070, 16, 16, 16, 16);
gemmini_extended_compute_preloaded(0x10, 0xffffffff, 16, 16, 16, 16);
gemmini_extended_mvin2(B + 0x1080, 0x3d80, 64, 16);
gemmini_extended_preload(0x3d80, 0xc0000080, 16, 16, 16, 16);
gemmini_extended_compute_preloaded(0x10, 0xffffffff, 16, 16, 16, 16);
gemmini_extended_preload(0x3d90, 0xc0000090, 16, 16, 16, 16);
gemmini_extended_compute_preloaded(0x10, 0xffffffff, 16, 16, 16, 16);
gemmini_extended_preload(0x3da0, 0xc00000a0, 16, 16, 16, 16);
gemmini_extended_compute_preloaded(0x10, 0xffffffff, 16, 16, 16, 16);
gemmini_extended_preload(0x3db0, 0xc00000b0, 16, 16, 16, 16);
gemmini_extended_compute_preloaded(0x10, 0xffffffff, 16, 16, 16, 16);
gemmini_extended_mvin2(B + 0x10c0, 0x3dc0, 64, 16);
gemmini_extended_preload(0x3dc0, 0xc00000c0, 16, 16, 16, 16);
gemmini_extended_compute_preloaded(0x10, 0xffffffff, 16, 16, 16, 16);
gemmini_extended_preload(0x3dd0, 0xc00000d0, 16, 16, 16, 16);
gemmini_extended_compute_preloaded(0x10, 0xffffffff, 16, 16, 16, 16);
gemmini_extended_preload(0x3de0, 0xc00000e0, 16, 16, 16, 16);
gemmini_extended_compute_preloaded(0x10, 0xffffffff, 16, 16, 16, 16);
gemmini_extended_preload(0x3df0, 0xc00000f0, 16, 16, 16, 16);
gemmini_extended_compute_preloaded(0x10, 0xffffffff, 16, 16, 16, 16);
gemmini_extended_mvin2(B + 0x2000, 0x3e00, 64, 16);
gemmini_extended_preload(0x3e00, 0xc0000000, 16, 16, 16, 16);
gemmini_extended_compute_preloaded(0x20, 0xffffffff, 16, 16, 16, 16);
gemmini_extended_preload(0x3e10, 0xc0000010, 16, 16, 16, 16);
gemmini_extended_compute_preloaded(0x20, 0xffffffff, 16, 16, 16, 16);
gemmini_extended_preload(0x3e20, 0xc0000020, 16, 16, 16, 16);
gemmini_extended_compute_preloaded(0x20, 0xffffffff, 16, 16, 16, 16);
gemmini_extended_preload(0x3e30, 0xc0000030, 16, 16, 16, 16);
gemmini_extended_compute_preloaded(0x20, 0xffffffff, 16, 16, 16, 16);
gemmini_extended_mvin2(B + 0x2040, 0x3e40, 64, 16);
gemmini_extended_preload(0x3e40, 0xc0000040, 16, 16, 16, 16);
gemmini_extended_compute_preloaded(0x20, 0xffffffff, 16, 16, 16, 16);
gemmini_extended_preload(0x3e50, 0xc0000050, 16, 16, 16, 16);
gemmini_extended_compute_preloaded(0x20, 0xffffffff, 16, 16, 16, 16);
gemmini_extended_preload(0x3e60, 0xc0000060, 16, 16, 16, 16);
gemmini_extended_compute_preloaded(0x20, 0xffffffff, 16, 16, 16, 16);
gemmini_extended_preload(0x3e70, 0xc0000070, 16, 16, 16, 16);
gemmini_extended_compute_preloaded(0x20, 0xffffffff, 16, 16, 16, 16);
gemmini_extended_mvin2(B + 0x2080, 0x3e80, 64, 16);
gemmini_extended_preload(0x3e80, 0xc0000080, 16, 16, 16, 16);
gemmini_extended_compute_preloaded(0x20, 0xffffffff, 16, 16, 16, 16);
gemmini_extended_preload(0x3e90, 0xc0000090, 16, 16, 16, 16);
gemmini_extended_compute_preloaded(0x20, 0xffffffff, 16, 16, 16, 16);
gemmini_extended_preload(0x3ea0, 0xc00000a0, 16, 16, 16, 16);
gemmini_extended_compute_preloaded(0x20, 0xffffffff, 16, 16, 16, 16);
gemmini_extended_preload(0x3eb0, 0xc00000b0, 16, 16, 16, 16);
gemmini_extended_compute_preloaded(0x20, 0xffffffff, 16, 16, 16, 16);
gemmini_extended_mvin2(B + 0x20c0, 0x3ec0, 64, 16);
gemmini_extended_preload(0x3ec0, 0xc00000c0, 16, 16, 16, 16);
gemmini_extended_compute_preloaded(0x20, 0xffffffff, 16, 16, 16, 16);
gemmini_extended_preload(0x3ed0, 0xc00000d0, 16, 16, 16, 16);
gemmini_extended_compute_preloaded(0x20, 0xffffffff, 16, 16, 16, 16);
gemmini_extended_preload(0x3ee0, 0xc00000e0, 16, 16, 16, 16);
gemmini_extended_compute_preloaded(0x20, 0xffffffff, 16, 16, 16, 16);
gemmini_extended_preload(0x3ef0, 0xc00000f0, 16, 16, 16, 16);
gemmini_extended_compute_preloaded(0x20, 0xffffffff, 16, 16, 16, 16);
gemmini_extended_mvin2(B + 0x3000, 0x3f00, 64, 16);
gemmini_extended_preload(0x3f00, 0xc0000000, 16, 16, 16, 16);
gemmini_extended_compute_preloaded(0x30, 0xffffffff, 16, 16, 16, 16);
gemmini_extended_preload(0x3f10, 0xc0000010, 16, 16, 16, 16);
gemmini_extended_compute_preloaded(0x30, 0xffffffff, 16, 16, 16, 16);
gemmini_extended_preload(0x3f20, 0xc0000020, 16, 16, 16, 16);
gemmini_extended_compute_preloaded(0x30, 0xffffffff, 16, 16, 16, 16);
gemmini_extended_preload(0x3f30, 0xc0000030, 16, 16, 16, 16);
gemmini_extended_compute_preloaded(0x30, 0xffffffff, 16, 16, 16, 16);
gemmini_extended_mvout(C + 0x0, 0xc0000000, 64, 16);
gemmini_extended_mvin2(B + 0x3040, 0x3f40, 64, 16);
gemmini_extended_preload(0x3f40, 0xc0000040, 16, 16, 16, 16);
gemmini_extended_compute_preloaded(0x30, 0xffffffff, 16, 16, 16, 16);
gemmini_extended_preload(0x3f50, 0xc0000050, 16, 16, 16, 16);
gemmini_extended_compute_preloaded(0x30, 0xffffffff, 16, 16, 16, 16);
gemmini_extended_preload(0x3f60, 0xc0000060, 16, 16, 16, 16);
gemmini_extended_compute_preloaded(0x30, 0xffffffff, 16, 16, 16, 16);
gemmini_extended_preload(0x3f70, 0xc0000070, 16, 16, 16, 16);
gemmini_extended_compute_preloaded(0x30, 0xffffffff, 16, 16, 16, 16);
gemmini_extended_mvout(C + 0x40, 0xc0000040, 64, 16);
gemmini_extended_mvin2(B + 0x3080, 0x3f80, 64, 16);
gemmini_extended_preload(0x3f80, 0xc0000080, 16, 16, 16, 16);
gemmini_extended_compute_preloaded(0x30, 0xffffffff, 16, 16, 16, 16);
gemmini_extended_preload(0x3f90, 0xc0000090, 16, 16, 16, 16);
gemmini_extended_compute_preloaded(0x30, 0xffffffff, 16, 16, 16, 16);
gemmini_extended_preload(0x3fa0, 0xc00000a0, 16, 16, 16, 16);
gemmini_extended_compute_preloaded(0x30, 0xffffffff, 16, 16, 16, 16);
gemmini_extended_preload(0x3fb0, 0xc00000b0, 16, 16, 16, 16);
gemmini_extended_compute_preloaded(0x30, 0xffffffff, 16, 16, 16, 16);
gemmini_extended_mvout(C + 0x80, 0xc0000080, 64, 16);
gemmini_extended_mvin2(B + 0x30c0, 0x3fc0, 64, 16);
gemmini_extended_preload(0x3fc0, 0xc00000c0, 16, 16, 16, 16);
gemmini_extended_compute_preloaded(0x30, 0xffffffff, 16, 16, 16, 16);
gemmini_extended_preload(0x3fd0, 0xc00000d0, 16, 16, 16, 16);
gemmini_extended_compute_preloaded(0x30, 0xffffffff, 16, 16, 16, 16);
gemmini_extended_preload(0x3fe0, 0xc00000e0, 16, 16, 16, 16);
gemmini_extended_compute_preloaded(0x30, 0xffffffff, 16, 16, 16, 16);
gemmini_extended_preload(0x3ff0, 0xc00000f0, 16, 16, 16, 16);
gemmini_extended_compute_preloaded(0x30, 0xffffffff, 16, 16, 16, 16);
gemmini_extended_mvout(C + 0xc0, 0xc00000c0, 64, 16);
gemmini_extended_config_ex(WS, 0, 0, 1, 0, 0);
gemmini_extended_config_st(256, 0, ACC_SCALE_IDENTITY);
gemmini_extended3_config_ld(64, MVIN_SCALE_IDENTITY, 0, 0);
gemmini_extended3_config_ld(256, MVIN_SCALE_IDENTITY, 0, 1);
gemmini_extended3_config_ld(1024, MVIN_SCALE_IDENTITY, 0, 2);
gemmini_extended_mvin(A + 0x0, 0x0, 64, 16);
gemmini_extended_mvin2(B + 0x0, 0x3c00, 64, 16);
gemmini_extended_preload(0x3c00, 0x80000000, 16, 16, 16, 16);
gemmini_extended_compute_preloaded(0x0, 0xffffffff, 16, 16, 16, 16);
gemmini_extended_preload(0x3c10, 0x80000010, 16, 16, 16, 16);
gemmini_extended_compute_preloaded(0x0, 0xffffffff, 16, 16, 16, 16);
gemmini_extended_preload(0x3c20, 0x80000020, 16, 16, 16, 16);
gemmini_extended_compute_preloaded(0x0, 0xffffffff, 16, 16, 16, 16);
gemmini_extended_preload(0x3c30, 0x80000030, 16, 16, 16, 16);
gemmini_extended_compute_preloaded(0x0, 0xffffffff, 16, 16, 16, 16);
gemmini_extended_mvin2(B + 0x40, 0x3c40, 64, 16);
gemmini_extended_preload(0x3c40, 0x80000040, 16, 16, 16, 16);
gemmini_extended_compute_preloaded(0x0, 0xffffffff, 16, 16, 16, 16);
gemmini_extended_preload(0x3c50, 0x80000050, 16, 16, 16, 16);
gemmini_extended_compute_preloaded(0x0, 0xffffffff, 16, 16, 16, 16);
gemmini_extended_preload(0x3c60, 0x80000060, 16, 16, 16, 16);
gemmini_extended_compute_preloaded(0x0, 0xffffffff, 16, 16, 16, 16);
gemmini_extended_preload(0x3c70, 0x80000070, 16, 16, 16, 16);
gemmini_extended_compute_preloaded(0x0, 0xffffffff, 16, 16, 16, 16);
gemmini_extended_mvin2(B + 0x80, 0x3c80, 64, 16);
gemmini_extended_preload(0x3c80, 0x80000080, 16, 16, 16, 16);
gemmini_extended_compute_preloaded(0x0, 0xffffffff, 16, 16, 16, 16);
gemmini_extended_preload(0x3c90, 0x80000090, 16, 16, 16, 16);
gemmini_extended_compute_preloaded(0x0, 0xffffffff, 16, 16, 16, 16);
gemmini_extended_preload(0x3ca0, 0x800000a0, 16, 16, 16, 16);
gemmini_extended_compute_preloaded(0x0, 0xffffffff, 16, 16, 16, 16);
gemmini_extended_preload(0x3cb0, 0x800000b0, 16, 16, 16, 16);
gemmini_extended_compute_preloaded(0x0, 0xffffffff, 16, 16, 16, 16);
gemmini_extended_mvin2(B + 0xc0, 0x3cc0, 64, 16);
gemmini_extended_preload(0x3cc0, 0x800000c0, 16, 16, 16, 16);
gemmini_extended_compute_preloaded(0x0, 0xffffffff, 16, 16, 16, 16);
gemmini_extended_preload(0x3cd0, 0x800000d0, 16, 16, 16, 16);
gemmini_extended_compute_preloaded(0x0, 0xffffffff, 16, 16, 16, 16);
gemmini_extended_preload(0x3ce0, 0x800000e0, 16, 16, 16, 16);
gemmini_extended_compute_preloaded(0x0, 0xffffffff, 16, 16, 16, 16);
gemmini_extended_preload(0x3cf0, 0x800000f0, 16, 16, 16, 16);
gemmini_extended_compute_preloaded(0x0, 0xffffffff, 16, 16, 16, 16);
gemmini_extended_mvin2(B + 0x1000, 0x3d00, 64, 16);
gemmini_extended_preload(0x3d00, 0xc0000000, 16, 16, 16, 16);
gemmini_extended_compute_preloaded(0x10, 0xffffffff, 16, 16, 16, 16);
gemmini_extended_preload(0x3d10, 0xc0000010, 16, 16, 16, 16);
gemmini_extended_compute_preloaded(0x10, 0xffffffff, 16, 16, 16, 16);
gemmini_extended_preload(0x3d20, 0xc0000020, 16, 16, 16, 16);
gemmini_extended_compute_preloaded(0x10, 0xffffffff, 16, 16, 16, 16);
gemmini_extended_preload(0x3d30, 0xc0000030, 16, 16, 16, 16);
gemmini_extended_compute_preloaded(0x10, 0xffffffff, 16, 16, 16, 16);
gemmini_extended_mvin2(B + 0x1040, 0x3d40, 64, 16);
gemmini_extended_preload(0x3d40, 0xc0000040, 16, 16, 16, 16);
gemmini_extended_compute_preloaded(0x10, 0xffffffff, 16, 16, 16, 16);
gemmini_extended_preload(0x3d50, 0xc0000050, 16, 16, 16, 16);
gemmini_extended_compute_preloaded(0x10, 0xffffffff, 16, 16, 16, 16);
gemmini_extended_preload(0x3d60, 0xc0000060, 16, 16, 16, 16);
gemmini_extended_compute_preloaded(0x10, 0xffffffff, 16, 16, 16, 16);
gemmini_extended_preload(0x3d70, 0xc0000070, 16, 16, 16, 16);
gemmini_extended_compute_preloaded(0x10, 0xffffffff, 16, 16, 16, 16);
gemmini_extended_mvin2(B + 0x1080, 0x3d80, 64, 16);
gemmini_extended_preload(0x3d80, 0xc0000080, 16, 16, 16, 16);
gemmini_extended_compute_preloaded(0x10, 0xffffffff, 16, 16, 16, 16);
gemmini_extended_preload(0x3d90, 0xc0000090, 16, 16, 16, 16);
gemmini_extended_compute_preloaded(0x10, 0xffffffff, 16, 16, 16, 16);
gemmini_extended_preload(0x3da0, 0xc00000a0, 16, 16, 16, 16);
gemmini_extended_compute_preloaded(0x10, 0xffffffff, 16, 16, 16, 16);
gemmini_extended_preload(0x3db0, 0xc00000b0, 16, 16, 16, 16);
gemmini_extended_compute_preloaded(0x10, 0xffffffff, 16, 16, 16, 16);
gemmini_extended_mvin2(B + 0x10c0, 0x3dc0, 64, 16);
gemmini_extended_preload(0x3dc0, 0xc00000c0, 16, 16, 16, 16);
gemmini_extended_compute_preloaded(0x10, 0xffffffff, 16, 16, 16, 16);
gemmini_extended_preload(0x3dd0, 0xc00000d0, 16, 16, 16, 16);
gemmini_extended_compute_preloaded(0x10, 0xffffffff, 16, 16, 16, 16);
gemmini_extended_preload(0x3de0, 0xc00000e0, 16, 16, 16, 16);
gemmini_extended_compute_preloaded(0x10, 0xffffffff, 16, 16, 16, 16);
gemmini_extended_preload(0x3df0, 0xc00000f0, 16, 16, 16, 16);
gemmini_extended_compute_preloaded(0x10, 0xffffffff, 16, 16, 16, 16);
gemmini_extended_mvin2(B + 0x2000, 0x3e00, 64, 16);
gemmini_extended_preload(0x3e00, 0xc0000000, 16, 16, 16, 16);
gemmini_extended_compute_preloaded(0x20, 0xffffffff, 16, 16, 16, 16);
gemmini_extended_preload(0x3e10, 0xc0000010, 16, 16, 16, 16);
gemmini_extended_compute_preloaded(0x20, 0xffffffff, 16, 16, 16, 16);
gemmini_extended_preload(0x3e20, 0xc0000020, 16, 16, 16, 16);
gemmini_extended_compute_preloaded(0x20, 0xffffffff, 16, 16, 16, 16);
gemmini_extended_preload(0x3e30, 0xc0000030, 16, 16, 16, 16);
gemmini_extended_compute_preloaded(0x20, 0xffffffff, 16, 16, 16, 16);
gemmini_extended_mvin2(B + 0x2040, 0x3e40, 64, 16);
gemmini_extended_preload(0x3e40, 0xc0000040, 16, 16, 16, 16);
gemmini_extended_compute_preloaded(0x20, 0xffffffff, 16, 16, 16, 16);
gemmini_extended_preload(0x3e50, 0xc0000050, 16, 16, 16, 16);
gemmini_extended_compute_preloaded(0x20, 0xffffffff, 16, 16, 16, 16);
gemmini_extended_preload(0x3e60, 0xc0000060, 16, 16, 16, 16);
gemmini_extended_compute_preloaded(0x20, 0xffffffff, 16, 16, 16, 16);
gemmini_extended_preload(0x3e70, 0xc0000070, 16, 16, 16, 16);
gemmini_extended_compute_preloaded(0x20, 0xffffffff, 16, 16, 16, 16);
gemmini_extended_mvin2(B + 0x2080, 0x3e80, 64, 16);
gemmini_extended_preload(0x3e80, 0xc0000080, 16, 16, 16, 16);
gemmini_extended_compute_preloaded(0x20, 0xffffffff, 16, 16, 16, 16);
gemmini_extended_preload(0x3e90, 0xc0000090, 16, 16, 16, 16);
gemmini_extended_compute_preloaded(0x20, 0xffffffff, 16, 16, 16, 16);
gemmini_extended_preload(0x3ea0, 0xc00000a0, 16, 16, 16, 16);
gemmini_extended_compute_preloaded(0x20, 0xffffffff, 16, 16, 16, 16);
gemmini_extended_preload(0x3eb0, 0xc00000b0, 16, 16, 16, 16);
gemmini_extended_compute_preloaded(0x20, 0xffffffff, 16, 16, 16, 16);
gemmini_extended_mvin2(B + 0x20c0, 0x3ec0, 64, 16);
gemmini_extended_preload(0x3ec0, 0xc00000c0, 16, 16, 16, 16);
gemmini_extended_compute_preloaded(0x20, 0xffffffff, 16, 16, 16, 16);
gemmini_extended_preload(0x3ed0, 0xc00000d0, 16, 16, 16, 16);
gemmini_extended_compute_preloaded(0x20, 0xffffffff, 16, 16, 16, 16);
gemmini_extended_preload(0x3ee0, 0xc00000e0, 16, 16, 16, 16);
gemmini_extended_compute_preloaded(0x20, 0xffffffff, 16, 16, 16, 16);
gemmini_extended_preload(0x3ef0, 0xc00000f0, 16, 16, 16, 16);
gemmini_extended_compute_preloaded(0x20, 0xffffffff, 16, 16, 16, 16);
gemmini_extended_mvin2(B + 0x3000, 0x3f00, 64, 16);
gemmini_extended_preload(0x3f00, 0xc0000000, 16, 16, 16, 16);
gemmini_extended_compute_preloaded(0x30, 0xffffffff, 16, 16, 16, 16);
gemmini_extended_preload(0x3f10, 0xc0000010, 16, 16, 16, 16);
gemmini_extended_compute_preloaded(0x30, 0xffffffff, 16, 16, 16, 16);
gemmini_extended_preload(0x3f20, 0xc0000020, 16, 16, 16, 16);
gemmini_extended_compute_preloaded(0x30, 0xffffffff, 16, 16, 16, 16);
gemmini_extended_preload(0x3f30, 0xc0000030, 16, 16, 16, 16);
gemmini_extended_compute_preloaded(0x30, 0xffffffff, 16, 16, 16, 16);
gemmini_extended_mvout(C + 0x0, 0xc0000000, 64, 16);
gemmini_extended_mvin2(B + 0x3040, 0x3f40, 64, 16);
gemmini_extended_preload(0x3f40, 0xc0000040, 16, 16, 16, 16);
gemmini_extended_compute_preloaded(0x30, 0xffffffff, 16, 16, 16, 16);
gemmini_extended_preload(0x3f50, 0xc0000050, 16, 16, 16, 16);
gemmini_extended_compute_preloaded(0x30, 0xffffffff, 16, 16, 16, 16);
gemmini_extended_preload(0x3f60, 0xc0000060, 16, 16, 16, 16);
gemmini_extended_compute_preloaded(0x30, 0xffffffff, 16, 16, 16, 16);
gemmini_extended_preload(0x3f70, 0xc0000070, 16, 16, 16, 16);
gemmini_extended_compute_preloaded(0x30, 0xffffffff, 16, 16, 16, 16);
gemmini_extended_mvout(C + 0x40, 0xc0000040, 64, 16);
gemmini_extended_mvin2(B + 0x3080, 0x3f80, 64, 16);
gemmini_extended_preload(0x3f80, 0xc0000080, 16, 16, 16, 16);
gemmini_extended_compute_preloaded(0x30, 0xffffffff, 16, 16, 16, 16);
gemmini_extended_preload(0x3f90, 0xc0000090, 16, 16, 16, 16);
gemmini_extended_compute_preloaded(0x30, 0xffffffff, 16, 16, 16, 16);
gemmini_extended_preload(0x3fa0, 0xc00000a0, 16, 16, 16, 16);
gemmini_extended_compute_preloaded(0x30, 0xffffffff, 16, 16, 16, 16);
gemmini_extended_preload(0x3fb0, 0xc00000b0, 16, 16, 16, 16);
gemmini_extended_compute_preloaded(0x30, 0xffffffff, 16, 16, 16, 16);
gemmini_extended_mvout(C + 0x80, 0xc0000080, 64, 16);
gemmini_extended_mvin2(B + 0x30c0, 0x3fc0, 64, 16);
gemmini_extended_preload(0x3fc0, 0xc00000c0, 16, 16, 16, 16);
gemmini_extended_compute_preloaded(0x30, 0xffffffff, 16, 16, 16, 16);
gemmini_extended_preload(0x3fd0, 0xc00000d0, 16, 16, 16, 16);
gemmini_extended_compute_preloaded(0x30, 0xffffffff, 16, 16, 16, 16);
gemmini_extended_preload(0x3fe0, 0xc00000e0, 16, 16, 16, 16);
gemmini_extended_compute_preloaded(0x30, 0xffffffff, 16, 16, 16, 16);
gemmini_extended_preload(0x3ff0, 0xc00000f0, 16, 16, 16, 16);
gemmini_extended_compute_preloaded(0x30, 0xffffffff, 16, 16, 16, 16);
gemmini_extended_mvout(C + 0xc0, 0xc00000c0, 64, 16);
gemmini_extended_config_ex(WS, 0, 0, 1, 0, 0);
gemmini_extended_config_st(256, 0, ACC_SCALE_IDENTITY);
gemmini_extended3_config_ld(64, MVIN_SCALE_IDENTITY, 0, 0);
gemmini_extended3_config_ld(256, MVIN_SCALE_IDENTITY, 0, 1);
gemmini_extended3_config_ld(1024, MVIN_SCALE_IDENTITY, 0, 2);
gemmini_extended_mvin(A + 0x0, 0x0, 64, 16);
gemmini_extended_mvin2(B + 0x0, 0x3c00, 64, 16);
gemmini_extended_preload(0x3c00, 0x80000000, 16, 16, 16, 16);
gemmini_extended_compute_preloaded(0x0, 0xffffffff, 16, 16, 16, 16);
gemmini_extended_preload(0x3c10, 0x80000010, 16, 16, 16, 16);
gemmini_extended_compute_preloaded(0x0, 0xffffffff, 16, 16, 16, 16);
gemmini_extended_preload(0x3c20, 0x80000020, 16, 16, 16, 16);
gemmini_extended_compute_preloaded(0x0, 0xffffffff, 16, 16, 16, 16);
gemmini_extended_preload(0x3c30, 0x80000030, 16, 16, 16, 16);
gemmini_extended_compute_preloaded(0x0, 0xffffffff, 16, 16, 16, 16);
gemmini_extended_mvin2(B + 0x40, 0x3c40, 64, 16);
gemmini_extended_preload(0x3c40, 0x80000040, 16, 16, 16, 16);
gemmini_extended_compute_preloaded(0x0, 0xffffffff, 16, 16, 16, 16);
gemmini_extended_preload(0x3c50, 0x80000050, 16, 16, 16, 16);
gemmini_extended_compute_preloaded(0x0, 0xffffffff, 16, 16, 16, 16);
gemmini_extended_preload(0x3c60, 0x80000060, 16, 16, 16, 16);
gemmini_extended_compute_preloaded(0x0, 0xffffffff, 16, 16, 16, 16);
gemmini_extended_preload(0x3c70, 0x80000070, 16, 16, 16, 16);
gemmini_extended_compute_preloaded(0x0, 0xffffffff, 16, 16, 16, 16);
gemmini_extended_mvin2(B + 0x80, 0x3c80, 64, 16);
gemmini_extended_preload(0x3c80, 0x80000080, 16, 16, 16, 16);
gemmini_extended_compute_preloaded(0x0, 0xffffffff, 16, 16, 16, 16);
gemmini_extended_preload(0x3c90, 0x80000090, 16, 16, 16, 16);
gemmini_extended_compute_preloaded(0x0, 0xffffffff, 16, 16, 16, 16);
gemmini_extended_preload(0x3ca0, 0x800000a0, 16, 16, 16, 16);
gemmini_extended_compute_preloaded(0x0, 0xffffffff, 16, 16, 16, 16);
gemmini_extended_preload(0x3cb0, 0x800000b0, 16, 16, 16, 16);
gemmini_extended_compute_preloaded(0x0, 0xffffffff, 16, 16, 16, 16);
gemmini_extended_mvin2(B + 0xc0, 0x3cc0, 64, 16);
gemmini_extended_preload(0x3cc0, 0x800000c0, 16, 16, 16, 16);
gemmini_extended_compute_preloaded(0x0, 0xffffffff, 16, 16, 16, 16);
gemmini_extended_preload(0x3cd0, 0x800000d0, 16, 16, 16, 16);
gemmini_extended_compute_preloaded(0x0, 0xffffffff, 16, 16, 16, 16);
gemmini_extended_preload(0x3ce0, 0x800000e0, 16, 16, 16, 16);
gemmini_extended_compute_preloaded(0x0, 0xffffffff, 16, 16, 16, 16);
gemmini_extended_preload(0x3cf0, 0x800000f0, 16, 16, 16, 16);
gemmini_extended_compute_preloaded(0x0, 0xffffffff, 16, 16, 16, 16);
gemmini_extended_mvin2(B + 0x1000, 0x3d00, 64, 16);
gemmini_extended_preload(0x3d00, 0xc0000000, 16, 16, 16, 16);
gemmini_extended_compute_preloaded(0x10, 0xffffffff, 16, 16, 16, 16);
gemmini_extended_preload(0x3d10, 0xc0000010, 16, 16, 16, 16);
gemmini_extended_compute_preloaded(0x10, 0xffffffff, 16, 16, 16, 16);
gemmini_extended_preload(0x3d20, 0xc0000020, 16, 16, 16, 16);
gemmini_extended_compute_preloaded(0x10, 0xffffffff, 16, 16, 16, 16);
gemmini_extended_preload(0x3d30, 0xc0000030, 16, 16, 16, 16);
gemmini_extended_compute_preloaded(0x10, 0xffffffff, 16, 16, 16, 16);
gemmini_extended_mvin2(B + 0x1040, 0x3d40, 64, 16);
gemmini_extended_preload(0x3d40, 0xc0000040, 16, 16, 16, 16);
gemmini_extended_compute_preloaded(0x10, 0xffffffff, 16, 16, 16, 16);
gemmini_extended_preload(0x3d50, 0xc0000050, 16, 16, 16, 16);
gemmini_extended_compute_preloaded(0x10, 0xffffffff, 16, 16, 16, 16);
gemmini_extended_preload(0x3d60, 0xc0000060, 16, 16, 16, 16);
gemmini_extended_compute_preloaded(0x10, 0xffffffff, 16, 16, 16, 16);
gemmini_extended_preload(0x3d70, 0xc0000070, 16, 16, 16, 16);
gemmini_extended_compute_preloaded(0x10, 0xffffffff, 16, 16, 16, 16);
gemmini_extended_mvin2(B + 0x1080, 0x3d80, 64, 16);
gemmini_extended_preload(0x3d80, 0xc0000080, 16, 16, 16, 16);
gemmini_extended_compute_preloaded(0x10, 0xffffffff, 16, 16, 16, 16);
gemmini_extended_preload(0x3d90, 0xc0000090, 16, 16, 16, 16);
gemmini_extended_compute_preloaded(0x10, 0xffffffff, 16, 16, 16, 16);
gemmini_extended_preload(0x3da0, 0xc00000a0, 16, 16, 16, 16);
gemmini_extended_compute_preloaded(0x10, 0xffffffff, 16, 16, 16, 16);
gemmini_extended_preload(0x3db0, 0xc00000b0, 16, 16, 16, 16);
gemmini_extended_compute_preloaded(0x10, 0xffffffff, 16, 16, 16, 16);
gemmini_extended_mvin2(B + 0x10c0, 0x3dc0, 64, 16);
gemmini_extended_preload(0x3dc0, 0xc00000c0, 16, 16, 16, 16);
gemmini_extended_compute_preloaded(0x10, 0xffffffff, 16, 16, 16, 16);
gemmini_extended_preload(0x3dd0, 0xc00000d0, 16, 16, 16, 16);
gemmini_extended_compute_preloaded(0x10, 0xffffffff, 16, 16, 16, 16);
gemmini_extended_preload(0x3de0, 0xc00000e0, 16, 16, 16, 16);
gemmini_extended_compute_preloaded(0x10, 0xffffffff, 16, 16, 16, 16);
gemmini_extended_preload(0x3df0, 0xc00000f0, 16, 16, 16, 16);
gemmini_extended_compute_preloaded(0x10, 0xffffffff, 16, 16, 16, 16);
gemmini_extended_mvin2(B + 0x2000, 0x3e00, 64, 16);
gemmini_extended_preload(0x3e00, 0xc0000000, 16, 16, 16, 16);
gemmini_extended_compute_preloaded(0x20, 0xffffffff, 16, 16, 16, 16);
gemmini_extended_preload(0x3e10, 0xc0000010, 16, 16, 16, 16);
gemmini_extended_compute_preloaded(0x20, 0xffffffff, 16, 16, 16, 16);
gemmini_extended_preload(0x3e20, 0xc0000020, 16, 16, 16, 16);
gemmini_extended_compute_preloaded(0x20, 0xffffffff, 16, 16, 16, 16);
gemmini_extended_preload(0x3e30, 0xc0000030, 16, 16, 16, 16);
gemmini_extended_compute_preloaded(0x20, 0xffffffff, 16, 16, 16, 16);
gemmini_extended_mvin2(B + 0x2040, 0x3e40, 64, 16);
gemmini_extended_preload(0x3e40, 0xc0000040, 16, 16, 16, 16);
gemmini_extended_compute_preloaded(0x20, 0xffffffff, 16, 16, 16, 16);
gemmini_extended_preload(0x3e50, 0xc0000050, 16, 16, 16, 16);
gemmini_extended_compute_preloaded(0x20, 0xffffffff, 16, 16, 16, 16);
gemmini_extended_preload(0x3e60, 0xc0000060, 16, 16, 16, 16);
gemmini_extended_compute_preloaded(0x20, 0xffffffff, 16, 16, 16, 16);
gemmini_extended_preload(0x3e70, 0xc0000070, 16, 16, 16, 16);
gemmini_extended_compute_preloaded(0x20, 0xffffffff, 16, 16, 16, 16);
gemmini_extended_mvin2(B + 0x2080, 0x3e80, 64, 16);
gemmini_extended_preload(0x3e80, 0xc0000080, 16, 16, 16, 16);
gemmini_extended_compute_preloaded(0x20, 0xffffffff, 16, 16, 16, 16);
gemmini_extended_preload(0x3e90, 0xc0000090, 16, 16, 16, 16);
gemmini_extended_compute_preloaded(0x20, 0xffffffff, 16, 16, 16, 16);
gemmini_extended_preload(0x3ea0, 0xc00000a0, 16, 16, 16, 16);
gemmini_extended_compute_preloaded(0x20, 0xffffffff, 16, 16, 16, 16);
gemmini_extended_preload(0x3eb0, 0xc00000b0, 16, 16, 16, 16);
gemmini_extended_compute_preloaded(0x20, 0xffffffff, 16, 16, 16, 16);
gemmini_extended_mvin2(B + 0x20c0, 0x3ec0, 64, 16);
gemmini_extended_preload(0x3ec0, 0xc00000c0, 16, 16, 16, 16);
gemmini_extended_compute_preloaded(0x20, 0xffffffff, 16, 16, 16, 16);
gemmini_extended_preload(0x3ed0, 0xc00000d0, 16, 16, 16, 16);
gemmini_extended_compute_preloaded(0x20, 0xffffffff, 16, 16, 16, 16);
gemmini_extended_preload(0x3ee0, 0xc00000e0, 16, 16, 16, 16);
gemmini_extended_compute_preloaded(0x20, 0xffffffff, 16, 16, 16, 16);
gemmini_extended_preload(0x3ef0, 0xc00000f0, 16, 16, 16, 16);
gemmini_extended_compute_preloaded(0x20, 0xffffffff, 16, 16, 16, 16);
gemmini_extended_mvin2(B + 0x3000, 0x3f00, 64, 16);
gemmini_extended_preload(0x3f00, 0xc0000000, 16, 16, 16, 16);
gemmini_extended_compute_preloaded(0x30, 0xffffffff, 16, 16, 16, 16);
gemmini_extended_preload(0x3f10, 0xc0000010, 16, 16, 16, 16);
gemmini_extended_compute_preloaded(0x30, 0xffffffff, 16, 16, 16, 16);
gemmini_extended_preload(0x3f20, 0xc0000020, 16, 16, 16, 16);
gemmini_extended_compute_preloaded(0x30, 0xffffffff, 16, 16, 16, 16);
gemmini_extended_preload(0x3f30, 0xc0000030, 16, 16, 16, 16);
gemmini_extended_compute_preloaded(0x30, 0xffffffff, 16, 16, 16, 16);
gemmini_extended_mvout(C + 0x0, 0xc0000000, 64, 16);
gemmini_extended_mvin2(B + 0x3040, 0x3f40, 64, 16);
gemmini_extended_preload(0x3f40, 0xc0000040, 16, 16, 16, 16);
gemmini_extended_compute_preloaded(0x30, 0xffffffff, 16, 16, 16, 16);
gemmini_extended_preload(0x3f50, 0xc0000050, 16, 16, 16, 16);
gemmini_extended_compute_preloaded(0x30, 0xffffffff, 16, 16, 16, 16);
gemmini_extended_preload(0x3f60, 0xc0000060, 16, 16, 16, 16);
gemmini_extended_compute_preloaded(0x30, 0xffffffff, 16, 16, 16, 16);
gemmini_extended_preload(0x3f70, 0xc0000070, 16, 16, 16, 16);
gemmini_extended_compute_preloaded(0x30, 0xffffffff, 16, 16, 16, 16);
gemmini_extended_mvout(C + 0x40, 0xc0000040, 64, 16);
gemmini_extended_mvin2(B + 0x3080, 0x3f80, 64, 16);
gemmini_extended_preload(0x3f80, 0xc0000080, 16, 16, 16, 16);
gemmini_extended_compute_preloaded(0x30, 0xffffffff, 16, 16, 16, 16);
gemmini_extended_preload(0x3f90, 0xc0000090, 16, 16, 16, 16);
gemmini_extended_compute_preloaded(0x30, 0xffffffff, 16, 16, 16, 16);
gemmini_extended_preload(0x3fa0, 0xc00000a0, 16, 16, 16, 16);
gemmini_extended_compute_preloaded(0x30, 0xffffffff, 16, 16, 16, 16);
gemmini_extended_preload(0x3fb0, 0xc00000b0, 16, 16, 16, 16);
gemmini_extended_compute_preloaded(0x30, 0xffffffff, 16, 16, 16, 16);
gemmini_extended_mvout(C + 0x80, 0xc0000080, 64, 16);
gemmini_extended_mvin2(B + 0x30c0, 0x3fc0, 64, 16);
gemmini_extended_preload(0x3fc0, 0xc00000c0, 16, 16, 16, 16);
gemmini_extended_compute_preloaded(0x30, 0xffffffff, 16, 16, 16, 16);
gemmini_extended_preload(0x3fd0, 0xc00000d0, 16, 16, 16, 16);
gemmini_extended_compute_preloaded(0x30, 0xffffffff, 16, 16, 16, 16);
gemmini_extended_preload(0x3fe0, 0xc00000e0, 16, 16, 16, 16);
gemmini_extended_compute_preloaded(0x30, 0xffffffff, 16, 16, 16, 16);
gemmini_extended_preload(0x3ff0, 0xc00000f0, 16, 16, 16, 16);
gemmini_extended_compute_preloaded(0x30, 0xffffffff, 16, 16, 16, 16);
gemmini_extended_mvout(C + 0xc0, 0xc00000c0, 64, 16);
gemmini_extended_config_ex(WS, 0, 0, 1, 0, 0);
gemmini_extended_config_st(256, 0, ACC_SCALE_IDENTITY);
gemmini_extended3_config_ld(64, MVIN_SCALE_IDENTITY, 0, 0);
gemmini_extended3_config_ld(256, MVIN_SCALE_IDENTITY, 0, 1);
gemmini_extended3_config_ld(1024, MVIN_SCALE_IDENTITY, 0, 2);
gemmini_extended_mvin(A + 0x0, 0x0, 64, 16);
gemmini_extended_mvin2(B + 0x0, 0x3c00, 64, 16);
gemmini_extended_preload(0x3c00, 0x80000000, 16, 16, 16, 16);
gemmini_extended_compute_preloaded(0x0, 0xffffffff, 16, 16, 16, 16);
gemmini_extended_preload(0x3c10, 0x80000010, 16, 16, 16, 16);
gemmini_extended_compute_preloaded(0x0, 0xffffffff, 16, 16, 16, 16);
gemmini_extended_preload(0x3c20, 0x80000020, 16, 16, 16, 16);
gemmini_extended_compute_preloaded(0x0, 0xffffffff, 16, 16, 16, 16);
gemmini_extended_preload(0x3c30, 0x80000030, 16, 16, 16, 16);
gemmini_extended_compute_preloaded(0x0, 0xffffffff, 16, 16, 16, 16);
gemmini_extended_mvin2(B + 0x40, 0x3c40, 64, 16);
gemmini_extended_preload(0x3c40, 0x80000040, 16, 16, 16, 16);
gemmini_extended_compute_preloaded(0x0, 0xffffffff, 16, 16, 16, 16);
gemmini_extended_preload(0x3c50, 0x80000050, 16, 16, 16, 16);
gemmini_extended_compute_preloaded(0x0, 0xffffffff, 16, 16, 16, 16);
gemmini_extended_preload(0x3c60, 0x80000060, 16, 16, 16, 16);
gemmini_extended_compute_preloaded(0x0, 0xffffffff, 16, 16, 16, 16);
gemmini_extended_preload(0x3c70, 0x80000070, 16, 16, 16, 16);
gemmini_extended_compute_preloaded(0x0, 0xffffffff, 16, 16, 16, 16);
gemmini_extended_mvin2(B + 0x80, 0x3c80, 64, 16);
gemmini_extended_preload(0x3c80, 0x80000080, 16, 16, 16, 16);
gemmini_extended_compute_preloaded(0x0, 0xffffffff, 16, 16, 16, 16);
gemmini_extended_preload(0x3c90, 0x80000090, 16, 16, 16, 16);
gemmini_extended_compute_preloaded(0x0, 0xffffffff, 16, 16, 16, 16);
gemmini_extended_preload(0x3ca0, 0x800000a0, 16, 16, 16, 16);
gemmini_extended_compute_preloaded(0x0, 0xffffffff, 16, 16, 16, 16);
gemmini_extended_preload(0x3cb0, 0x800000b0, 16, 16, 16, 16);
gemmini_extended_compute_preloaded(0x0, 0xffffffff, 16, 16, 16, 16);
gemmini_extended_mvin2(B + 0xc0, 0x3cc0, 64, 16);
gemmini_extended_preload(0x3cc0, 0x800000c0, 16, 16, 16, 16);
gemmini_extended_compute_preloaded(0x0, 0xffffffff, 16, 16, 16, 16);
gemmini_extended_preload(0x3cd0, 0x800000d0, 16, 16, 16, 16);
gemmini_extended_compute_preloaded(0x0, 0xffffffff, 16, 16, 16, 16);
gemmini_extended_preload(0x3ce0, 0x800000e0, 16, 16, 16, 16);
gemmini_extended_compute_preloaded(0x0, 0xffffffff, 16, 16, 16, 16);
gemmini_extended_preload(0x3cf0, 0x800000f0, 16, 16, 16, 16);
gemmini_extended_compute_preloaded(0x0, 0xffffffff, 16, 16, 16, 16);
gemmini_extended_mvin2(B + 0x1000, 0x3d00, 64, 16);
gemmini_extended_preload(0x3d00, 0xc0000000, 16, 16, 16, 16);
gemmini_extended_compute_preloaded(0x10, 0xffffffff, 16, 16, 16, 16);
gemmini_extended_preload(0x3d10, 0xc0000010, 16, 16, 16, 16);
gemmini_extended_compute_preloaded(0x10, 0xffffffff, 16, 16, 16, 16);
gemmini_extended_preload(0x3d20, 0xc0000020, 16, 16, 16, 16);
gemmini_extended_compute_preloaded(0x10, 0xffffffff, 16, 16, 16, 16);
gemmini_extended_preload(0x3d30, 0xc0000030, 16, 16, 16, 16);
gemmini_extended_compute_preloaded(0x10, 0xffffffff, 16, 16, 16, 16);
gemmini_extended_mvin2(B + 0x1040, 0x3d40, 64, 16);
gemmini_extended_preload(0x3d40, 0xc0000040, 16, 16, 16, 16);
gemmini_extended_compute_preloaded(0x10, 0xffffffff, 16, 16, 16, 16);
gemmini_extended_preload(0x3d50, 0xc0000050, 16, 16, 16, 16);
gemmini_extended_compute_preloaded(0x10, 0xffffffff, 16, 16, 16, 16);
gemmini_extended_preload(0x3d60, 0xc0000060, 16, 16, 16, 16);
gemmini_extended_compute_preloaded(0x10, 0xffffffff, 16, 16, 16, 16);
gemmini_extended_preload(0x3d70, 0xc0000070, 16, 16, 16, 16);
gemmini_extended_compute_preloaded(0x10, 0xffffffff, 16, 16, 16, 16);
gemmini_extended_mvin2(B + 0x1080, 0x3d80, 64, 16);
gemmini_extended_preload(0x3d80, 0xc0000080, 16, 16, 16, 16);
gemmini_extended_compute_preloaded(0x10, 0xffffffff, 16, 16, 16, 16);
gemmini_extended_preload(0x3d90, 0xc0000090, 16, 16, 16, 16);
gemmini_extended_compute_preloaded(0x10, 0xffffffff, 16, 16, 16, 16);
gemmini_extended_preload(0x3da0, 0xc00000a0, 16, 16, 16, 16);
gemmini_extended_compute_preloaded(0x10, 0xffffffff, 16, 16, 16, 16);
gemmini_extended_preload(0x3db0, 0xc00000b0, 16, 16, 16, 16);
gemmini_extended_compute_preloaded(0x10, 0xffffffff, 16, 16, 16, 16);
gemmini_extended_mvin2(B + 0x10c0, 0x3dc0, 64, 16);
gemmini_extended_preload(0x3dc0, 0xc00000c0, 16, 16, 16, 16);
gemmini_extended_compute_preloaded(0x10, 0xffffffff, 16, 16, 16, 16);
gemmini_extended_preload(0x3dd0, 0xc00000d0, 16, 16, 16, 16);
gemmini_extended_compute_preloaded(0x10, 0xffffffff, 16, 16, 16, 16);
gemmini_extended_preload(0x3de0, 0xc00000e0, 16, 16, 16, 16);
gemmini_extended_compute_preloaded(0x10, 0xffffffff, 16, 16, 16, 16);
gemmini_extended_preload(0x3df0, 0xc00000f0, 16, 16, 16, 16);
gemmini_extended_compute_preloaded(0x10, 0xffffffff, 16, 16, 16, 16);
gemmini_extended_mvin2(B + 0x2000, 0x3e00, 64, 16);
gemmini_extended_preload(0x3e00, 0xc0000000, 16, 16, 16, 16);
gemmini_extended_compute_preloaded(0x20, 0xffffffff, 16, 16, 16, 16);
gemmini_extended_preload(0x3e10, 0xc0000010, 16, 16, 16, 16);
gemmini_extended_compute_preloaded(0x20, 0xffffffff, 16, 16, 16, 16);
gemmini_extended_preload(0x3e20, 0xc0000020, 16, 16, 16, 16);
gemmini_extended_compute_preloaded(0x20, 0xffffffff, 16, 16, 16, 16);
gemmini_extended_preload(0x3e30, 0xc0000030, 16, 16, 16, 16);
gemmini_extended_compute_preloaded(0x20, 0xffffffff, 16, 16, 16, 16);
gemmini_extended_mvin2(B + 0x2040, 0x3e40, 64, 16);
gemmini_extended_preload(0x3e40, 0xc0000040, 16, 16, 16, 16);
gemmini_extended_compute_preloaded(0x20, 0xffffffff, 16, 16, 16, 16);
gemmini_extended_preload(0x3e50, 0xc0000050, 16, 16, 16, 16);
gemmini_extended_compute_preloaded(0x20, 0xffffffff, 16, 16, 16, 16);
gemmini_extended_preload(0x3e60, 0xc0000060, 16, 16, 16, 16);
gemmini_extended_compute_preloaded(0x20, 0xffffffff, 16, 16, 16, 16);
gemmini_extended_preload(0x3e70, 0xc0000070, 16, 16, 16, 16);
gemmini_extended_compute_preloaded(0x20, 0xffffffff, 16, 16, 16, 16);
gemmini_extended_mvin2(B + 0x2080, 0x3e80, 64, 16);
gemmini_extended_preload(0x3e80, 0xc0000080, 16, 16, 16, 16);
gemmini_extended_compute_preloaded(0x20, 0xffffffff, 16, 16, 16, 16);
gemmini_extended_preload(0x3e90, 0xc0000090, 16, 16, 16, 16);
gemmini_extended_compute_preloaded(0x20, 0xffffffff, 16, 16, 16, 16);
gemmini_extended_preload(0x3ea0, 0xc00000a0, 16, 16, 16, 16);
gemmini_extended_compute_preloaded(0x20, 0xffffffff, 16, 16, 16, 16);
gemmini_extended_preload(0x3eb0, 0xc00000b0, 16, 16, 16, 16);
gemmini_extended_compute_preloaded(0x20, 0xffffffff, 16, 16, 16, 16);
gemmini_extended_mvin2(B + 0x20c0, 0x3ec0, 64, 16);
gemmini_extended_preload(0x3ec0, 0xc00000c0, 16, 16, 16, 16);
gemmini_extended_compute_preloaded(0x20, 0xffffffff, 16, 16, 16, 16);
gemmini_extended_preload(0x3ed0, 0xc00000d0, 16, 16, 16, 16);
gemmini_extended_compute_preloaded(0x20, 0xffffffff, 16, 16, 16, 16);
gemmini_extended_preload(0x3ee0, 0xc00000e0, 16, 16, 16, 16);
gemmini_extended_compute_preloaded(0x20, 0xffffffff, 16, 16, 16, 16);
gemmini_extended_preload(0x3ef0, 0xc00000f0, 16, 16, 16, 16);
gemmini_extended_compute_preloaded(0x20, 0xffffffff, 16, 16, 16, 16);
gemmini_extended_mvin2(B + 0x3000, 0x3f00, 64, 16);
gemmini_extended_preload(0x3f00, 0xc0000000, 16, 16, 16, 16);
gemmini_extended_compute_preloaded(0x30, 0xffffffff, 16, 16, 16, 16);
gemmini_extended_preload(0x3f10, 0xc0000010, 16, 16, 16, 16);
gemmini_extended_compute_preloaded(0x30, 0xffffffff, 16, 16, 16, 16);
gemmini_extended_preload(0x3f20, 0xc0000020, 16, 16, 16, 16);
gemmini_extended_compute_preloaded(0x30, 0xffffffff, 16, 16, 16, 16);
gemmini_extended_preload(0x3f30, 0xc0000030, 16, 16, 16, 16);
gemmini_extended_compute_preloaded(0x30, 0xffffffff, 16, 16, 16, 16);
gemmini_extended_mvout(C + 0x0, 0xc0000000, 64, 16);
gemmini_extended_mvin2(B + 0x3040, 0x3f40, 64, 16);
gemmini_extended_preload(0x3f40, 0xc0000040, 16, 16, 16, 16);
gemmini_extended_compute_preloaded(0x30, 0xffffffff, 16, 16, 16, 16);
gemmini_extended_preload(0x3f50, 0xc0000050, 16, 16, 16, 16);
gemmini_extended_compute_preloaded(0x30, 0xffffffff, 16, 16, 16, 16);
gemmini_extended_preload(0x3f60, 0xc0000060, 16, 16, 16, 16);
gemmini_extended_compute_preloaded(0x30, 0xffffffff, 16, 16, 16, 16);
gemmini_extended_preload(0x3f70, 0xc0000070, 16, 16, 16, 16);
gemmini_extended_compute_preloaded(0x30, 0xffffffff, 16, 16, 16, 16);
gemmini_extended_mvout(C + 0x40, 0xc0000040, 64, 16);
gemmini_extended_mvin2(B + 0x3080, 0x3f80, 64, 16);
gemmini_extended_preload(0x3f80, 0xc0000080, 16, 16, 16, 16);
gemmini_extended_compute_preloaded(0x30, 0xffffffff, 16, 16, 16, 16);
gemmini_extended_preload(0x3f90, 0xc0000090, 16, 16, 16, 16);
gemmini_extended_compute_preloaded(0x30, 0xffffffff, 16, 16, 16, 16);
gemmini_extended_preload(0x3fa0, 0xc00000a0, 16, 16, 16, 16);
gemmini_extended_compute_preloaded(0x30, 0xffffffff, 16, 16, 16, 16);
gemmini_extended_preload(0x3fb0, 0xc00000b0, 16, 16, 16, 16);
gemmini_extended_compute_preloaded(0x30, 0xffffffff, 16, 16, 16, 16);
gemmini_extended_mvout(C + 0x80, 0xc0000080, 64, 16);
gemmini_extended_mvin2(B + 0x30c0, 0x3fc0, 64, 16);
gemmini_extended_preload(0x3fc0, 0xc00000c0, 16, 16, 16, 16);
gemmini_extended_compute_preloaded(0x30, 0xffffffff, 16, 16, 16, 16);
gemmini_extended_preload(0x3fd0, 0xc00000d0, 16, 16, 16, 16);
gemmini_extended_compute_preloaded(0x30, 0xffffffff, 16, 16, 16, 16);
gemmini_extended_preload(0x3fe0, 0xc00000e0, 16, 16, 16, 16);
gemmini_extended_compute_preloaded(0x30, 0xffffffff, 16, 16, 16, 16);
gemmini_extended_preload(0x3ff0, 0xc00000f0, 16, 16, 16, 16);
gemmini_extended_compute_preloaded(0x30, 0xffffffff, 16, 16, 16, 16);
gemmini_extended_mvout(C + 0xc0, 0xc00000c0, 64, 16);
gemmini_extended_config_ex(WS, 0, 0, 1, 0, 0);
gemmini_extended_config_st(256, 0, ACC_SCALE_IDENTITY);
gemmini_extended3_config_ld(64, MVIN_SCALE_IDENTITY, 0, 0);
gemmini_extended3_config_ld(256, MVIN_SCALE_IDENTITY, 0, 1);
gemmini_extended3_config_ld(1024, MVIN_SCALE_IDENTITY, 0, 2);
gemmini_extended_mvin(A + 0x0, 0x0, 64, 16);
gemmini_extended_mvin2(B + 0x0, 0x3c00, 64, 16);
gemmini_extended_preload(0x3c00, 0x80000000, 16, 16, 16, 16);
gemmini_extended_compute_preloaded(0x0, 0xffffffff, 16, 16, 16, 16);
gemmini_extended_preload(0x3c10, 0x80000010, 16, 16, 16, 16);
gemmini_extended_compute_preloaded(0x0, 0xffffffff, 16, 16, 16, 16);
gemmini_extended_preload(0x3c20, 0x80000020, 16, 16, 16, 16);
gemmini_extended_compute_preloaded(0x0, 0xffffffff, 16, 16, 16, 16);
gemmini_extended_preload(0x3c30, 0x80000030, 16, 16, 16, 16);
gemmini_extended_compute_preloaded(0x0, 0xffffffff, 16, 16, 16, 16);
gemmini_extended_mvin2(B + 0x40, 0x3c40, 64, 16);
gemmini_extended_preload(0x3c40, 0x80000040, 16, 16, 16, 16);
gemmini_extended_compute_preloaded(0x0, 0xffffffff, 16, 16, 16, 16);
gemmini_extended_preload(0x3c50, 0x80000050, 16, 16, 16, 16);
gemmini_extended_compute_preloaded(0x0, 0xffffffff, 16, 16, 16, 16);
gemmini_extended_preload(0x3c60, 0x80000060, 16, 16, 16, 16);
gemmini_extended_compute_preloaded(0x0, 0xffffffff, 16, 16, 16, 16);
gemmini_extended_preload(0x3c70, 0x80000070, 16, 16, 16, 16);
gemmini_extended_compute_preloaded(0x0, 0xffffffff, 16, 16, 16, 16);
gemmini_extended_mvin2(B + 0x80, 0x3c80, 64, 16);
gemmini_extended_preload(0x3c80, 0x80000080, 16, 16, 16, 16);
gemmini_extended_compute_preloaded(0x0, 0xffffffff, 16, 16, 16, 16);
gemmini_extended_preload(0x3c90, 0x80000090, 16, 16, 16, 16);
gemmini_extended_compute_preloaded(0x0, 0xffffffff, 16, 16, 16, 16);
gemmini_extended_preload(0x3ca0, 0x800000a0, 16, 16, 16, 16);
gemmini_extended_compute_preloaded(0x0, 0xffffffff, 16, 16, 16, 16);
gemmini_extended_preload(0x3cb0, 0x800000b0, 16, 16, 16, 16);
gemmini_extended_compute_preloaded(0x0, 0xffffffff, 16, 16, 16, 16);
gemmini_extended_mvin2(B + 0xc0, 0x3cc0, 64, 16);
gemmini_extended_preload(0x3cc0, 0x800000c0, 16, 16, 16, 16);
gemmini_extended_compute_preloaded(0x0, 0xffffffff, 16, 16, 16, 16);
gemmini_extended_preload(0x3cd0, 0x800000d0, 16, 16, 16, 16);
gemmini_extended_compute_preloaded(0x0, 0xffffffff, 16, 16, 16, 16);
gemmini_extended_preload(0x3ce0, 0x800000e0, 16, 16, 16, 16);
gemmini_extended_compute_preloaded(0x0, 0xffffffff, 16, 16, 16, 16);
gemmini_extended_preload(0x3cf0, 0x800000f0, 16, 16, 16, 16);
gemmini_extended_compute_preloaded(0x0, 0xffffffff, 16, 16, 16, 16);
gemmini_extended_mvin2(B + 0x1000, 0x3d00, 64, 16);
gemmini_extended_preload(0x3d00, 0xc0000000, 16, 16, 16, 16);
gemmini_extended_compute_preloaded(0x10, 0xffffffff, 16, 16, 16, 16);
gemmini_extended_preload(0x3d10, 0xc0000010, 16, 16, 16, 16);
gemmini_extended_compute_preloaded(0x10, 0xffffffff, 16, 16, 16, 16);
gemmini_extended_preload(0x3d20, 0xc0000020, 16, 16, 16, 16);
gemmini_extended_compute_preloaded(0x10, 0xffffffff, 16, 16, 16, 16);
gemmini_extended_preload(0x3d30, 0xc0000030, 16, 16, 16, 16);
gemmini_extended_compute_preloaded(0x10, 0xffffffff, 16, 16, 16, 16);
gemmini_extended_mvin2(B + 0x1040, 0x3d40, 64, 16);
gemmini_extended_preload(0x3d40, 0xc0000040, 16, 16, 16, 16);
gemmini_extended_compute_preloaded(0x10, 0xffffffff, 16, 16, 16, 16);
gemmini_extended_preload(0x3d50, 0xc0000050, 16, 16, 16, 16);
gemmini_extended_compute_preloaded(0x10, 0xffffffff, 16, 16, 16, 16);
gemmini_extended_preload(0x3d60, 0xc0000060, 16, 16, 16, 16);
gemmini_extended_compute_preloaded(0x10, 0xffffffff, 16, 16, 16, 16);
gemmini_extended_preload(0x3d70, 0xc0000070, 16, 16, 16, 16);
gemmini_extended_compute_preloaded(0x10, 0xffffffff, 16, 16, 16, 16);
gemmini_extended_mvin2(B + 0x1080, 0x3d80, 64, 16);
gemmini_extended_preload(0x3d80, 0xc0000080, 16, 16, 16, 16);
gemmini_extended_compute_preloaded(0x10, 0xffffffff, 16, 16, 16, 16);
gemmini_extended_preload(0x3d90, 0xc0000090, 16, 16, 16, 16);
gemmini_extended_compute_preloaded(0x10, 0xffffffff, 16, 16, 16, 16);
gemmini_extended_preload(0x3da0, 0xc00000a0, 16, 16, 16, 16);
gemmini_extended_compute_preloaded(0x10, 0xffffffff, 16, 16, 16, 16);
gemmini_extended_preload(0x3db0, 0xc00000b0, 16, 16, 16, 16);
gemmini_extended_compute_preloaded(0x10, 0xffffffff, 16, 16, 16, 16);
gemmini_extended_mvin2(B + 0x10c0, 0x3dc0, 64, 16);
gemmini_extended_preload(0x3dc0, 0xc00000c0, 16, 16, 16, 16);
gemmini_extended_compute_preloaded(0x10, 0xffffffff, 16, 16, 16, 16);
gemmini_extended_preload(0x3dd0, 0xc00000d0, 16, 16, 16, 16);
gemmini_extended_compute_preloaded(0x10, 0xffffffff, 16, 16, 16, 16);
gemmini_extended_preload(0x3de0, 0xc00000e0, 16, 16, 16, 16);
gemmini_extended_compute_preloaded(0x10, 0xffffffff, 16, 16, 16, 16);
gemmini_extended_preload(0x3df0, 0xc00000f0, 16, 16, 16, 16);
gemmini_extended_compute_preloaded(0x10, 0xffffffff, 16, 16, 16, 16);
gemmini_extended_mvin2(B + 0x2000, 0x3e00, 64, 16);
gemmini_extended_preload(0x3e00, 0xc0000000, 16, 16, 16, 16);
gemmini_extended_compute_preloaded(0x20, 0xffffffff, 16, 16, 16, 16);
gemmini_extended_preload(0x3e10, 0xc0000010, 16, 16, 16, 16);
gemmini_extended_compute_preloaded(0x20, 0xffffffff, 16, 16, 16, 16);
gemmini_extended_preload(0x3e20, 0xc0000020, 16, 16, 16, 16);
gemmini_extended_compute_preloaded(0x20, 0xffffffff, 16, 16, 16, 16);
gemmini_extended_preload(0x3e30, 0xc0000030, 16, 16, 16, 16);
gemmini_extended_compute_preloaded(0x20, 0xffffffff, 16, 16, 16, 16);
gemmini_extended_mvin2(B + 0x2040, 0x3e40, 64, 16);
gemmini_extended_preload(0x3e40, 0xc0000040, 16, 16, 16, 16);
gemmini_extended_compute_preloaded(0x20, 0xffffffff, 16, 16, 16, 16);
gemmini_extended_preload(0x3e50, 0xc0000050, 16, 16, 16, 16);
gemmini_extended_compute_preloaded(0x20, 0xffffffff, 16, 16, 16, 16);
gemmini_extended_preload(0x3e60, 0xc0000060, 16, 16, 16, 16);
gemmini_extended_compute_preloaded(0x20, 0xffffffff, 16, 16, 16, 16);
gemmini_extended_preload(0x3e70, 0xc0000070, 16, 16, 16, 16);
gemmini_extended_compute_preloaded(0x20, 0xffffffff, 16, 16, 16, 16);
gemmini_extended_mvin2(B + 0x2080, 0x3e80, 64, 16);
gemmini_extended_preload(0x3e80, 0xc0000080, 16, 16, 16, 16);
gemmini_extended_compute_preloaded(0x20, 0xffffffff, 16, 16, 16, 16);
gemmini_extended_preload(0x3e90, 0xc0000090, 16, 16, 16, 16);
gemmini_extended_compute_preloaded(0x20, 0xffffffff, 16, 16, 16, 16);
gemmini_extended_preload(0x3ea0, 0xc00000a0, 16, 16, 16, 16);
gemmini_extended_compute_preloaded(0x20, 0xffffffff, 16, 16, 16, 16);
gemmini_extended_preload(0x3eb0, 0xc00000b0, 16, 16, 16, 16);
gemmini_extended_compute_preloaded(0x20, 0xffffffff, 16, 16, 16, 16);
gemmini_extended_mvin2(B + 0x20c0, 0x3ec0, 64, 16);
gemmini_extended_preload(0x3ec0, 0xc00000c0, 16, 16, 16, 16);
gemmini_extended_compute_preloaded(0x20, 0xffffffff, 16, 16, 16, 16);
gemmini_extended_preload(0x3ed0, 0xc00000d0, 16, 16, 16, 16);
gemmini_extended_compute_preloaded(0x20, 0xffffffff, 16, 16, 16, 16);
gemmini_extended_preload(0x3ee0, 0xc00000e0, 16, 16, 16, 16);
gemmini_extended_compute_preloaded(0x20, 0xffffffff, 16, 16, 16, 16);
gemmini_extended_preload(0x3ef0, 0xc00000f0, 16, 16, 16, 16);
gemmini_extended_compute_preloaded(0x20, 0xffffffff, 16, 16, 16, 16);
gemmini_extended_mvin2(B + 0x3000, 0x3f00, 64, 16);
gemmini_extended_preload(0x3f00, 0xc0000000, 16, 16, 16, 16);
gemmini_extended_compute_preloaded(0x30, 0xffffffff, 16, 16, 16, 16);
gemmini_extended_preload(0x3f10, 0xc0000010, 16, 16, 16, 16);
gemmini_extended_compute_preloaded(0x30, 0xffffffff, 16, 16, 16, 16);
gemmini_extended_preload(0x3f20, 0xc0000020, 16, 16, 16, 16);
gemmini_extended_compute_preloaded(0x30, 0xffffffff, 16, 16, 16, 16);
gemmini_extended_preload(0x3f30, 0xc0000030, 16, 16, 16, 16);
gemmini_extended_compute_preloaded(0x30, 0xffffffff, 16, 16, 16, 16);
gemmini_extended_mvout(C + 0x0, 0xc0000000, 64, 16);
gemmini_extended_mvin2(B + 0x3040, 0x3f40, 64, 16);
gemmini_extended_preload(0x3f40, 0xc0000040, 16, 16, 16, 16);
gemmini_extended_compute_preloaded(0x30, 0xffffffff, 16, 16, 16, 16);
gemmini_extended_preload(0x3f50, 0xc0000050, 16, 16, 16, 16);
gemmini_extended_compute_preloaded(0x30, 0xffffffff, 16, 16, 16, 16);
gemmini_extended_preload(0x3f60, 0xc0000060, 16, 16, 16, 16);
gemmini_extended_compute_preloaded(0x30, 0xffffffff, 16, 16, 16, 16);
gemmini_extended_preload(0x3f70, 0xc0000070, 16, 16, 16, 16);
gemmini_extended_compute_preloaded(0x30, 0xffffffff, 16, 16, 16, 16);
gemmini_extended_mvout(C + 0x40, 0xc0000040, 64, 16);
gemmini_extended_mvin2(B + 0x3080, 0x3f80, 64, 16);
gemmini_extended_preload(0x3f80, 0xc0000080, 16, 16, 16, 16);
gemmini_extended_compute_preloaded(0x30, 0xffffffff, 16, 16, 16, 16);
gemmini_extended_preload(0x3f90, 0xc0000090, 16, 16, 16, 16);
gemmini_extended_compute_preloaded(0x30, 0xffffffff, 16, 16, 16, 16);
gemmini_extended_preload(0x3fa0, 0xc00000a0, 16, 16, 16, 16);
gemmini_extended_compute_preloaded(0x30, 0xffffffff, 16, 16, 16, 16);
gemmini_extended_preload(0x3fb0, 0xc00000b0, 16, 16, 16, 16);
gemmini_extended_compute_preloaded(0x30, 0xffffffff, 16, 16, 16, 16);
gemmini_extended_mvout(C + 0x80, 0xc0000080, 64, 16);
gemmini_extended_mvin2(B + 0x30c0, 0x3fc0, 64, 16);
gemmini_extended_preload(0x3fc0, 0xc00000c0, 16, 16, 16, 16);
gemmini_extended_compute_preloaded(0x30, 0xffffffff, 16, 16, 16, 16);
gemmini_extended_preload(0x3fd0, 0xc00000d0, 16, 16, 16, 16);
gemmini_extended_compute_preloaded(0x30, 0xffffffff, 16, 16, 16, 16);
gemmini_extended_preload(0x3fe0, 0xc00000e0, 16, 16, 16, 16);
gemmini_extended_compute_preloaded(0x30, 0xffffffff, 16, 16, 16, 16);
gemmini_extended_preload(0x3ff0, 0xc00000f0, 16, 16, 16, 16);
gemmini_extended_compute_preloaded(0x30, 0xffffffff, 16, 16, 16, 16);
gemmini_extended_mvout(C + 0xc0, 0xc00000c0, 64, 16);
Setup cycles taken: 138511
Cycles taken: 10901097
Gemmini extension configured with:
    dim = 16
